Archive member included to satisfy reference by file (symbol)

c:/st/stm32cubeide_1.3.0/stm32cubeide/plugins/com.st.stm32cube.ide.mcu.externaltools.gnu-tools-for-stm32.7-2018-q2-update.win32_1.5.0.202011040924/tools/bin/../lib/gcc/arm-none-eabi/7.3.1/../../../../arm-none-eabi/lib/thumb/v7e-m/fpv4-sp/hard\libc_nano.a(lib_a-errno.o)
                              Core/Src/syscalls.o (__errno)
c:/st/stm32cubeide_1.3.0/stm32cubeide/plugins/com.st.stm32cube.ide.mcu.externaltools.gnu-tools-for-stm32.7-2018-q2-update.win32_1.5.0.202011040924/tools/bin/../lib/gcc/arm-none-eabi/7.3.1/../../../../arm-none-eabi/lib/thumb/v7e-m/fpv4-sp/hard\libc_nano.a(lib_a-exit.o)
                              c:/st/stm32cubeide_1.3.0/stm32cubeide/plugins/com.st.stm32cube.ide.mcu.externaltools.gnu-tools-for-stm32.7-2018-q2-update.win32_1.5.0.202011040924/tools/bin/../lib/gcc/arm-none-eabi/7.3.1/../../../../arm-none-eabi/lib/thumb/v7e-m/fpv4-sp/hard/crt0.o (exit)
c:/st/stm32cubeide_1.3.0/stm32cubeide/plugins/com.st.stm32cube.ide.mcu.externaltools.gnu-tools-for-stm32.7-2018-q2-update.win32_1.5.0.202011040924/tools/bin/../lib/gcc/arm-none-eabi/7.3.1/../../../../arm-none-eabi/lib/thumb/v7e-m/fpv4-sp/hard\libc_nano.a(lib_a-impure.o)
                              c:/st/stm32cubeide_1.3.0/stm32cubeide/plugins/com.st.stm32cube.ide.mcu.externaltools.gnu-tools-for-stm32.7-2018-q2-update.win32_1.5.0.202011040924/tools/bin/../lib/gcc/arm-none-eabi/7.3.1/../../../../arm-none-eabi/lib/thumb/v7e-m/fpv4-sp/hard\libc_nano.a(lib_a-exit.o) (_global_impure_ptr)
c:/st/stm32cubeide_1.3.0/stm32cubeide/plugins/com.st.stm32cube.ide.mcu.externaltools.gnu-tools-for-stm32.7-2018-q2-update.win32_1.5.0.202011040924/tools/bin/../lib/gcc/arm-none-eabi/7.3.1/../../../../arm-none-eabi/lib/thumb/v7e-m/fpv4-sp/hard\libc_nano.a(lib_a-init.o)
                              c:/st/stm32cubeide_1.3.0/stm32cubeide/plugins/com.st.stm32cube.ide.mcu.externaltools.gnu-tools-for-stm32.7-2018-q2-update.win32_1.5.0.202011040924/tools/bin/../lib/gcc/arm-none-eabi/7.3.1/../../../../arm-none-eabi/lib/thumb/v7e-m/fpv4-sp/hard/crt0.o (__libc_init_array)
c:/st/stm32cubeide_1.3.0/stm32cubeide/plugins/com.st.stm32cube.ide.mcu.externaltools.gnu-tools-for-stm32.7-2018-q2-update.win32_1.5.0.202011040924/tools/bin/../lib/gcc/arm-none-eabi/7.3.1/../../../../arm-none-eabi/lib/thumb/v7e-m/fpv4-sp/hard\libc_nano.a(lib_a-memcpy-stub.o)
                              Core/Src/xCommand.o (memcpy)
c:/st/stm32cubeide_1.3.0/stm32cubeide/plugins/com.st.stm32cube.ide.mcu.externaltools.gnu-tools-for-stm32.7-2018-q2-update.win32_1.5.0.202011040924/tools/bin/../lib/gcc/arm-none-eabi/7.3.1/../../../../arm-none-eabi/lib/thumb/v7e-m/fpv4-sp/hard\libc_nano.a(lib_a-memset.o)
                              c:/st/stm32cubeide_1.3.0/stm32cubeide/plugins/com.st.stm32cube.ide.mcu.externaltools.gnu-tools-for-stm32.7-2018-q2-update.win32_1.5.0.202011040924/tools/bin/../lib/gcc/arm-none-eabi/7.3.1/../../../../arm-none-eabi/lib/thumb/v7e-m/fpv4-sp/hard/crt0.o (memset)
c:/st/stm32cubeide_1.3.0/stm32cubeide/plugins/com.st.stm32cube.ide.mcu.externaltools.gnu-tools-for-stm32.7-2018-q2-update.win32_1.5.0.202011040924/tools/bin/../lib/gcc/arm-none-eabi/7.3.1/../../../../arm-none-eabi/lib/thumb/v7e-m/fpv4-sp/hard\libc_nano.a(lib_a-strcpy.o)
                              Core/Src/acis.o (strcpy)
c:/st/stm32cubeide_1.3.0/stm32cubeide/plugins/com.st.stm32cube.ide.mcu.externaltools.gnu-tools-for-stm32.7-2018-q2-update.win32_1.5.0.202011040924/tools/bin/../lib/gcc/arm-none-eabi/7.3.1/thumb/v7e-m/fpv4-sp/hard\libgcc.a(_arm_addsubdf3.o)
                              Core/Src/acis.o (__aeabi_f2d)
c:/st/stm32cubeide_1.3.0/stm32cubeide/plugins/com.st.stm32cube.ide.mcu.externaltools.gnu-tools-for-stm32.7-2018-q2-update.win32_1.5.0.202011040924/tools/bin/../lib/gcc/arm-none-eabi/7.3.1/thumb/v7e-m/fpv4-sp/hard\libgcc.a(_arm_muldivdf3.o)
                              Core/Src/acis.o (__aeabi_dmul)
c:/st/stm32cubeide_1.3.0/stm32cubeide/plugins/com.st.stm32cube.ide.mcu.externaltools.gnu-tools-for-stm32.7-2018-q2-update.win32_1.5.0.202011040924/tools/bin/../lib/gcc/arm-none-eabi/7.3.1/thumb/v7e-m/fpv4-sp/hard\libgcc.a(_arm_truncdfsf2.o)
                              Core/Src/acis.o (__aeabi_d2f)
c:/st/stm32cubeide_1.3.0/stm32cubeide/plugins/com.st.stm32cube.ide.mcu.externaltools.gnu-tools-for-stm32.7-2018-q2-update.win32_1.5.0.202011040924/tools/bin/../lib/gcc/arm-none-eabi/7.3.1/thumb/v7e-m/fpv4-sp/hard\libgcc.a(_aeabi_uldivmod.o)
                              Drivers/STM32F7xx_HAL_Driver/Src/stm32f7xx_hal_rcc.o (__aeabi_uldivmod)
c:/st/stm32cubeide_1.3.0/stm32cubeide/plugins/com.st.stm32cube.ide.mcu.externaltools.gnu-tools-for-stm32.7-2018-q2-update.win32_1.5.0.202011040924/tools/bin/../lib/gcc/arm-none-eabi/7.3.1/thumb/v7e-m/fpv4-sp/hard\libgcc.a(_udivmoddi4.o)
[...]
Memory Configuration

Name             Origin             Length             Attributes
RAM              0x0000000020010000 0x0000000000030000 xrw
RAM_ITCM         0x0000000020000000 0x0000000000010000 xrw
FLASH            0x0000000008000000 0x0000000000080000 xr
*default*        0x0000000000000000 0xffffffffffffffff

Linker script and memory map

LOAD c:/st/stm32cubeide_1.3.0/stm32cubeide/plugins/com.st.stm32cube.ide.mcu.externaltools.gnu-tools-for-stm32.7-2018-q2-update.win32_1.5.0.202011040924/tools/bin/../lib/gcc/arm-none-eabi/7.3.1/thumb/v7e-m/fpv4-sp/hard/crti.o
LOAD c:/st/stm32cubeide_1.3.0/stm32cubeide/plugins/com.st.stm32cube.ide.mcu.externaltools.gnu-tools-for-stm32.7-2018-q2-update.win32_1.5.0.202011040924/tools/bin/../lib/gcc/arm-none-eabi/7.3.1/thumb/v7e-m/fpv4-sp/hard/crtbegin.o
LOAD c:/st/stm32cubeide_1.3.0/stm32cubeide/plugins/com.st.stm32cube.ide.mcu.externaltools.gnu-tools-for-stm32.7-2018-q2-update.win32_1.5.0.202011040924/tools/bin/../lib/gcc/arm-none-eabi/7.3.1/../../../../arm-none-eabi/lib/thumb/v7e-m/fpv4-sp/hard/crt0.o
LOAD Common/packets.o
LOAD Core/Src/acis.o
LOAD Core/Src/config.o
LOAD Core/Src/crc.o
LOAD Core/Src/csps.o
LOAD Core/Src/delay.o
LOAD Core/Src/main.o
LOAD Core/Src/map.o
LOAD Core/Src/sst25vf032b.o
LOAD Core/Src/stm32f7xx_hal_msp.o
LOAD Core/Src/stm32f7xx_it.o
LOAD Core/Src/syscalls.o
LOAD Core/Src/sysmem.o
LOAD Core/Src/system_stm32f7xx.o
LOAD Core/Src/xCommand.o
LOAD Core/Src/xProFIFO.o
LOAD Core/Startup/startup_stm32f722retx.o
LOAD Drivers/STM32F7xx_HAL_Driver/Src/stm32f7xx_hal.o
LOAD Drivers/STM32F7xx_HAL_Driver/Src/stm32f7xx_hal_adc.o
LOAD Drivers/STM32F7xx_HAL_Driver/Src/stm32f7xx_hal_adc_ex.o
LOAD Drivers/STM32F7xx_HAL_Driver/Src/stm32f7xx_hal_cortex.o
LOAD Drivers/STM32F7xx_HAL_Driver/Src/stm32f7xx_hal_crc.o
LOAD Drivers/STM32F7xx_HAL_Driver/Src/stm32f7xx_hal_crc_ex.o
LOAD Drivers/STM32F7xx_HAL_Driver/Src/stm32f7xx_hal_dma.o
LOAD Drivers/STM32F7xx_HAL_Driver/Src/stm32f7xx_hal_dma_ex.o
LOAD Drivers/STM32F7xx_HAL_Driver/Src/stm32f7xx_hal_exti.o
LOAD Drivers/STM32F7xx_HAL_Driver/Src/stm32f7xx_hal_flash.o
LOAD Drivers/STM32F7xx_HAL_Driver/Src/stm32f7xx_hal_flash_ex.o
LOAD Drivers/STM32F7xx_HAL_Driver/Src/stm32f7xx_hal_gpio.o
LOAD Drivers/STM32F7xx_HAL_Driver/Src/stm32f7xx_hal_i2c.o
LOAD Drivers/STM32F7xx_HAL_Driver/Src/stm32f7xx_hal_i2c_ex.o
LOAD Drivers/STM32F7xx_HAL_Driver/Src/stm32f7xx_hal_iwdg.o
LOAD Drivers/STM32F7xx_HAL_Driver/Src/stm32f7xx_hal_pwr.o
LOAD Drivers/STM32F7xx_HAL_Driver/Src/stm32f7xx_hal_pwr_ex.o
LOAD Drivers/STM32F7xx_HAL_Driver/Src/stm32f7xx_hal_rcc.o
LOAD Drivers/STM32F7xx_HAL_Driver/Src/stm32f7xx_hal_rcc_ex.o
LOAD Drivers/STM32F7xx_HAL_Driver/Src/stm32f7xx_hal_rng.o
LOAD Drivers/STM32F7xx_HAL_Driver/Src/stm32f7xx_hal_spi.o
LOAD Drivers/STM32F7xx_HAL_Driver/Src/stm32f7xx_hal_spi_ex.o
LOAD Drivers/STM32F7xx_HAL_Driver/Src/stm32f7xx_hal_tim.o
LOAD Drivers/STM32F7xx_HAL_Driver/Src/stm32f7xx_hal_tim_ex.o
LOAD Drivers/STM32F7xx_HAL_Driver/Src/stm32f7xx_hal_uart.o
LOAD Drivers/STM32F7xx_HAL_Driver/Src/stm32f7xx_hal_uart_ex.o
START GROUP
LOAD c:/st/stm32cubeide_1.3.0/stm32cubeide/plugins/com.st.stm32cube.ide.mcu.externaltools.gnu-tools-for-stm32.7-2018-q2-update.win32_1.5.0.202011040924/tools/bin/../lib/gcc/arm-none-eabi/7.3.1/../../../../arm-none-eabi/lib/thumb/v7e-m/fpv4-sp/hard\libc_nano.a
LOAD c:/st/stm32cubeide_1.3.0/stm32cubeide/plugins/com.st.stm32cube.ide.mcu.externaltools.gnu-tools-for-stm32.7-2018-q2-update.win32_1.5.0.202011040924/tools/bin/../lib/gcc/arm-none-eabi/7.3.1/../../../../arm-none-eabi/lib/thumb/v7e-m/fpv4-sp/hard\libm.a
END GROUP
START GROUP
LOAD c:/st/stm32cubeide_1.3.0/stm32cubeide/plugins/com.st.stm32cube.ide.mcu.externaltools.gnu-tools-for-stm32.7-2018-q2-update.win32_1.5.0.202011040924/tools/bin/../lib/gcc/arm-none-eabi/7.3.1/thumb/v7e-m/fpv4-sp/hard\libgcc.a
LOAD c:/st/stm32cubeide_1.3.0/stm32cubeide/plugins/com.st.stm32cube.ide.mcu.externaltools.gnu-tools-for-stm32.7-2018-q2-update.win32_1.5.0.202011040924/tools/bin/../lib/gcc/arm-none-eabi/7.3.1/../../../../arm-none-eabi/lib/thumb/v7e-m/fpv4-sp/hard\libc_nano.a
END GROUP
START GROUP
LOAD c:/st/stm32cubeide_1.3.0/stm32cubeide/plugins/com.st.stm32cube.ide.mcu.externaltools.gnu-tools-for-stm32.7-2018-q2-update.win32_1.5.0.202011040924/tools/bin/../lib/gcc/arm-none-eabi/7.3.1/thumb/v7e-m/fpv4-sp/hard\libgcc.a
LOAD c:/st/stm32cubeide_1.3.0/stm32cubeide/plugins/com.st.stm32cube.ide.mcu.externaltools.gnu-tools-for-stm32.7-2018-q2-update.win32_1.5.0.202011040924/tools/bin/../lib/gcc/arm-none-eabi/7.3.1/../../../../arm-none-eabi/lib/thumb/v7e-m/fpv4-sp/hard\libc_nano.a
LOAD c:/st/stm32cubeide_1.3.0/stm32cubeide/plugins/com.st.stm32cube.ide.mcu.externaltools.gnu-tools-for-stm32.7-2018-q2-update.win32_1.5.0.202011040924/tools/bin/../lib/gcc/arm-none-eabi/7.3.1/../../../../arm-none-eabi/lib/thumb/v7e-m/fpv4-sp/hard\libnosys.a
END GROUP
START GROUP
LOAD c:/st/stm32cubeide_1.3.0/stm32cubeide/plugins/com.st.stm32cube.ide.mcu.externaltools.gnu-tools-for-stm32.7-2018-q2-update.win32_1.5.0.202011040924/tools/bin/../lib/gcc/arm-none-eabi/7.3.1/thumb/v7e-m/fpv4-sp/hard\libgcc.a
LOAD c:/st/stm32cubeide_1.3.0/stm32cubeide/plugins/com.st.stm32cube.ide.mcu.externaltools.gnu-tools-for-stm32.7-2018-q2-update.win32_1.5.0.202011040924/tools/bin/../lib/gcc/arm-none-eabi/7.3.1/../../../../arm-none-eabi/lib/thumb/v7e-m/fpv4-sp/hard\libc_nano.a
LOAD c:/st/stm32cubeide_1.3.0/stm32cubeide/plugins/com.st.stm32cube.ide.mcu.externaltools.gnu-tools-for-stm32.7-2018-q2-update.win32_1.5.0.202011040924/tools/bin/../lib/gcc/arm-none-eabi/7.3.1/../../../../arm-none-eabi/lib/thumb/v7e-m/fpv4-sp/hard\libnosys.a
END GROUP
LOAD c:/st/stm32cubeide_1.3.0/stm32cubeide/plugins/com.st.stm32cube.ide.mcu.externaltools.gnu-tools-for-stm32.7-2018-q2-update.win32_1.5.0.202011040924/tools/bin/../lib/gcc/arm-none-eabi/7.3.1/thumb/v7e-m/fpv4-sp/hard/crtend.o
LOAD c:/st/stm32cubeide_1.3.0/stm32cubeide/plugins/com.st.stm32cube.ide.mcu.externaltools.gnu-tools-for-stm32.7-2018-q2-update.win32_1.5.0.202011040924/tools/bin/../lib/gcc/arm-none-eabi/7.3.1/thumb/v7e-m/fpv4-sp/hard/crtn.o
                0x0000000020040000                _estack = (ORIGIN (RAM) + LENGTH (RAM))
                0x0000000000000400                _Min_Heap_Size = 0x400
                0x0000000000000800                _Min_Stack_Size = 0x800

.isr_vector     0x0000000008000000      0x1e0
                0x0000000008000000                . = ALIGN (0x4)
 *(.isr_vector)
 .isr_vector    0x0000000008000000      0x1e0 Core/Startup/startup_stm32f722retx.o
                0x0000000008000000                g_pfnVectors
                0x00000000080001e0                . = ALIGN (0x4)

.text           0x00000000080001e0     0xecb8
                0x00000000080001e0                . = ALIGN (0x4)
 *(.text)
 .text          0x00000000080001e0       0x40 c:/st/stm32cubeide_1.3.0/stm32cubeide/plugins/com.st.stm32cube.ide.mcu.externaltools.gnu-tools-for-stm32.7-2018-q2-update.win32_1.5.0.202011040924/tools/bin/../lib/gcc/arm-none-eabi/7.3.1/thumb/v7e-m/fpv4-sp/hard/crtbegin.o
 .text          0x0000000008000220      0x378 c:/st/stm32cubeide_1.3.0/stm32cubeide/plugins/com.st.stm32cube.ide.mcu.externaltools.gnu-tools-for-stm32.7-2018-q2-update.win32_1.5.0.202011040924/tools/bin/../lib/gcc/arm-none-eabi/7.3.1/thumb/v7e-m/fpv4-sp/hard\libgcc.a(_arm_addsubdf3.o)
                0x0000000008000220                __aeabi_drsub
                0x0000000008000228                __aeabi_dsub
                0x0000000008000228                __subdf3
                0x000000000800022c                __aeabi_dadd
                0x000000000800022c                __adddf3
                0x00000000080004a4                __floatunsidf
                0x00000000080004a4                __aeabi_ui2d
                0x00000000080004c4                __floatsidf
                0x00000000080004c4                __aeabi_i2d
                0x00000000080004e8                __aeabi_f2d
                0x00000000080004e8                __extendsfdf2
                0x000000000800052c                __floatundidf
                0x000000000800052c                __aeabi_ul2d
                0x000000000800053c                __floatdidf
                0x000000000800053c                __aeabi_l2d
 .text          0x0000000008000598      0x424 c:/st/stm32cubeide_1.3.0/stm32cubeide/plugins/com.st.stm32cube.ide.mcu.externaltools.gnu-tools-for-stm32.7-2018-q2-update.win32_1.5.0.202011040924/tools/bin/../lib/gcc/arm-none-eabi/7.3.1/thumb/v7e-m/fpv4-sp/hard\libgcc.a(_arm_muldivdf3.o)
                0x0000000008000598                __aeabi_dmul
                0x0000000008000598                __muldf3
                0x00000000080007ec                __divdf3
                0x00000000080007ec                __aeabi_ddiv
 .text          0x00000000080009bc       0xa0 c:/st/stm32cubeide_1.3.0/stm32cubeide/plugins/com.st.stm32cube.ide.mcu.externaltools.gnu-tools-for-stm32.7-2018-q2-update.win32_1.5.0.202011040924/tools/bin/../lib/gcc/arm-none-eabi/7.3.1/thumb/v7e-m/fpv4-sp/hard\libgcc.a(_arm_truncdfsf2.o)
                0x00000000080009bc                __truncdfsf2
                0x00000000080009bc                __aeabi_d2f
 .text          0x0000000008000a5c       0x30 c:/st/stm32cubeide_1.3.0/stm32cubeide/plugins/com.st.stm32cube.ide.mcu.externaltools.gnu-tools-for-stm32.7-2018-q2-update.win32_1.5.0.202011040924/tools/bin/../lib/gcc/arm-none-eabi/7.3.1/thumb/v7e-m/fpv4-sp/hard\libgcc.a(_aeabi_uldivmod.o)
                0x0000000008000a5c                __aeabi_uldivmod
 .text          0x0000000008000a8c      0x2cc c:/st/stm32cubeide_1.3.0/stm32cubeide/plugins/com.st.stm32cube.ide.mcu.externaltools.gnu-tools-for-stm32.7-2018-q2-update.win32_1.5.0.202011040924/tools/bin/../lib/gcc/arm-none-eabi/7.3.1/thumb/v7e-m/fpv4-sp/hard\libgcc.a(_udivmoddi4.o)
                0x0000000008000a8c                __udivmoddi4
 .text          0x0000000008000d58        0x4 c:/st/stm32cubeide_1.3.0/stm32cubeide/plugins/com.st.stm32cube.ide.mcu.externaltools.gnu-tools-for-stm32.7-2018-q2-update.win32_1.5.0.202011040924/tools/bin/../lib/gcc/arm-none-eabi/7.3.1/thumb/v7e-m/fpv4-sp/hard\libgcc.a(_dvmd_tls.o)
                0x0000000008000d58                __aeabi_idiv0
                0x0000000008000d58                __aeabi_ldiv0
 *(.text*)
 .text.acis_init
                0x0000000008000d5c       0x54 Core/Src/acis.o
                0x0000000008000d5c                acis_init
 .text.acis_deinitIfNeed
                0x0000000008000db0       0x38 Core/Src/acis.o
                0x0000000008000db0                acis_deinitIfNeed
 .text.acis_ignite_14
                0x0000000008000de8       0x48 Core/Src/acis.o
 .text.acis_ignite_23
                0x0000000008000e30       0x48 Core/Src/acis.o
 .text.acis_saturate_14
                0x0000000008000e78       0x64 Core/Src/acis.o
 .text.acis_saturate_23
                0x0000000008000edc       0x64 Core/Src/acis.o
 .text.acis_ignite
                0x0000000008000f40       0x28 Core/Src/acis.o
 .text.acis_saturate
                0x0000000008000f68       0x28 Core/Src/acis.o
 .text.acis_ignition_loop
                0x0000000008000f90      0x350 Core/Src/acis.o
 .text.acis_hall_exti
                0x00000000080012e0       0xdc Core/Src/acis.o
                0x00000000080012e0                acis_hall_exti
 *fill*         0x00000000080013bc        0x4 
 .text.acis_hall_loop
                0x00000000080013c0       0xc8 Core/Src/acis.o
 .text.CalculateIgnition
                0x0000000008001488      0xa98 Core/Src/acis.o
 .text.LearnIgnition
                0x0000000008001f20      0xca0 Core/Src/acis.o
 .text.acis_loop_irq
                0x0000000008002bc0      0x58c Core/Src/acis.o
                0x0000000008002bc0                acis_loop_irq
 .text.acis_loop
                0x000000000800314c      0x48c Core/Src/acis.o
                0x000000000800314c                acis_loop
 .text.acis_parse_command
                0x00000000080035d8      0x130 Core/Src/acis.o
                0x00000000080035d8                acis_parse_command
 .text.acis_send_command
                0x0000000008003708       0x24 Core/Src/acis.o
 .text.setconfig_standart1dot6
                0x000000000800372c     0x1d30 Core/Src/config.o
 .text.config_default
                0x000000000800545c      0x98c Core/Src/config.o
                0x000000000800545c                config_default
 .text.CRC16_RegisterHardware
                0x0000000008005de8       0x20 Core/Src/crc.o
                0x0000000008005de8                CRC16_RegisterHardware
 .text.CRC16_Generate
                0x0000000008005e08       0x38 Core/Src/crc.o
                0x0000000008005e08                CRC16_Generate
 .text.CRC8_Generate
                0x0000000008005e40       0x48 Core/Src/crc.o
                0x0000000008005e40                CRC8_Generate
 .text.csps_exti
                0x0000000008005e88      0x60c Core/Src/csps.o
                0x0000000008005e88                csps_exti
 .text.csps_getangle14
                0x0000000008006494      0x184 Core/Src/csps.o
                0x0000000008006494                csps_getangle14
 .text.csps_getangle23from14
                0x0000000008006618       0x68 Core/Src/csps.o
                0x0000000008006618                csps_getangle23from14
 .text.csps_getrpm
                0x0000000008006680       0x1c Core/Src/csps.o
                0x0000000008006680                csps_getrpm
 .text.csps_getrpmgui
                0x000000000800669c       0x1c Core/Src/csps.o
                0x000000000800669c                csps_getrpmgui
 .text.csps_getuspa
                0x00000000080066b8       0x1c Core/Src/csps.o
                0x00000000080066b8                csps_getuspa
 .text.csps_getperiod
                0x00000000080066d4       0x1c Core/Src/csps.o
                0x00000000080066d4                csps_getperiod
 .text.csps_isrotates
                0x00000000080066f0       0x18 Core/Src/csps.o
                0x00000000080066f0                csps_isrotates
 .text.csps_isfound
                0x0000000008006708       0x18 Core/Src/csps.o
                0x0000000008006708                csps_isfound
 .text.csps_iserror
                0x0000000008006720       0x2c Core/Src/csps.o
                0x0000000008006720                csps_iserror
 .text.csps_loop
                0x000000000800674c       0xe4 Core/Src/csps.o
                0x000000000800674c                csps_loop
 .text.DelayInit
                0x0000000008006830       0x98 Core/Src/delay.o
                0x0000000008006830                DelayInit
 .text.DelayDiff
                0x00000000080068c8       0x32 Core/Src/delay.o
                0x00000000080068c8                DelayDiff
 *fill*         0x00000000080068fa        0x2 
 .text.SCB_EnableICache
                0x00000000080068fc       0x40 Core/Src/main.o
 .text.SCB_EnableDCache
                0x000000000800693c       0x80 Core/Src/main.o
 .text.HAL_GPIO_EXTI_Callback
                0x00000000080069bc       0x40 Core/Src/main.o
                0x00000000080069bc                HAL_GPIO_EXTI_Callback
 .text.HAL_TIM_PeriodElapsedCallback
                0x00000000080069fc       0x78 Core/Src/main.o
                0x00000000080069fc                HAL_TIM_PeriodElapsedCallback
 .text.HAL_UART_TxCpltCallback
                0x0000000008006a74       0x16 Core/Src/main.o
                0x0000000008006a74                HAL_UART_TxCpltCallback
 .text.HAL_UART_ErrorCallback
                0x0000000008006a8a       0x16 Core/Src/main.o
                0x0000000008006a8a                HAL_UART_ErrorCallback
 .text.HAL_SPI_ErrorCallback
                0x0000000008006aa0       0x24 Core/Src/main.o
                0x0000000008006aa0                HAL_SPI_ErrorCallback
 .text.HAL_SPI_TxCpltCallback
                0x0000000008006ac4       0x24 Core/Src/main.o
                0x0000000008006ac4                HAL_SPI_TxCpltCallback
 .text.HAL_SPI_RxCpltCallback
                0x0000000008006ae8       0x24 Core/Src/main.o
                0x0000000008006ae8                HAL_SPI_RxCpltCallback
 .text.HAL_SPI_TxRxCpltCallback
                0x0000000008006b0c       0x24 Core/Src/main.o
                0x0000000008006b0c                HAL_SPI_TxRxCpltCallback
 .text.main     0x0000000008006b30       0x88 Core/Src/main.o
                0x0000000008006b30                main
 .text.UpdateIWDG
                0x0000000008006bb8       0x44 Core/Src/main.o
 .text.UpdateDebugger
                0x0000000008006bfc       0xb8 Core/Src/main.o
 .text.SystemClock_Config
                0x0000000008006cb4      0x130 Core/Src/main.o
                0x0000000008006cb4                SystemClock_Config
 .text.MX_ADC1_Init
                0x0000000008006de4       0xc4 Core/Src/main.o
 .text.MX_CRC_Init
                0x0000000008006ea8       0x58 Core/Src/main.o
 .text.MX_RNG_Init
                0x0000000008006f00       0x28 Core/Src/main.o
 .text.MX_SPI2_Init
                0x0000000008006f28       0x7c Core/Src/main.o
 .text.MX_TIM3_Init
                0x0000000008006fa4       0xe0 Core/Src/main.o
 .text.MX_TIM4_Init
                0x0000000008007084       0x84 Core/Src/main.o
 .text.MX_TIM7_Init
                0x0000000008007108       0x90 Core/Src/main.o
 .text.MX_TIM8_Init
                0x0000000008007198      0x134 Core/Src/main.o
 .text.MX_USART1_UART_Init
                0x00000000080072cc       0x70 Core/Src/main.o
 .text.MX_DMA_Init
                0x000000000800733c       0xa4 Core/Src/main.o
 .text.MX_GPIO_Init
                0x00000000080073e0      0x2a0 Core/Src/main.o
 .text.Error_Handler
                0x0000000008007680        0x8 Core/Src/main.o
                0x0000000008007680                Error_Handler
 .text.map_init
                0x0000000008007688       0x48 Core/Src/map.o
                0x0000000008007688                map_init
 .text.map_adc_read
                0x00000000080076d0       0xc0 Core/Src/map.o
                0x00000000080076d0                map_adc_read
 .text.map_getpressure
                0x0000000008007790       0x1c Core/Src/map.o
                0x0000000008007790                map_getpressure
 .text.SCB_InvalidateDCache_by_Addr
                0x00000000080077ac       0x54 Core/Src/sst25vf032b.o
 .text.SCB_CleanDCache_by_Addr
                0x0000000008007800       0x54 Core/Src/sst25vf032b.o
 .text.SST25_ErrorCallback
                0x0000000008007854       0x14 Core/Src/sst25vf032b.o
                0x0000000008007854                SST25_ErrorCallback
 .text.SST25_TxCpltCallback
                0x0000000008007868       0x2c Core/Src/sst25vf032b.o
                0x0000000008007868                SST25_TxCpltCallback
 .text.SST25_RxCpltCallback
                0x0000000008007894       0x2c Core/Src/sst25vf032b.o
                0x0000000008007894                SST25_RxCpltCallback
 .text.SST25_TxRxCpltCallback
                0x00000000080078c0       0x38 Core/Src/sst25vf032b.o
                0x00000000080078c0                SST25_TxRxCpltCallback
 .text.waitTxCplt
                0x00000000080078f8       0x28 Core/Src/sst25vf032b.o
 .text.waitTxRxCplt
                0x0000000008007920       0x3c Core/Src/sst25vf032b.o
 .text.SPI_CheckChip
                0x000000000800795c      0x138 Core/Src/sst25vf032b.o
 .text.SST25_Init
                0x0000000008007a94       0x28 Core/Src/sst25vf032b.o
                0x0000000008007a94                SST25_Init
 .text.HAL_MspInit
                0x0000000008007abc       0x48 Core/Src/stm32f7xx_hal_msp.o
                0x0000000008007abc                HAL_MspInit
 .text.HAL_ADC_MspInit
                0x0000000008007b04      0x100 Core/Src/stm32f7xx_hal_msp.o
                0x0000000008007b04                HAL_ADC_MspInit
 .text.HAL_CRC_MspInit
                0x0000000008007c04       0x40 Core/Src/stm32f7xx_hal_msp.o
                0x0000000008007c04                HAL_CRC_MspInit
 .text.HAL_RNG_MspInit
                0x0000000008007c44       0x40 Core/Src/stm32f7xx_hal_msp.o
                0x0000000008007c44                HAL_RNG_MspInit
 .text.HAL_SPI_MspInit
                0x0000000008007c84      0x160 Core/Src/stm32f7xx_hal_msp.o
                0x0000000008007c84                HAL_SPI_MspInit
 .text.HAL_TIM_PWM_MspInit
                0x0000000008007de4       0x68 Core/Src/stm32f7xx_hal_msp.o
                0x0000000008007de4                HAL_TIM_PWM_MspInit
 .text.HAL_TIM_Base_MspInit
                0x0000000008007e4c       0xe8 Core/Src/stm32f7xx_hal_msp.o
                0x0000000008007e4c                HAL_TIM_Base_MspInit
 .text.HAL_TIM_MspPostInit
                0x0000000008007f34       0xbc Core/Src/stm32f7xx_hal_msp.o
                0x0000000008007f34                HAL_TIM_MspPostInit
 .text.HAL_UART_MspInit
                0x0000000008007ff0      0x164 Core/Src/stm32f7xx_hal_msp.o
                0x0000000008007ff0                HAL_UART_MspInit
 .text.__NVIC_SystemReset
                0x0000000008008154       0x28 Core/Src/stm32f7xx_it.o
 .text.NMI_Handler
                0x000000000800817c        0x6 Core/Src/stm32f7xx_it.o
                0x000000000800817c                NMI_Handler
 .text.HardFault_Handler
                0x0000000008008182        0x8 Core/Src/stm32f7xx_it.o
                0x0000000008008182                HardFault_Handler
 .text.MemManage_Handler
                0x000000000800818a        0x6 Core/Src/stm32f7xx_it.o
                0x000000000800818a                MemManage_Handler
 .text.BusFault_Handler
                0x0000000008008190        0x6 Core/Src/stm32f7xx_it.o
                0x0000000008008190                BusFault_Handler
 .text.UsageFault_Handler
                0x0000000008008196        0x6 Core/Src/stm32f7xx_it.o
                0x0000000008008196                UsageFault_Handler
 .text.SVC_Handler
                0x000000000800819c        0xe Core/Src/stm32f7xx_it.o
                0x000000000800819c                SVC_Handler
 .text.DebugMon_Handler
                0x00000000080081aa        0xe Core/Src/stm32f7xx_it.o
                0x00000000080081aa                DebugMon_Handler
 .text.PendSV_Handler
                0x00000000080081b8        0xe Core/Src/stm32f7xx_it.o
                0x00000000080081b8                PendSV_Handler
 .text.SysTick_Handler
                0x00000000080081c6        0xc Core/Src/stm32f7xx_it.o
                0x00000000080081c6                SysTick_Handler
 *fill*         0x00000000080081d2        0x2 
 .text.DMA1_Stream2_IRQHandler
                0x00000000080081d4       0x14 Core/Src/stm32f7xx_it.o
                0x00000000080081d4                DMA1_Stream2_IRQHandler
 .text.DMA1_Stream3_IRQHandler
                0x00000000080081e8       0x14 Core/Src/stm32f7xx_it.o
                0x00000000080081e8                DMA1_Stream3_IRQHandler
 .text.DMA1_Stream4_IRQHandler
                0x00000000080081fc       0x14 Core/Src/stm32f7xx_it.o
                0x00000000080081fc                DMA1_Stream4_IRQHandler
 .text.SPI2_IRQHandler
                0x0000000008008210       0x14 Core/Src/stm32f7xx_it.o
                0x0000000008008210                SPI2_IRQHandler
 .text.USART1_IRQHandler
                0x0000000008008224       0x14 Core/Src/stm32f7xx_it.o
                0x0000000008008224                USART1_IRQHandler
 .text.EXTI15_10_IRQHandler
                0x0000000008008238       0x28 Core/Src/stm32f7xx_it.o
                0x0000000008008238                EXTI15_10_IRQHandler
 .text.TIM4_IRQHandler
                0x0000000008008260       0x14 Core/Src/stm32f7xx_it.o
                0x0000000008008260                TIM4_IRQHandler
 .text.TIM7_IRQHandler
                0x0000000008008274       0x14 Core/Src/stm32f7xx_it.o
                0x0000000008008274                TIM7_IRQHandler
 .text.DMA2_Stream0_IRQHandler
                0x0000000008008288       0x14 Core/Src/stm32f7xx_it.o
                0x0000000008008288                DMA2_Stream0_IRQHandler
 .text.DMA2_Stream2_IRQHandler
                0x000000000800829c       0x14 Core/Src/stm32f7xx_it.o
                0x000000000800829c                DMA2_Stream2_IRQHandler
 .text.DMA2_Stream7_IRQHandler
                0x00000000080082b0       0x14 Core/Src/stm32f7xx_it.o
                0x00000000080082b0                DMA2_Stream7_IRQHandler
 .text.SystemInit
                0x00000000080082c4       0x2c Core/Src/system_stm32f7xx.o
                0x00000000080082c4                SystemInit
 .text.SCB_InvalidateDCache_by_Addr
                0x00000000080082f0       0x54 Core/Src/xCommand.o
 .text.SCB_CleanDCache_by_Addr
                0x0000000008008344       0x54 Core/Src/xCommand.o
 .text.entercritical
                0x0000000008008398        0xe Core/Src/xCommand.o
 .text.exitcritical
                0x00000000080083a6        0xe Core/Src/xCommand.o
 .text.Msg_GetSrc
                0x00000000080083b4       0x1c Core/Src/xCommand.o
 .text.Msg_GetDest
                0x00000000080083d0       0x20 Core/Src/xCommand.o
 .text.CacheInvalidate
                0x00000000080083f0       0x40 Core/Src/xCommand.o
 .text.CacheClean
                0x0000000008008430       0x40 Core/Src/xCommand.o
 .text.calculatePacketId
                0x0000000008008470       0x74 Core/Src/xCommand.o
 .text.packager
                0x00000000080084e4      0x200 Core/Src/xCommand.o
 .text.acker    0x00000000080086e4       0xfe Core/Src/xCommand.o
 *fill*         0x00000000080087e2        0x2 
 .text.xSender  0x00000000080087e4      0x120 Core/Src/xCommand.o
                0x00000000080087e4                xSender
 .text.parser   0x0000000008008904      0x2cc Core/Src/xCommand.o
 .text.lookByte
                0x0000000008008bd0       0x22 Core/Src/xCommand.o
 .text.countCRC8
                0x0000000008008bf2       0x5c Core/Src/xCommand.o
 .text.countCRC16
                0x0000000008008c4e       0x66 Core/Src/xCommand.o
 .text.Getter   0x0000000008008cb4      0x1de Core/Src/xCommand.o
 *fill*         0x0000000008008e92        0x2 
 .text.xDmaTxIrqHandler
                0x0000000008008e94       0xc8 Core/Src/xCommand.o
                0x0000000008008e94                xDmaTxIrqHandler
 .text.xDmaErIrqHandler
                0x0000000008008f5c       0x74 Core/Src/xCommand.o
                0x0000000008008f5c                xDmaErIrqHandler
 .text.xFifosInit
                0x0000000008008fd0       0xa0 Core/Src/xCommand.o
                0x0000000008008fd0                xFifosInit
 .text.xGetterInit
                0x0000000008009070       0x6c Core/Src/xCommand.o
                0x0000000008009070                xGetterInit
 .text.xGetterLoop
                0x00000000080090dc      0x268 Core/Src/xCommand.o
                0x00000000080090dc                xGetterLoop
 .text.infoGetSize
                0x0000000008009344       0x3c Core/Src/xProFIFO.o
 .text.infoGetAvail
                0x0000000008009380       0x1e Core/Src/xProFIFO.o
 .text.infoCorrect
                0x000000000800939e       0x2e Core/Src/xProFIFO.o
 .text.infoMovePar
                0x00000000080093cc       0x24 Core/Src/xProFIFO.o
 .text.infoIsSome
                0x00000000080093f0       0x26 Core/Src/xProFIFO.o
 .text.protMovePar
                0x0000000008009416       0x1e Core/Src/xProFIFO.o
 .text.protGetSize
                0x0000000008009434       0x20 Core/Src/xProFIFO.o
                0x0000000008009434                protGetSize
 .text.protInit
                0x0000000008009454       0x40 Core/Src/xProFIFO.o
                0x0000000008009454                protInit
 .text.interPut
                0x0000000008009494       0x34 Core/Src/xProFIFO.o
 .text.interGet
                0x00000000080094c8       0x34 Core/Src/xProFIFO.o
 .text.interLook
                0x00000000080094fc       0x36 Core/Src/xProFIFO.o
 .text.interPush
                0x0000000008009532       0x46 Core/Src/xProFIFO.o
 .text.interPull
                0x0000000008009578       0x40 Core/Src/xProFIFO.o
 .text.interPushSequence
                0x00000000080095b8       0x4e Core/Src/xProFIFO.o
 .text.protPushSequence
                0x0000000008009606       0x22 Core/Src/xProFIFO.o
                0x0000000008009606                protPushSequence
 .text.protPush
                0x0000000008009628       0x1e Core/Src/xProFIFO.o
                0x0000000008009628                protPush
 .text.protPull
                0x0000000008009646       0x1e Core/Src/xProFIFO.o
                0x0000000008009646                protPull
 .text.protLook
                0x0000000008009664       0x30 Core/Src/xProFIFO.o
                0x0000000008009664                protLook
 .text.protMoveRead
                0x0000000008009694       0x22 Core/Src/xProFIFO.o
                0x0000000008009694                protMoveRead
 .text.protIsSome
                0x00000000080096b6       0x26 Core/Src/xProFIFO.o
                0x00000000080096b6                protIsSome
 .text.Reset_Handler
                0x00000000080096dc       0x50 Core/Startup/startup_stm32f722retx.o
                0x00000000080096dc                Reset_Handler
 .text.Default_Handler
                0x000000000800972c        0x2 Core/Startup/startup_stm32f722retx.o
                0x000000000800972c                RTC_Alarm_IRQHandler
                0x000000000800972c                EXTI2_IRQHandler
                0x000000000800972c                TIM8_CC_IRQHandler
                0x000000000800972c                UART8_IRQHandler
                0x000000000800972c                SPI4_IRQHandler
                0x000000000800972c                TIM1_CC_IRQHandler
                0x000000000800972c                DMA2_Stream5_IRQHandler
                0x000000000800972c                DMA1_Stream5_IRQHandler
                0x000000000800972c                PVD_IRQHandler
                0x000000000800972c                TAMP_STAMP_IRQHandler
                0x000000000800972c                EXTI3_IRQHandler
                0x000000000800972c                TIM8_TRG_COM_TIM14_IRQHandler
                0x000000000800972c                TIM1_UP_TIM10_IRQHandler
                0x000000000800972c                TIM8_UP_TIM13_IRQHandler
                0x000000000800972c                I2C3_ER_IRQHandler
                0x000000000800972c                EXTI0_IRQHandler
                0x000000000800972c                I2C2_EV_IRQHandler
                0x000000000800972c                CAN1_RX0_IRQHandler
                0x000000000800972c                FPU_IRQHandler
                0x000000000800972c                OTG_HS_WKUP_IRQHandler
                0x000000000800972c                SPI1_IRQHandler
                0x000000000800972c                TIM6_DAC_IRQHandler
                0x000000000800972c                TIM1_BRK_TIM9_IRQHandler
                0x000000000800972c                DMA2_Stream3_IRQHandler
                0x000000000800972c                SAI2_IRQHandler
                0x000000000800972c                USART6_IRQHandler
                0x000000000800972c                USART3_IRQHandler
                0x000000000800972c                CAN1_RX1_IRQHandler
                0x000000000800972c                UART5_IRQHandler
                0x000000000800972c                QUADSPI_IRQHandler
                0x000000000800972c                I2C1_EV_IRQHandler
                0x000000000800972c                DMA1_Stream6_IRQHandler
                0x000000000800972c                DMA1_Stream1_IRQHandler
                0x000000000800972c                UART4_IRQHandler
                0x000000000800972c                TIM3_IRQHandler
                0x000000000800972c                RCC_IRQHandler
                0x000000000800972c                TIM8_BRK_TIM12_IRQHandler
                0x000000000800972c                Default_Handler
                0x000000000800972c                ADC_IRQHandler
                0x000000000800972c                DMA1_Stream7_IRQHandler
                0x000000000800972c                SPI5_IRQHandler
                0x000000000800972c                SDMMC1_IRQHandler
                0x000000000800972c                TIM5_IRQHandler
                0x000000000800972c                I2C3_EV_IRQHandler
                0x000000000800972c                EXTI9_5_IRQHandler
                0x000000000800972c                RTC_WKUP_IRQHandler
                0x000000000800972c                OTG_HS_EP1_IN_IRQHandler
                0x000000000800972c                DMA1_Stream0_IRQHandler
                0x000000000800972c                CAN1_TX_IRQHandler
                0x000000000800972c                EXTI4_IRQHandler
                0x000000000800972c                RNG_IRQHandler
                0x000000000800972c                OTG_HS_EP1_OUT_IRQHandler
                0x000000000800972c                WWDG_IRQHandler
                0x000000000800972c                TIM2_IRQHandler
                0x000000000800972c                OTG_FS_WKUP_IRQHandler
                0x000000000800972c                TIM1_TRG_COM_TIM11_IRQHandler
                0x000000000800972c                OTG_HS_IRQHandler
                0x000000000800972c                EXTI1_IRQHandler
                0x000000000800972c                SDMMC2_IRQHandler
                0x000000000800972c                UART7_IRQHandler
                0x000000000800972c                USART2_IRQHandler
                0x000000000800972c                I2C2_ER_IRQHandler
                0x000000000800972c                DMA2_Stream1_IRQHandler
                0x000000000800972c                CAN1_SCE_IRQHandler
                0x000000000800972c                FLASH_IRQHandler
                0x000000000800972c                DMA2_Stream4_IRQHandler
                0x000000000800972c                OTG_FS_IRQHandler
                0x000000000800972c                SPI3_IRQHandler
                0x000000000800972c                I2C1_ER_IRQHandler
                0x000000000800972c                FMC_IRQHandler
                0x000000000800972c                LPTIM1_IRQHandler
                0x000000000800972c                DMA2_Stream6_IRQHandler
                0x000000000800972c                SAI1_IRQHandler
 *fill*         0x000000000800972e        0x2 
 .text.HAL_Init
                0x0000000008009730       0x2c Drivers/STM32F7xx_HAL_Driver/Src/stm32f7xx_hal.o
                0x0000000008009730                HAL_Init
 .text.HAL_InitTick
                0x000000000800975c       0x60 Drivers/STM32F7xx_HAL_Driver/Src/stm32f7xx_hal.o
                0x000000000800975c                HAL_InitTick
 .text.HAL_IncTick
                0x00000000080097bc       0x28 Drivers/STM32F7xx_HAL_Driver/Src/stm32f7xx_hal.o
                0x00000000080097bc                HAL_IncTick
 .text.HAL_GetTick
                0x00000000080097e4       0x18 Drivers/STM32F7xx_HAL_Driver/Src/stm32f7xx_hal.o
                0x00000000080097e4                HAL_GetTick
 .text.HAL_ADC_Init
                0x00000000080097fc       0x88 Drivers/STM32F7xx_HAL_Driver/Src/stm32f7xx_hal_adc.o
                0x00000000080097fc                HAL_ADC_Init
 .text.HAL_ADC_ConfigChannel
                0x0000000008009884      0x294 Drivers/STM32F7xx_HAL_Driver/Src/stm32f7xx_hal_adc.o
                0x0000000008009884                HAL_ADC_ConfigChannel
 .text.ADC_Init
                0x0000000008009b18      0x1f4 Drivers/STM32F7xx_HAL_Driver/Src/stm32f7xx_hal_adc.o
 .text.__NVIC_SetPriorityGrouping
                0x0000000008009d0c       0x48 Drivers/STM32F7xx_HAL_Driver/Src/stm32f7xx_hal_cortex.o
 .text.__NVIC_GetPriorityGrouping
                0x0000000008009d54       0x1c Drivers/STM32F7xx_HAL_Driver/Src/stm32f7xx_hal_cortex.o
 .text.__NVIC_EnableIRQ
                0x0000000008009d70       0x3c Drivers/STM32F7xx_HAL_Driver/Src/stm32f7xx_hal_cortex.o
 .text.__NVIC_SetPriority
                0x0000000008009dac       0x54 Drivers/STM32F7xx_HAL_Driver/Src/stm32f7xx_hal_cortex.o
 .text.NVIC_EncodePriority
                0x0000000008009e00       0x66 Drivers/STM32F7xx_HAL_Driver/Src/stm32f7xx_hal_cortex.o
 *fill*         0x0000000008009e66        0x2 
 .text.SysTick_Config
                0x0000000008009e68       0x44 Drivers/STM32F7xx_HAL_Driver/Src/stm32f7xx_hal_cortex.o
 .text.HAL_NVIC_SetPriorityGrouping
                0x0000000008009eac       0x16 Drivers/STM32F7xx_HAL_Driver/Src/stm32f7xx_hal_cortex.o
                0x0000000008009eac                HAL_NVIC_SetPriorityGrouping
 .text.HAL_NVIC_SetPriority
                0x0000000008009ec2       0x38 Drivers/STM32F7xx_HAL_Driver/Src/stm32f7xx_hal_cortex.o
                0x0000000008009ec2                HAL_NVIC_SetPriority
 .text.HAL_NVIC_EnableIRQ
                0x0000000008009efa       0x1c Drivers/STM32F7xx_HAL_Driver/Src/stm32f7xx_hal_cortex.o
                0x0000000008009efa                HAL_NVIC_EnableIRQ
 .text.HAL_SYSTICK_Config
                0x0000000008009f16       0x18 Drivers/STM32F7xx_HAL_Driver/Src/stm32f7xx_hal_cortex.o
                0x0000000008009f16                HAL_SYSTICK_Config
 *fill*         0x0000000008009f2e        0x2 
 .text.HAL_CRC_Init
                0x0000000008009f30       0xc8 Drivers/STM32F7xx_HAL_Driver/Src/stm32f7xx_hal_crc.o
                0x0000000008009f30                HAL_CRC_Init
 .text.HAL_CRC_Calculate
                0x0000000008009ff8       0x92 Drivers/STM32F7xx_HAL_Driver/Src/stm32f7xx_hal_crc.o
                0x0000000008009ff8                HAL_CRC_Calculate
 .text.CRC_Handle_8
                0x000000000800a08a      0x11c Drivers/STM32F7xx_HAL_Driver/Src/stm32f7xx_hal_crc.o
 .text.CRC_Handle_16
                0x000000000800a1a6       0x74 Drivers/STM32F7xx_HAL_Driver/Src/stm32f7xx_hal_crc.o
 *fill*         0x000000000800a21a        0x2 
 .text.HAL_CRCEx_Polynomial_Set
                0x000000000800a21c      0x10c Drivers/STM32F7xx_HAL_Driver/Src/stm32f7xx_hal_crc_ex.o
                0x000000000800a21c                HAL_CRCEx_Polynomial_Set
 .text.HAL_DMA_Init
                0x000000000800a328      0x15c Drivers/STM32F7xx_HAL_Driver/Src/stm32f7xx_hal_dma.o
                0x000000000800a328                HAL_DMA_Init
 .text.HAL_DMA_Start_IT
                0x000000000800a484       0xc0 Drivers/STM32F7xx_HAL_Driver/Src/stm32f7xx_hal_dma.o
                0x000000000800a484                HAL_DMA_Start_IT
 .text.HAL_DMA_Abort_IT
                0x000000000800a544       0x44 Drivers/STM32F7xx_HAL_Driver/Src/stm32f7xx_hal_dma.o
                0x000000000800a544                HAL_DMA_Abort_IT
 .text.HAL_DMA_IRQHandler
                0x000000000800a588      0x314 Drivers/STM32F7xx_HAL_Driver/Src/stm32f7xx_hal_dma.o
                0x000000000800a588                HAL_DMA_IRQHandler
 .text.DMA_SetConfig
                0x000000000800a89c       0x5c Drivers/STM32F7xx_HAL_Driver/Src/stm32f7xx_hal_dma.o
 .text.DMA_CalcBaseAndBitshift
                0x000000000800a8f8       0x6c Drivers/STM32F7xx_HAL_Driver/Src/stm32f7xx_hal_dma.o
 .text.DMA_CheckFifoParam
                0x000000000800a964       0xf4 Drivers/STM32F7xx_HAL_Driver/Src/stm32f7xx_hal_dma.o
 .text.HAL_GPIO_Init
                0x000000000800aa58      0x334 Drivers/STM32F7xx_HAL_Driver/Src/stm32f7xx_hal_gpio.o
                0x000000000800aa58                HAL_GPIO_Init
 .text.HAL_GPIO_ReadPin
                0x000000000800ad8c       0x30 Drivers/STM32F7xx_HAL_Driver/Src/stm32f7xx_hal_gpio.o
                0x000000000800ad8c                HAL_GPIO_ReadPin
 .text.HAL_GPIO_WritePin
                0x000000000800adbc       0x32 Drivers/STM32F7xx_HAL_Driver/Src/stm32f7xx_hal_gpio.o
                0x000000000800adbc                HAL_GPIO_WritePin
 *fill*         0x000000000800adee        0x2 
 .text.HAL_GPIO_EXTI_IRQHandler
                0x000000000800adf0       0x30 Drivers/STM32F7xx_HAL_Driver/Src/stm32f7xx_hal_gpio.o
                0x000000000800adf0                HAL_GPIO_EXTI_IRQHandler
 .text.HAL_IWDG_Refresh
                0x000000000800ae20       0x20 Drivers/STM32F7xx_HAL_Driver/Src/stm32f7xx_hal_iwdg.o
                0x000000000800ae20                HAL_IWDG_Refresh
 .text.HAL_PWREx_EnableOverDrive
                0x000000000800ae40       0xa0 Drivers/STM32F7xx_HAL_Driver/Src/stm32f7xx_hal_pwr_ex.o
                0x000000000800ae40                HAL_PWREx_EnableOverDrive
 .text.HAL_RCC_OscConfig
                0x000000000800aee0      0x548 Drivers/STM32F7xx_HAL_Driver/Src/stm32f7xx_hal_rcc.o
                0x000000000800aee0                HAL_RCC_OscConfig
 .text.HAL_RCC_ClockConfig
                0x000000000800b428      0x1d8 Drivers/STM32F7xx_HAL_Driver/Src/stm32f7xx_hal_rcc.o
                0x000000000800b428                HAL_RCC_ClockConfig
 .text.HAL_RCC_GetSysClockFreq
                0x000000000800b600      0x164 Drivers/STM32F7xx_HAL_Driver/Src/stm32f7xx_hal_rcc.o
                0x000000000800b600                HAL_RCC_GetSysClockFreq
 .text.HAL_RCC_GetHCLKFreq
                0x000000000800b764       0x18 Drivers/STM32F7xx_HAL_Driver/Src/stm32f7xx_hal_rcc.o
                0x000000000800b764                HAL_RCC_GetHCLKFreq
 .text.HAL_RCC_GetPCLK1Freq
                0x000000000800b77c       0x28 Drivers/STM32F7xx_HAL_Driver/Src/stm32f7xx_hal_rcc.o
                0x000000000800b77c                HAL_RCC_GetPCLK1Freq
 .text.HAL_RCC_GetPCLK2Freq
                0x000000000800b7a4       0x28 Drivers/STM32F7xx_HAL_Driver/Src/stm32f7xx_hal_rcc.o
                0x000000000800b7a4                HAL_RCC_GetPCLK2Freq
 .text.HAL_RCCEx_PeriphCLKConfig
                0x000000000800b7cc      0x690 Drivers/STM32F7xx_HAL_Driver/Src/stm32f7xx_hal_rcc_ex.o
                0x000000000800b7cc                HAL_RCCEx_PeriphCLKConfig
 .text.HAL_RNG_Init
                0x000000000800be5c       0x54 Drivers/STM32F7xx_HAL_Driver/Src/stm32f7xx_hal_rng.o
                0x000000000800be5c                HAL_RNG_Init
 .text.HAL_SPI_Init
                0x000000000800beb0      0x124 Drivers/STM32F7xx_HAL_Driver/Src/stm32f7xx_hal_spi.o
                0x000000000800beb0                HAL_SPI_Init
 .text.HAL_SPI_Transmit_DMA
                0x000000000800bfd4      0x1d8 Drivers/STM32F7xx_HAL_Driver/Src/stm32f7xx_hal_spi.o
                0x000000000800bfd4                HAL_SPI_Transmit_DMA
 .text.HAL_SPI_TransmitReceive_DMA
                0x000000000800c1ac      0x318 Drivers/STM32F7xx_HAL_Driver/Src/stm32f7xx_hal_spi.o
                0x000000000800c1ac                HAL_SPI_TransmitReceive_DMA
 .text.HAL_SPI_IRQHandler
                0x000000000800c4c4      0x200 Drivers/STM32F7xx_HAL_Driver/Src/stm32f7xx_hal_spi.o
                0x000000000800c4c4                HAL_SPI_IRQHandler
 .text.HAL_SPI_TxHalfCpltCallback
                0x000000000800c6c4       0x14 Drivers/STM32F7xx_HAL_Driver/Src/stm32f7xx_hal_spi.o
                0x000000000800c6c4                HAL_SPI_TxHalfCpltCallback
 .text.HAL_SPI_RxHalfCpltCallback
                0x000000000800c6d8       0x14 Drivers/STM32F7xx_HAL_Driver/Src/stm32f7xx_hal_spi.o
                0x000000000800c6d8                HAL_SPI_RxHalfCpltCallback
 .text.HAL_SPI_TxRxHalfCpltCallback
                0x000000000800c6ec       0x14 Drivers/STM32F7xx_HAL_Driver/Src/stm32f7xx_hal_spi.o
                0x000000000800c6ec                HAL_SPI_TxRxHalfCpltCallback
 .text.SPI_DMATransmitCplt
                0x000000000800c700       0xa8 Drivers/STM32F7xx_HAL_Driver/Src/stm32f7xx_hal_spi.o
 .text.SPI_DMAReceiveCplt
                0x000000000800c7a8       0x86 Drivers/STM32F7xx_HAL_Driver/Src/stm32f7xx_hal_spi.o
 .text.SPI_DMATransmitReceiveCplt
                0x000000000800c82e       0x92 Drivers/STM32F7xx_HAL_Driver/Src/stm32f7xx_hal_spi.o
 .text.SPI_DMAHalfTransmitCplt
                0x000000000800c8c0       0x1c Drivers/STM32F7xx_HAL_Driver/Src/stm32f7xx_hal_spi.o
 .text.SPI_DMAHalfReceiveCplt
                0x000000000800c8dc       0x1c Drivers/STM32F7xx_HAL_Driver/Src/stm32f7xx_hal_spi.o
 .text.SPI_DMAHalfTransmitReceiveCplt
                0x000000000800c8f8       0x1c Drivers/STM32F7xx_HAL_Driver/Src/stm32f7xx_hal_spi.o
 .text.SPI_DMAError
                0x000000000800c914       0x40 Drivers/STM32F7xx_HAL_Driver/Src/stm32f7xx_hal_spi.o
 .text.SPI_DMAAbortOnError
                0x000000000800c954       0x2a Drivers/STM32F7xx_HAL_Driver/Src/stm32f7xx_hal_spi.o
 .text.SPI_WaitFlagStateUntilTimeout
                0x000000000800c97e       0xd4 Drivers/STM32F7xx_HAL_Driver/Src/stm32f7xx_hal_spi.o
 .text.SPI_WaitFifoStateUntilTimeout
                0x000000000800ca52       0xda Drivers/STM32F7xx_HAL_Driver/Src/stm32f7xx_hal_spi.o
 .text.SPI_EndRxTransaction
                0x000000000800cb2c       0xb0 Drivers/STM32F7xx_HAL_Driver/Src/stm32f7xx_hal_spi.o
 .text.SPI_EndRxTxTransaction
                0x000000000800cbdc       0x8c Drivers/STM32F7xx_HAL_Driver/Src/stm32f7xx_hal_spi.o
 .text.HAL_TIM_Base_Init
                0x000000000800cc68       0x56 Drivers/STM32F7xx_HAL_Driver/Src/stm32f7xx_hal_tim.o
                0x000000000800cc68                HAL_TIM_Base_Init
 *fill*         0x000000000800ccbe        0x2 
 .text.HAL_TIM_Base_Start
                0x000000000800ccc0       0x54 Drivers/STM32F7xx_HAL_Driver/Src/stm32f7xx_hal_tim.o
                0x000000000800ccc0                HAL_TIM_Base_Start
 .text.HAL_TIM_Base_Start_IT
                0x000000000800cd14       0x54 Drivers/STM32F7xx_HAL_Driver/Src/stm32f7xx_hal_tim.o
                0x000000000800cd14                HAL_TIM_Base_Start_IT
 .text.HAL_TIM_PWM_Init
                0x000000000800cd68       0x56 Drivers/STM32F7xx_HAL_Driver/Src/stm32f7xx_hal_tim.o
                0x000000000800cd68                HAL_TIM_PWM_Init
 .text.HAL_TIM_OnePulse_Init
                0x000000000800cdbe       0x78 Drivers/STM32F7xx_HAL_Driver/Src/stm32f7xx_hal_tim.o
                0x000000000800cdbe                HAL_TIM_OnePulse_Init
 .text.HAL_TIM_OnePulse_MspInit
                0x000000000800ce36       0x14 Drivers/STM32F7xx_HAL_Driver/Src/stm32f7xx_hal_tim.o
                0x000000000800ce36                HAL_TIM_OnePulse_MspInit
 .text.HAL_TIM_IRQHandler
                0x000000000800ce4a      0x23e Drivers/STM32F7xx_HAL_Driver/Src/stm32f7xx_hal_tim.o
                0x000000000800ce4a                HAL_TIM_IRQHandler
 .text.HAL_TIM_PWM_ConfigChannel
                0x000000000800d088      0x230 Drivers/STM32F7xx_HAL_Driver/Src/stm32f7xx_hal_tim.o
                0x000000000800d088                HAL_TIM_PWM_ConfigChannel
 .text.HAL_TIM_ConfigClockSource
                0x000000000800d2b8      0x174 Drivers/STM32F7xx_HAL_Driver/Src/stm32f7xx_hal_tim.o
                0x000000000800d2b8                HAL_TIM_ConfigClockSource
 .text.HAL_TIM_OC_DelayElapsedCallback
                0x000000000800d42c       0x14 Drivers/STM32F7xx_HAL_Driver/Src/stm32f7xx_hal_tim.o
                0x000000000800d42c                HAL_TIM_OC_DelayElapsedCallback
 .text.HAL_TIM_IC_CaptureCallback
                0x000000000800d440       0x14 Drivers/STM32F7xx_HAL_Driver/Src/stm32f7xx_hal_tim.o
                0x000000000800d440                HAL_TIM_IC_CaptureCallback
 .text.HAL_TIM_PWM_PulseFinishedCallback
                0x000000000800d454       0x14 Drivers/STM32F7xx_HAL_Driver/Src/stm32f7xx_hal_tim.o
                0x000000000800d454                HAL_TIM_PWM_PulseFinishedCallback
 .text.HAL_TIM_TriggerCallback
                0x000000000800d468       0x14 Drivers/STM32F7xx_HAL_Driver/Src/stm32f7xx_hal_tim.o
                0x000000000800d468                HAL_TIM_TriggerCallback
 .text.TIM_Base_SetConfig
                0x000000000800d47c      0x140 Drivers/STM32F7xx_HAL_Driver/Src/stm32f7xx_hal_tim.o
                0x000000000800d47c                TIM_Base_SetConfig
 .text.TIM_OC1_SetConfig
                0x000000000800d5bc       0xe4 Drivers/STM32F7xx_HAL_Driver/Src/stm32f7xx_hal_tim.o
 .text.TIM_OC2_SetConfig
                0x000000000800d6a0       0xf0 Drivers/STM32F7xx_HAL_Driver/Src/stm32f7xx_hal_tim.o
                0x000000000800d6a0                TIM_OC2_SetConfig
 .text.TIM_OC3_SetConfig
                0x000000000800d790       0xec Drivers/STM32F7xx_HAL_Driver/Src/stm32f7xx_hal_tim.o
 .text.TIM_OC4_SetConfig
                0x000000000800d87c       0xb0 Drivers/STM32F7xx_HAL_Driver/Src/stm32f7xx_hal_tim.o
 .text.TIM_OC5_SetConfig
                0x000000000800d92c       0xa4 Drivers/STM32F7xx_HAL_Driver/Src/stm32f7xx_hal_tim.o
 .text.TIM_OC6_SetConfig
                0x000000000800d9d0       0xa8 Drivers/STM32F7xx_HAL_Driver/Src/stm32f7xx_hal_tim.o
 .text.TIM_TI1_ConfigInputStage
                0x000000000800da78       0x5e Drivers/STM32F7xx_HAL_Driver/Src/stm32f7xx_hal_tim.o
 .text.TIM_TI2_ConfigInputStage
                0x000000000800dad6       0x60 Drivers/STM32F7xx_HAL_Driver/Src/stm32f7xx_hal_tim.o
 .text.TIM_ITRx_SetConfig
                0x000000000800db36       0x36 Drivers/STM32F7xx_HAL_Driver/Src/stm32f7xx_hal_tim.o
 .text.TIM_ETR_SetConfig
                0x000000000800db6c       0x40 Drivers/STM32F7xx_HAL_Driver/Src/stm32f7xx_hal_tim.o
                0x000000000800db6c                TIM_ETR_SetConfig
 .text.HAL_TIMEx_PWMN_Start
                0x000000000800dbac       0x60 Drivers/STM32F7xx_HAL_Driver/Src/stm32f7xx_hal_tim_ex.o
                0x000000000800dbac                HAL_TIMEx_PWMN_Start
 .text.HAL_TIMEx_MasterConfigSynchronization
                0x000000000800dc0c      0x11c Drivers/STM32F7xx_HAL_Driver/Src/stm32f7xx_hal_tim_ex.o
                0x000000000800dc0c                HAL_TIMEx_MasterConfigSynchronization
 .text.HAL_TIMEx_ConfigBreakDeadTime
                0x000000000800dd28       0xfc Drivers/STM32F7xx_HAL_Driver/Src/stm32f7xx_hal_tim_ex.o
                0x000000000800dd28                HAL_TIMEx_ConfigBreakDeadTime
 .text.HAL_TIMEx_CommutCallback
                0x000000000800de24       0x14 Drivers/STM32F7xx_HAL_Driver/Src/stm32f7xx_hal_tim_ex.o
                0x000000000800de24                HAL_TIMEx_CommutCallback
 .text.HAL_TIMEx_BreakCallback
                0x000000000800de38       0x14 Drivers/STM32F7xx_HAL_Driver/Src/stm32f7xx_hal_tim_ex.o
                0x000000000800de38                HAL_TIMEx_BreakCallback
 .text.HAL_TIMEx_Break2Callback
                0x000000000800de4c       0x14 Drivers/STM32F7xx_HAL_Driver/Src/stm32f7xx_hal_tim_ex.o
                0x000000000800de4c                HAL_TIMEx_Break2Callback
 .text.TIM_CCxNChannelCmd
                0x000000000800de60       0x4a Drivers/STM32F7xx_HAL_Driver/Src/stm32f7xx_hal_tim_ex.o
 .text.HAL_UART_Init
                0x000000000800deaa       0x9c Drivers/STM32F7xx_HAL_Driver/Src/stm32f7xx_hal_uart.o
                0x000000000800deaa                HAL_UART_Init
 *fill*         0x000000000800df46        0x2 
 .text.HAL_UART_Transmit_DMA
                0x000000000800df48       0xf8 Drivers/STM32F7xx_HAL_Driver/Src/stm32f7xx_hal_uart.o
                0x000000000800df48                HAL_UART_Transmit_DMA
 .text.HAL_UART_Receive_DMA
                0x000000000800e040      0x108 Drivers/STM32F7xx_HAL_Driver/Src/stm32f7xx_hal_uart.o
                0x000000000800e040                HAL_UART_Receive_DMA
 .text.HAL_UART_IRQHandler
                0x000000000800e148      0x264 Drivers/STM32F7xx_HAL_Driver/Src/stm32f7xx_hal_uart.o
                0x000000000800e148                HAL_UART_IRQHandler
 .text.HAL_UART_TxHalfCpltCallback
                0x000000000800e3ac       0x14 Drivers/STM32F7xx_HAL_Driver/Src/stm32f7xx_hal_uart.o
                0x000000000800e3ac                HAL_UART_TxHalfCpltCallback
 .text.HAL_UART_RxCpltCallback
                0x000000000800e3c0       0x14 Drivers/STM32F7xx_HAL_Driver/Src/stm32f7xx_hal_uart.o
                0x000000000800e3c0                HAL_UART_RxCpltCallback
 .text.HAL_UART_RxHalfCpltCallback
                0x000000000800e3d4       0x14 Drivers/STM32F7xx_HAL_Driver/Src/stm32f7xx_hal_uart.o
                0x000000000800e3d4                HAL_UART_RxHalfCpltCallback
 .text.UART_SetConfig
                0x000000000800e3e8      0x554 Drivers/STM32F7xx_HAL_Driver/Src/stm32f7xx_hal_uart.o
                0x000000000800e3e8                UART_SetConfig
 .text.UART_AdvFeatureConfig
                0x000000000800e93c      0x144 Drivers/STM32F7xx_HAL_Driver/Src/stm32f7xx_hal_uart.o
                0x000000000800e93c                UART_AdvFeatureConfig
 .text.UART_CheckIdleState
                0x000000000800ea80       0x5e Drivers/STM32F7xx_HAL_Driver/Src/stm32f7xx_hal_uart.o
                0x000000000800ea80                UART_CheckIdleState
 .text.UART_WaitOnFlagUntilTimeout
                0x000000000800eade       0xf6 Drivers/STM32F7xx_HAL_Driver/Src/stm32f7xx_hal_uart.o
                0x000000000800eade                UART_WaitOnFlagUntilTimeout
 .text.UART_EndTxTransfer
                0x000000000800ebd4       0x2a Drivers/STM32F7xx_HAL_Driver/Src/stm32f7xx_hal_uart.o
 .text.UART_EndRxTransfer
                0x000000000800ebfe       0x40 Drivers/STM32F7xx_HAL_Driver/Src/stm32f7xx_hal_uart.o
 .text.UART_DMATransmitCplt
                0x000000000800ec3e       0x50 Drivers/STM32F7xx_HAL_Driver/Src/stm32f7xx_hal_uart.o
 .text.UART_DMATxHalfCplt
                0x000000000800ec8e       0x1c Drivers/STM32F7xx_HAL_Driver/Src/stm32f7xx_hal_uart.o
 .text.UART_DMAReceiveCplt
                0x000000000800ecaa       0x64 Drivers/STM32F7xx_HAL_Driver/Src/stm32f7xx_hal_uart.o
 .text.UART_DMARxHalfCplt
                0x000000000800ed0e       0x1c Drivers/STM32F7xx_HAL_Driver/Src/stm32f7xx_hal_uart.o
 .text.UART_DMAError
                0x000000000800ed2a       0x78 Drivers/STM32F7xx_HAL_Driver/Src/stm32f7xx_hal_uart.o
 .text.UART_DMAAbortOnError
                0x000000000800eda2       0x2c Drivers/STM32F7xx_HAL_Driver/Src/stm32f7xx_hal_uart.o
 .text.UART_EndTransmit_IT
                0x000000000800edce       0x32 Drivers/STM32F7xx_HAL_Driver/Src/stm32f7xx_hal_uart.o
 .text.__libc_init_array
                0x000000000800ee00       0x48 c:/st/stm32cubeide_1.3.0/stm32cubeide/plugins/com.st.stm32cube.ide.mcu.externaltools.gnu-tools-for-stm32.7-2018-q2-update.win32_1.5.0.202011040924/tools/bin/../lib/gcc/arm-none-eabi/7.3.1/../../../../arm-none-eabi/lib/thumb/v7e-m/fpv4-sp/hard\libc_nano.a(lib_a-init.o)
                0x000000000800ee00                __libc_init_array
 .text.memcpy   0x000000000800ee48       0x16 c:/st/stm32cubeide_1.3.0/stm32cubeide/plugins/com.st.stm32cube.ide.mcu.externaltools.gnu-tools-for-stm32.7-2018-q2-update.win32_1.5.0.202011040924/tools/bin/../lib/gcc/arm-none-eabi/7.3.1/../../../../arm-none-eabi/lib/thumb/v7e-m/fpv4-sp/hard\libc_nano.a(lib_a-memcpy-stub.o)
                0x000000000800ee48                memcpy
 .text.memset   0x000000000800ee5e       0x10 c:/st/stm32cubeide_1.3.0/stm32cubeide/plugins/com.st.stm32cube.ide.mcu.externaltools.gnu-tools-for-stm32.7-2018-q2-update.win32_1.5.0.202011040924/tools/bin/../lib/gcc/arm-none-eabi/7.3.1/../../../../arm-none-eabi/lib/thumb/v7e-m/fpv4-sp/hard\libc_nano.a(lib_a-memset.o)
                0x000000000800ee5e                memset
 .text.strcpy   0x000000000800ee6e       0x10 c:/st/stm32cubeide_1.3.0/stm32cubeide/plugins/com.st.stm32cube.ide.mcu.externaltools.gnu-tools-for-stm32.7-2018-q2-update.win32_1.5.0.202011040924/tools/bin/../lib/gcc/arm-none-eabi/7.3.1/../../../../arm-none-eabi/lib/thumb/v7e-m/fpv4-sp/hard\libc_nano.a(lib_a-strcpy.o)
                0x000000000800ee6e                strcpy
 *(.glue_7)
 .glue_7        0x000000000800ee7e        0x0 linker stubs
 *(.glue_7t)
 .glue_7t       0x000000000800ee7e        0x0 linker stubs
 *(.eh_frame)
 *fill*         0x000000000800ee7e        0x2 
 .eh_frame      0x000000000800ee80        0x0 c:/st/stm32cubeide_1.3.0/stm32cubeide/plugins/com.st.stm32cube.ide.mcu.externaltools.gnu-tools-for-stm32.7-2018-q2-update.win32_1.5.0.202011040924/tools/bin/../lib/gcc/arm-none-eabi/7.3.1/thumb/v7e-m/fpv4-sp/hard/crtbegin.o
 *(.init)
 .init          0x000000000800ee80        0x4 c:/st/stm32cubeide_1.3.0/stm32cubeide/plugins/com.st.stm32cube.ide.mcu.externaltools.gnu-tools-for-stm32.7-2018-q2-update.win32_1.5.0.202011040924/tools/bin/../lib/gcc/arm-none-eabi/7.3.1/thumb/v7e-m/fpv4-sp/hard/crti.o
                0x000000000800ee80                _init
 .init          0x000000000800ee84        0x8 c:/st/stm32cubeide_1.3.0/stm32cubeide/plugins/com.st.stm32cube.ide.mcu.externaltools.gnu-tools-for-stm32.7-2018-q2-update.win32_1.5.0.202011040924/tools/bin/../lib/gcc/arm-none-eabi/7.3.1/thumb/v7e-m/fpv4-sp/hard/crtn.o
 *(.fini)
 .fini          0x000000000800ee8c        0x4 c:/st/stm32cubeide_1.3.0/stm32cubeide/plugins/com.st.stm32cube.ide.mcu.externaltools.gnu-tools-for-stm32.7-2018-q2-update.win32_1.5.0.202011040924/tools/bin/../lib/gcc/arm-none-eabi/7.3.1/thumb/v7e-m/fpv4-sp/hard/crti.o
                0x000000000800ee8c                _fini
 .fini          0x000000000800ee90        0x8 c:/st/stm32cubeide_1.3.0/stm32cubeide/plugins/com.st.stm32cube.ide.mcu.externaltools.gnu-tools-for-stm32.7-2018-q2-update.win32_1.5.0.202011040924/tools/bin/../lib/gcc/arm-none-eabi/7.3.1/thumb/v7e-m/fpv4-sp/hard/crtn.o
                0x000000000800ee98                . = ALIGN (0x4)
                0x000000000800ee98                _etext = .

.vfp11_veneer   0x000000000800ee98        0x0
 .vfp11_veneer  0x000000000800ee98        0x0 linker stubs

.v4_bx          0x000000000800ee98        0x0
 .v4_bx         0x000000000800ee98        0x0 linker stubs

.iplt           0x000000000800ee98        0x0
 .iplt          0x000000000800ee98        0x0 c:/st/stm32cubeide_1.3.0/stm32cubeide/plugins/com.st.stm32cube.ide.mcu.externaltools.gnu-tools-for-stm32.7-2018-q2-update.win32_1.5.0.202011040924/tools/bin/../lib/gcc/arm-none-eabi/7.3.1/thumb/v7e-m/fpv4-sp/hard/crtbegin.o

.rodata         0x000000000800ee98       0x30
                0x000000000800ee98                . = ALIGN (0x4)
 *(.rodata)
 .rodata        0x000000000800ee98        0x1 Core/Src/acis.o
 *fill*         0x000000000800ee99        0x3 
 .rodata        0x000000000800ee9c        0xa Core/Src/config.o
 *(.rodata*)
 *fill*         0x000000000800eea6        0x2 
 .rodata.AHBPrescTable
                0x000000000800eea8       0x10 Core/Src/system_stm32f7xx.o
                0x000000000800eea8                AHBPrescTable
 .rodata.APBPrescTable
                0x000000000800eeb8        0x8 Core/Src/system_stm32f7xx.o
                0x000000000800eeb8                APBPrescTable
 .rodata.flagBitshiftOffset.8967
                0x000000000800eec0        0x8 Drivers/STM32F7xx_HAL_Driver/Src/stm32f7xx_hal_dma.o
                0x000000000800eec8                . = ALIGN (0x4)

.ARM.extab      0x000000000800eec8        0x0
                0x000000000800eec8                . = ALIGN (0x4)
 *(.ARM.extab* .gnu.linkonce.armextab.*)
                0x000000000800eec8                . = ALIGN (0x4)

.ARM            0x000000000800eec8        0x8
                0x000000000800eec8                . = ALIGN (0x4)
                0x000000000800eec8                __exidx_start = .
 *(.ARM.exidx*)
 .ARM.exidx     0x000000000800eec8        0x8 c:/st/stm32cubeide_1.3.0/stm32cubeide/plugins/com.st.stm32cube.ide.mcu.externaltools.gnu-tools-for-stm32.7-2018-q2-update.win32_1.5.0.202011040924/tools/bin/../lib/gcc/arm-none-eabi/7.3.1/thumb/v7e-m/fpv4-sp/hard\libgcc.a(_udivmoddi4.o)
                0x000000000800eed0                __exidx_end = .
                0x000000000800eed0                . = ALIGN (0x4)

.rel.dyn        0x000000000800eed0        0x0
 .rel.iplt      0x000000000800eed0        0x0 c:/st/stm32cubeide_1.3.0/stm32cubeide/plugins/com.st.stm32cube.ide.mcu.externaltools.gnu-tools-for-stm32.7-2018-q2-update.win32_1.5.0.202011040924/tools/bin/../lib/gcc/arm-none-eabi/7.3.1/thumb/v7e-m/fpv4-sp/hard/crtbegin.o

.preinit_array  0x000000000800eed0        0x0
                0x000000000800eed0                . = ALIGN (0x4)
                0x000000000800eed0                PROVIDE (__preinit_array_start = .)
 *(.preinit_array*)
                0x000000000800eed0                PROVIDE (__preinit_array_end = .)
                0x000000000800eed0                . = ALIGN (0x4)

.init_array     0x000000000800eed0        0x4
                0x000000000800eed0                . = ALIGN (0x4)
                0x000000000800eed0                PROVIDE (__init_array_start = .)
 *(SORT_BY_NAME(.init_array.*))
 *(.init_array*)
 .init_array    0x000000000800eed0        0x4 c:/st/stm32cubeide_1.3.0/stm32cubeide/plugins/com.st.stm32cube.ide.mcu.externaltools.gnu-tools-for-stm32.7-2018-q2-update.win32_1.5.0.202011040924/tools/bin/../lib/gcc/arm-none-eabi/7.3.1/thumb/v7e-m/fpv4-sp/hard/crtbegin.o
                0x000000000800eed4                PROVIDE (__init_array_end = .)
                0x000000000800eed4                . = ALIGN (0x4)

.fini_array     0x000000000800eed4        0x4
                0x000000000800eed4                . = ALIGN (0x4)
                [!provide]                        PROVIDE (__fini_array_start = .)
 *(SORT_BY_NAME(.fini_array.*))
 *(.fini_array*)
 .fini_array    0x000000000800eed4        0x4 c:/st/stm32cubeide_1.3.0/stm32cubeide/plugins/com.st.stm32cube.ide.mcu.externaltools.gnu-tools-for-stm32.7-2018-q2-update.win32_1.5.0.202011040924/tools/bin/../lib/gcc/arm-none-eabi/7.3.1/thumb/v7e-m/fpv4-sp/hard/crtbegin.o
                [!provide]                        PROVIDE (__fini_array_end = .)
                0x000000000800eed8                . = ALIGN (0x4)
                0x000000000800eed8                _sidata = LOADADDR (.data)

.data           0x0000000020010000     0x1448 load address 0x000000000800eed8
                0x0000000020010000                . = ALIGN (0x4)
                0x0000000020010000                _sdata = .
 *(.data)
 *(.data*)
 .data.PK_GeneralStatusResponse
                0x0000000020010000       0x30 Common/packets.o
                0x0000000020010000                PK_GeneralStatusResponse
 .data.ign_ftime
                0x0000000020010030        0x1 Core/Src/acis.o
 .data.StatusInit
                0x0000000020010031        0x1 Core/Src/acis.o
 .data.isInitial.10060
                0x0000000020010032        0x1 Core/Src/acis.o
 *fill*         0x0000000020010033        0x1 
 .data.lastRotated.10059
                0x0000000020010034        0x4 Core/Src/acis.o
 .data.isInitial.10113
                0x0000000020010038        0x1 Core/Src/acis.o
 *fill*         0x0000000020010039        0x3 
 .data.lastRotated.10111
                0x000000002001003c        0x4 Core/Src/acis.o
 .data.saturated.10157
                0x0000000020010040        0x2 Core/Src/acis.o
 *fill*         0x0000000020010042        0x2 
 .data.ignited.10158
                0x0000000020010044        0x2 Core/Src/acis.o
 *fill*         0x0000000020010046        0x2 
 .data.CspsDataPtr
                0x0000000020010048        0x4 Core/Src/csps.o
 .data.map_data
                0x000000002001004c        0x4 Core/Src/map.o
 .data.SystemCoreClock
                0x0000000020010050        0x4 Core/Src/system_stm32f7xx.o
                0x0000000020010050                SystemCoreClock
 .data.ReceivedAckPacket
                0x0000000020010054        0x2 Core/Src/xCommand.o
 *fill*         0x0000000020010056        0xa 
 .data.xHandles
                0x0000000020010060     0x13e0 Core/Src/xCommand.o
 .data.uwTickPrio
                0x0000000020011440        0x4 Drivers/STM32F7xx_HAL_Driver/Src/stm32f7xx_hal.o
                0x0000000020011440                uwTickPrio
 .data.uwTickFreq
                0x0000000020011444        0x1 Drivers/STM32F7xx_HAL_Driver/Src/stm32f7xx_hal.o
                0x0000000020011444                uwTickFreq
                0x0000000020011448                . = ALIGN (0x4)
 *fill*         0x0000000020011445        0x3 
                0x0000000020011448                _edata = .

.igot.plt       0x0000000020011448        0x0 load address 0x0000000008010320
 .igot.plt      0x0000000020011448        0x0 c:/st/stm32cubeide_1.3.0/stm32cubeide/plugins/com.st.stm32cube.ide.mcu.externaltools.gnu-tools-for-stm32.7-2018-q2-update.win32_1.5.0.202011040924/tools/bin/../lib/gcc/arm-none-eabi/7.3.1/thumb/v7e-m/fpv4-sp/hard/crtbegin.o
                0x0000000020011448                . = ALIGN (0x4)

.bss            0x0000000020011460     0x5040 load address 0x0000000008010320
                0x0000000020011460                _sbss = .
                0x0000000020011460                __bss_start__ = _sbss
 *(.bss)
 .bss           0x0000000020011460       0x1c c:/st/stm32cubeide_1.3.0/stm32cubeide/plugins/com.st.stm32cube.ide.mcu.externaltools.gnu-tools-for-stm32.7-2018-q2-update.win32_1.5.0.202011040924/tools/bin/../lib/gcc/arm-none-eabi/7.3.1/thumb/v7e-m/fpv4-sp/hard/crtbegin.o
 *(.bss*)
 .bss.ign14_sat
                0x000000002001147c        0x4 Core/Src/acis.o
 .bss.ign23_sat
                0x0000000020011480        0x4 Core/Src/acis.o
 .bss.ign14_time
                0x0000000020011484        0x4 Core/Src/acis.o
 .bss.ign23_time
                0x0000000020011488        0x4 Core/Src/acis.o
 .bss.ign14_prev
                0x000000002001148c        0x4 Core/Src/acis.o
 .bss.ign23_prev
                0x0000000020011490        0x4 Core/Src/acis.o
 .bss.hall_prev
                0x0000000020011494        0x4 Core/Src/acis.o
 .bss.hall_angle
                0x0000000020011498        0x4 Core/Src/acis.o
 .bss.hall_error
                0x000000002001149c        0x4 Core/Src/acis.o
 .bss.hall_rotates
                0x00000000200114a0        0x1 Core/Src/acis.o
 *fill*         0x00000000200114a1        0x3 
 .bss.angle_time
                0x00000000200114a4        0x4 Core/Src/acis.o
 .bss.angle_ignite
                0x00000000200114a8        0x4 Core/Src/acis.o
 .bss.angle_saturate
                0x00000000200114ac        0x4 Core/Src/acis.o
 .bss.table_current
                0x00000000200114b0        0x1 Core/Src/acis.o
 .bss.valve_current
                0x00000000200114b1        0x1 Core/Src/acis.o
 *fill*         0x00000000200114b2        0x2 
 .bss.power_voltage
                0x00000000200114b4        0x4 Core/Src/acis.o
 .bss.switch_fuel_pos
                0x00000000200114b8        0x1 Core/Src/acis.o
 .bss.saturated_14
                0x00000000200114b9        0x1 Core/Src/acis.o
 .bss.saturated_23
                0x00000000200114ba        0x1 Core/Src/acis.o
 *fill*         0x00000000200114bb        0x1 
 .bss.TIME1     0x00000000200114bc        0x4 Core/Src/acis.o
                0x00000000200114bc                TIME1
 .bss.TIME2     0x00000000200114c0        0x4 Core/Src/acis.o
                0x00000000200114c0                TIME2
 .bss.TIME3     0x00000000200114c4        0x4 Core/Src/acis.o
                0x00000000200114c4                TIME3
 .bss.TIME11    0x00000000200114c8        0x4 Core/Src/acis.o
                0x00000000200114c8                TIME11
 .bss.TIME22    0x00000000200114cc        0x4 Core/Src/acis.o
                0x00000000200114cc                TIME22
 .bss.TIME33    0x00000000200114d0        0x4 Core/Src/acis.o
                0x00000000200114d0                TIME33
 .bss.lastAccepted.10112
                0x00000000200114d4        0x4 Core/Src/acis.o
 .bss.oldanglesbeforeignite.10156
                0x00000000200114d8        0x8 Core/Src/acis.o
 .bss.start_ign_allow.10160
                0x00000000200114e0        0x2 Core/Src/acis.o
 *fill*         0x00000000200114e2        0x2 
 .bss.start_ign_state.10159
                0x00000000200114e4        0x2 Core/Src/acis.o
 *fill*         0x00000000200114e6        0x2 
 .bss.start_ign_last.10161
                0x00000000200114e8        0x8 Core/Src/acis.o
 .bss.rpm_last.10183
                0x00000000200114f0        0x4 Core/Src/acis.o
 .bss.sending.10180
                0x00000000200114f4        0x1 Core/Src/acis.o
 .bss.size.10182
                0x00000000200114f5        0x1 Core/Src/acis.o
 .bss.destination.10181
                0x00000000200114f6        0x1 Core/Src/acis.o
 .bss.valve_old.10184
                0x00000000200114f7        0x1 Core/Src/acis.o
 .bss.last_error_null.10049
                0x00000000200114f8        0x4 Core/Src/acis.o
 .bss.handle_crc
                0x00000000200114fc        0x4 Core/Src/crc.o
 .bss.cspc_irq_data
                0x0000000020011500       0x20 Core/Src/csps.o
                0x0000000020011500                cspc_irq_data
 .bss.csps_found
                0x0000000020011520        0x1 Core/Src/csps.o
                0x0000000020011520                csps_found
 .bss.csps_rotates
                0x0000000020011521        0x1 Core/Src/csps.o
                0x0000000020011521                csps_rotates
 *fill*         0x0000000020011522        0x2 
 .bss.csps_pulse_last
                0x0000000020011524        0x4 Core/Src/csps.o
                0x0000000020011524                csps_pulse_last
 .bss.csps_last
                0x0000000020011528        0x4 Core/Src/csps.o
                0x0000000020011528                csps_last
 .bss.csps_errors
                0x000000002001152c        0x4 Core/Src/csps.o
                0x000000002001152c                csps_errors
 .bss.csps_rpm  0x0000000020011530        0x4 Core/Src/csps.o
                0x0000000020011530                csps_rpm
 .bss.csps_rpm_gui
                0x0000000020011534        0x4 Core/Src/csps.o
                0x0000000020011534                csps_rpm_gui
 .bss.csps_uspa
                0x0000000020011538        0x4 Core/Src/csps.o
                0x0000000020011538                csps_uspa
 .bss.csps_period
                0x000000002001153c        0x4 Core/Src/csps.o
                0x000000002001153c                csps_period
 .bss.CspsData  0x0000000020011540      0x200 Core/Src/csps.o
 .bss.t1.9820   0x0000000020011740        0x4 Core/Src/csps.o
 .bss.average_prev.9818
                0x0000000020011744        0x4 Core/Src/csps.o
 .bss.t2.9821   0x0000000020011748        0x4 Core/Src/csps.o
 .bss.csps_angle14.9814
                0x000000002001174c        0x4 Core/Src/csps.o
 .bss.csps_angle23.9815
                0x0000000020011750        0x4 Core/Src/csps.o
 .bss.cs14_p.9816
                0x0000000020011754        0x4 Core/Src/csps.o
 .bss.cs23_p.9817
                0x0000000020011758        0x4 Core/Src/csps.o
 .bss.dataindex.9819
                0x000000002001175c        0x1 Core/Src/csps.o
 *fill*         0x000000002001175d        0x3 
 .bss.angle_prev.9850
                0x0000000020011760        0x4 Core/Src/csps.o
 .bss.last_error_null.9902
                0x0000000020011764        0x4 Core/Src/csps.o
 .bss.htim_delay
                0x0000000020011768       0x40 Core/Src/delay.o
 .bss.TIME4     0x00000000200117a8        0x4 Core/Src/main.o
                0x00000000200117a8                TIME4
 .bss.TIME44    0x00000000200117ac        0x4 Core/Src/main.o
                0x00000000200117ac                TIME44
 .bss.ms_tim.9039
                0x00000000200117b0        0x2 Core/Src/main.o
 *fill*         0x00000000200117b2        0x2 
 .bss.delay_old.9065
                0x00000000200117b4        0x4 Core/Src/main.o
 .bss.was_attached.9070
                0x00000000200117b8        0x1 Core/Src/main.o
 .bss.map_error
                0x00000000200117b9        0x1 Core/Src/map.o
 *fill*         0x00000000200117ba        0x2 
 .bss.hspi      0x00000000200117bc        0x4 Core/Src/sst25vf032b.o
 .bss.tx        0x00000000200117c0       0x20 Core/Src/sst25vf032b.o
 .bss.rx        0x00000000200117e0       0x20 Core/Src/sst25vf032b.o
 .bss.semTx     0x0000000020011800        0x1 Core/Src/sst25vf032b.o
                0x0000000020011800                semTx
 .bss.semRx     0x0000000020011801        0x1 Core/Src/sst25vf032b.o
                0x0000000020011801                semRx
 .bss.RetriesPacket
                0x0000000020011802        0x2 Core/Src/xCommand.o
 .bss.NeedAckPacket
                0x0000000020011804        0x2 Core/Src/xCommand.o
 .bss.NeededAckPacketId
                0x0000000020011806        0x2 Core/Src/xCommand.o
 .bss.LastNotAckedTime
                0x0000000020011808        0x4 Core/Src/xCommand.o
 .bss.counter.9389
                0x000000002001180c        0x2 Core/Src/xCommand.o
 *(COMMON)
 *fill*         0x000000002001180e        0x2 
 COMMON         0x0000000020011810     0x47dc Core/Src/acis.o
                0x0000000020011810                fifoSendingQueue
                0x0000000020011824                buffSendingBuffer
                0x0000000020011924                buffSendingQueue
                0x0000000020011d24                acis_config
 COMMON         0x0000000020015fec      0x4b0 Core/Src/main.o
                0x0000000020015fec                hspi2
                0x0000000020016050                htim8
                0x0000000020016090                htim4
                0x00000000200160d0                hdma_tim7_up
                0x0000000020016130                hiwdg
                0x0000000020016140                hcrc
                0x0000000020016164                hdma_spi2_rx
                0x00000000200161c4                htim3
                0x0000000020016204                hdma_usart1_tx
                0x0000000020016264                hadc1
                0x00000000200162ac                hdma_usart1_rx
                0x000000002001630c                huart1
                0x000000002001638c                hdma_adc1
                0x00000000200163ec                hrng
                0x00000000200163fc                hdma_spi2_tx
                0x000000002001645c                htim7
 COMMON         0x000000002001649c        0x4 Drivers/STM32F7xx_HAL_Driver/Src/stm32f7xx_hal.o
                0x000000002001649c                uwTick
                0x00000000200164a0                . = ALIGN (0x4)
                0x00000000200164a0                _ebss = .
                0x00000000200164a0                __bss_end__ = _ebss

._user_heap_stack
                0x00000000200164a0      0xc00 load address 0x0000000008010320
                0x00000000200164a0                . = ALIGN (0x8)
                [!provide]                        PROVIDE (end = .)
                0x00000000200164a0                PROVIDE (_end = .)
                0x00000000200168a0                . = (. + _Min_Heap_Size)
 *fill*         0x00000000200164a0      0x400 
                0x00000000200170a0                . = (. + _Min_Stack_Size)
 *fill*         0x00000000200168a0      0x800 
                0x00000000200170a0                . = ALIGN (0x8)
                0x00000000200170a0                . = ALIGN (0x4)

.itcmram        0x0000000020000000        0x0
                0x0000000020000000                . = ALIGN (0x4)
 *(.itcmram*)
                0x0000000020000000                . = ALIGN (0x4)

.ItcmRamSection
 *(.ItcmRamSection)

/DISCARD/
 libc.a(*)
 libm.a(*)
 libgcc.a(*)

.ARM.attributes
                0x0000000000000000       0x30
 *(.ARM.attributes)
 .ARM.attributes
                0x0000000000000000       0x22 c:/st/stm32cubeide_1.3.0/stm32cubeide/plugins/com.st.stm32cube.ide.mcu.externaltools.gnu-tools-for-stm32.7-2018-q2-update.win32_1.5.0.202011040924/tools/bin/../lib/gcc/arm-none-eabi/7.3.1/thumb/v7e-m/fpv4-sp/hard/crti.o
 .ARM.attributes
                0x0000000000000022       0x34 c:/st/stm32cubeide_1.3.0/stm32cubeide/plugins/com.st.stm32cube.ide.mcu.externaltools.gnu-tools-for-stm32.7-2018-q2-update.win32_1.5.0.202011040924/tools/bin/../lib/gcc/arm-none-eabi/7.3.1/thumb/v7e-m/fpv4-sp/hard/crtbegin.o
 .ARM.attributes
                0x0000000000000056       0x39 Common/packets.o
 .ARM.attributes
                0x000000000000008f       0x39 Core/Src/acis.o
 .ARM.attributes
                0x00000000000000c8       0x39 Core/Src/config.o
 .ARM.attributes
                0x0000000000000101       0x39 Core/Src/crc.o
 .ARM.attributes
                0x000000000000013a       0x39 Core/Src/csps.o
 .ARM.attributes
                0x0000000000000173       0x39 Core/Src/delay.o
 .ARM.attributes
                0x00000000000001ac       0x39 Core/Src/main.o
 .ARM.attributes
                0x00000000000001e5       0x39 Core/Src/map.o
 .ARM.attributes
                0x000000000000021e       0x39 Core/Src/sst25vf032b.o
 .ARM.attributes
                0x0000000000000257       0x39 Core/Src/stm32f7xx_hal_msp.o
 .ARM.attributes
                0x0000000000000290       0x39 Core/Src/stm32f7xx_it.o
 .ARM.attributes
                0x00000000000002c9       0x39 Core/Src/system_stm32f7xx.o
 .ARM.attributes
                0x0000000000000302       0x39 Core/Src/xCommand.o
 .ARM.attributes
                0x000000000000033b       0x39 Core/Src/xProFIFO.o
 .ARM.attributes
                0x0000000000000374       0x21 Core/Startup/startup_stm32f722retx.o
 .ARM.attributes
                0x0000000000000395       0x39 Drivers/STM32F7xx_HAL_Driver/Src/stm32f7xx_hal.o
 .ARM.attributes
                0x00000000000003ce       0x39 Drivers/STM32F7xx_HAL_Driver/Src/stm32f7xx_hal_adc.o
 .ARM.attributes
                0x0000000000000407       0x39 Drivers/STM32F7xx_HAL_Driver/Src/stm32f7xx_hal_cortex.o
 .ARM.attributes
                0x0000000000000440       0x39 Drivers/STM32F7xx_HAL_Driver/Src/stm32f7xx_hal_crc.o
 .ARM.attributes
                0x0000000000000479       0x39 Drivers/STM32F7xx_HAL_Driver/Src/stm32f7xx_hal_crc_ex.o
 .ARM.attributes
                0x00000000000004b2       0x39 Drivers/STM32F7xx_HAL_Driver/Src/stm32f7xx_hal_dma.o
 .ARM.attributes
                0x00000000000004eb       0x39 Drivers/STM32F7xx_HAL_Driver/Src/stm32f7xx_hal_gpio.o
 .ARM.attributes
                0x0000000000000524       0x39 Drivers/STM32F7xx_HAL_Driver/Src/stm32f7xx_hal_iwdg.o
 .ARM.attributes
                0x000000000000055d       0x39 Drivers/STM32F7xx_HAL_Driver/Src/stm32f7xx_hal_pwr_ex.o
 .ARM.attributes
                0x0000000000000596       0x39 Drivers/STM32F7xx_HAL_Driver/Src/stm32f7xx_hal_rcc.o
 .ARM.attributes
                0x00000000000005cf       0x39 Drivers/STM32F7xx_HAL_Driver/Src/stm32f7xx_hal_rcc_ex.o
 .ARM.attributes
                0x0000000000000608       0x39 Drivers/STM32F7xx_HAL_Driver/Src/stm32f7xx_hal_rng.o
 .ARM.attributes
                0x0000000000000641       0x39 Drivers/STM32F7xx_HAL_Driver/Src/stm32f7xx_hal_spi.o
 .ARM.attributes
                0x000000000000067a       0x39 Drivers/STM32F7xx_HAL_Driver/Src/stm32f7xx_hal_tim.o
 .ARM.attributes
                0x00000000000006b3       0x39 Drivers/STM32F7xx_HAL_Driver/Src/stm32f7xx_hal_tim_ex.o
 .ARM.attributes
                0x00000000000006ec       0x39 Drivers/STM32F7xx_HAL_Driver/Src/stm32f7xx_hal_uart.o
 .ARM.attributes
                0x0000000000000725       0x34 c:/st/stm32cubeide_1.3.0/stm32cubeide/plugins/com.st.stm32cube.ide.mcu.externaltools.gnu-tools-for-stm32.7-2018-q2-update.win32_1.5.0.202011040924/tools/bin/../lib/gcc/arm-none-eabi/7.3.1/../../../../arm-none-eabi/lib/thumb/v7e-m/fpv4-sp/hard\libc_nano.a(lib_a-init.o)
 .ARM.attributes
                0x0000000000000759       0x34 c:/st/stm32cubeide_1.3.0/stm32cubeide/plugins/com.st.stm32cube.ide.mcu.externaltools.gnu-tools-for-stm32.7-2018-q2-update.win32_1.5.0.202011040924/tools/bin/../lib/gcc/arm-none-eabi/7.3.1/../../../../arm-none-eabi/lib/thumb/v7e-m/fpv4-sp/hard\libc_nano.a(lib_a-memcpy-stub.o)
 .ARM.attributes
                0x000000000000078d       0x34 c:/st/stm32cubeide_1.3.0/stm32cubeide/plugins/com.st.stm32cube.ide.mcu.externaltools.gnu-tools-for-stm32.7-2018-q2-update.win32_1.5.0.202011040924/tools/bin/../lib/gcc/arm-none-eabi/7.3.1/../../../../arm-none-eabi/lib/thumb/v7e-m/fpv4-sp/hard\libc_nano.a(lib_a-memset.o)
 .ARM.attributes
                0x00000000000007c1       0x34 c:/st/stm32cubeide_1.3.0/stm32cubeide/plugins/com.st.stm32cube.ide.mcu.externaltools.gnu-tools-for-stm32.7-2018-q2-update.win32_1.5.0.202011040924/tools/bin/../lib/gcc/arm-none-eabi/7.3.1/../../../../arm-none-eabi/lib/thumb/v7e-m/fpv4-sp/hard\libc_nano.a(lib_a-strcpy.o)
 .ARM.attributes
                0x00000000000007f5       0x22 c:/st/stm32cubeide_1.3.0/stm32cubeide/plugins/com.st.stm32cube.ide.mcu.externaltools.gnu-tools-for-stm32.7-2018-q2-update.win32_1.5.0.202011040924/tools/bin/../lib/gcc/arm-none-eabi/7.3.1/thumb/v7e-m/fpv4-sp/hard\libgcc.a(_arm_addsubdf3.o)
 .ARM.attributes
                0x0000000000000817       0x22 c:/st/stm32cubeide_1.3.0/stm32cubeide/plugins/com.st.stm32cube.ide.mcu.externaltools.gnu-tools-for-stm32.7-2018-q2-update.win32_1.5.0.202011040924/tools/bin/../lib/gcc/arm-none-eabi/7.3.1/thumb/v7e-m/fpv4-sp/hard\libgcc.a(_arm_muldivdf3.o)
 .ARM.attributes
                0x0000000000000839       0x22 c:/st/stm32cubeide_1.3.0/stm32cubeide/plugins/com.st.stm32cube.ide.mcu.externaltools.gnu-tools-for-stm32.7-2018-q2-update.win32_1.5.0.202011040924/tools/bin/../lib/gcc/arm-none-eabi/7.3.1/thumb/v7e-m/fpv4-sp/hard\libgcc.a(_arm_truncdfsf2.o)
 .ARM.attributes
                0x000000000000085b       0x22 c:/st/stm32cubeide_1.3.0/stm32cubeide/plugins/com.st.stm32cube.ide.mcu.externaltools.gnu-tools-for-stm32.7-2018-q2-update.win32_1.5.0.202011040924/tools/bin/../lib/gcc/arm-none-eabi/7.3.1/thumb/v7e-m/fpv4-sp/hard\libgcc.a(_aeabi_uldivmod.o)
 .ARM.attributes
                0x000000000000087d       0x34 c:/st/stm32cubeide_1.3.0/stm32cubeide/plugins/com.st.stm32cube.ide.mcu.externaltools.gnu-tools-for-stm32.7-2018-q2-update.win32_1.5.0.202011040924/tools/bin/../lib/gcc/arm-none-eabi/7.3.1/thumb/v7e-m/fpv4-sp/hard\libgcc.a(_udivmoddi4.o)
 .ARM.attributes
                0x00000000000008b1       0x22 c:/st/stm32cubeide_1.3.0/stm32cubeide/plugins/com.st.stm32cube.ide.mcu.externaltools.gnu-tools-for-stm32.7-2018-q2-update.win32_1.5.0.202011040924/tools/bin/../lib/gcc/arm-none-eabi/7.3.1/thumb/v7e-m/fpv4-sp/hard\libgcc.a(_dvmd_tls.o)
 .ARM.attributes
                0x00000000000008d3       0x22 c:/st/stm32cubeide_1.3.0/stm32cubeide/plugins/com.st.stm32cube.ide.mcu.externaltools.gnu-tools-for-stm32.7-2018-q2-update.win32_1.5.0.202011040924/tools/bin/../lib/gcc/arm-none-eabi/7.3.1/thumb/v7e-m/fpv4-sp/hard/crtn.o
OUTPUT(ACIS.elf elf32-littlearm)

.debug_info     0x0000000000000000    0x1bcbd
 .debug_info    0x0000000000000000      0x35b Common/packets.o
 .debug_info    0x000000000000035b     0x2169 Core/Src/acis.o
 .debug_info    0x00000000000024c4      0xfb6 Core/Src/config.o
 .debug_info    0x000000000000347a      0x3ec Core/Src/crc.o
 .debug_info    0x0000000000003866     0x1080 Core/Src/csps.o
 .debug_info    0x00000000000048e6      0xa1d Core/Src/delay.o
 .debug_info    0x0000000000005303     0x25de Core/Src/main.o
 .debug_info    0x00000000000078e1      0x7f2 Core/Src/map.o
 .debug_info    0x00000000000080d3     0x121e Core/Src/sst25vf032b.o
 .debug_info    0x00000000000092f1     0x1a0f Core/Src/stm32f7xx_hal_msp.o
 .debug_info    0x000000000000ad00     0x1138 Core/Src/stm32f7xx_it.o
 .debug_info    0x000000000000be38      0x73d Core/Src/system_stm32f7xx.o
 .debug_info    0x000000000000c575     0x1e83 Core/Src/xCommand.o
 .debug_info    0x000000000000e3f8      0xf65 Core/Src/xProFIFO.o
 .debug_info    0x000000000000f35d       0x22 Core/Startup/startup_stm32f722retx.o
 .debug_info    0x000000000000f37f      0xa07 Drivers/STM32F7xx_HAL_Driver/Src/stm32f7xx_hal.o
 .debug_info    0x000000000000fd86      0xc9d Drivers/STM32F7xx_HAL_Driver/Src/stm32f7xx_hal_adc.o
 .debug_info    0x0000000000010a23     0x1002 Drivers/STM32F7xx_HAL_Driver/Src/stm32f7xx_hal_cortex.o
 .debug_info    0x0000000000011a25      0x5dc Drivers/STM32F7xx_HAL_Driver/Src/stm32f7xx_hal_crc.o
 .debug_info    0x0000000000012001      0x426 Drivers/STM32F7xx_HAL_Driver/Src/stm32f7xx_hal_crc_ex.o
 .debug_info    0x0000000000012427      0x968 Drivers/STM32F7xx_HAL_Driver/Src/stm32f7xx_hal_dma.o
 .debug_info    0x0000000000012d8f      0x7dc Drivers/STM32F7xx_HAL_Driver/Src/stm32f7xx_hal_gpio.o
 .debug_info    0x000000000001356b      0x2c0 Drivers/STM32F7xx_HAL_Driver/Src/stm32f7xx_hal_iwdg.o
 .debug_info    0x000000000001382b      0x96b Drivers/STM32F7xx_HAL_Driver/Src/stm32f7xx_hal_pwr_ex.o
 .debug_info    0x0000000000014196      0x942 Drivers/STM32F7xx_HAL_Driver/Src/stm32f7xx_hal_rcc.o
 .debug_info    0x0000000000014ad8      0x79a Drivers/STM32F7xx_HAL_Driver/Src/stm32f7xx_hal_rcc_ex.o
 .debug_info    0x0000000000015272      0x552 Drivers/STM32F7xx_HAL_Driver/Src/stm32f7xx_hal_rng.o
 .debug_info    0x00000000000157c4     0x166a Drivers/STM32F7xx_HAL_Driver/Src/stm32f7xx_hal_spi.o
 .debug_info    0x0000000000016e2e     0x25a2 Drivers/STM32F7xx_HAL_Driver/Src/stm32f7xx_hal_tim.o
 .debug_info    0x00000000000193d0     0x121c Drivers/STM32F7xx_HAL_Driver/Src/stm32f7xx_hal_tim_ex.o
 .debug_info    0x000000000001a5ec     0x16d1 Drivers/STM32F7xx_HAL_Driver/Src/stm32f7xx_hal_uart.o

.debug_abbrev   0x0000000000000000     0x3d6d
 .debug_abbrev  0x0000000000000000      0x12e Common/packets.o
 .debug_abbrev  0x000000000000012e      0x326 Core/Src/acis.o
 .debug_abbrev  0x0000000000000454      0x255 Core/Src/config.o
 .debug_abbrev  0x00000000000006a9      0x145 Core/Src/crc.o
 .debug_abbrev  0x00000000000007ee      0x2f0 Core/Src/csps.o
 .debug_abbrev  0x0000000000000ade      0x1d7 Core/Src/delay.o
 .debug_abbrev  0x0000000000000cb5      0x2a1 Core/Src/main.o
 .debug_abbrev  0x0000000000000f56      0x185 Core/Src/map.o
 .debug_abbrev  0x00000000000010db      0x2bd Core/Src/sst25vf032b.o
 .debug_abbrev  0x0000000000001398      0x212 Core/Src/stm32f7xx_hal_msp.o
 .debug_abbrev  0x00000000000015aa      0x1d6 Core/Src/stm32f7xx_it.o
 .debug_abbrev  0x0000000000001780      0x147 Core/Src/system_stm32f7xx.o
 .debug_abbrev  0x00000000000018c7      0x34d Core/Src/xCommand.o
 .debug_abbrev  0x0000000000001c14      0x27a Core/Src/xProFIFO.o
 .debug_abbrev  0x0000000000001e8e       0x12 Core/Startup/startup_stm32f722retx.o
 .debug_abbrev  0x0000000000001ea0      0x1c7 Drivers/STM32F7xx_HAL_Driver/Src/stm32f7xx_hal.o
 .debug_abbrev  0x0000000000002067      0x205 Drivers/STM32F7xx_HAL_Driver/Src/stm32f7xx_hal_adc.o
 .debug_abbrev  0x000000000000226c      0x2fa Drivers/STM32F7xx_HAL_Driver/Src/stm32f7xx_hal_cortex.o
 .debug_abbrev  0x0000000000002566      0x1d1 Drivers/STM32F7xx_HAL_Driver/Src/stm32f7xx_hal_crc.o
 .debug_abbrev  0x0000000000002737      0x165 Drivers/STM32F7xx_HAL_Driver/Src/stm32f7xx_hal_crc_ex.o
 .debug_abbrev  0x000000000000289c      0x229 Drivers/STM32F7xx_HAL_Driver/Src/stm32f7xx_hal_dma.o
 .debug_abbrev  0x0000000000002ac5      0x1c9 Drivers/STM32F7xx_HAL_Driver/Src/stm32f7xx_hal_gpio.o
 .debug_abbrev  0x0000000000002c8e      0x147 Drivers/STM32F7xx_HAL_Driver/Src/stm32f7xx_hal_iwdg.o
 .debug_abbrev  0x0000000000002dd5      0x1b8 Drivers/STM32F7xx_HAL_Driver/Src/stm32f7xx_hal_pwr_ex.o
 .debug_abbrev  0x0000000000002f8d      0x21a Drivers/STM32F7xx_HAL_Driver/Src/stm32f7xx_hal_rcc.o
 .debug_abbrev  0x00000000000031a7      0x18f Drivers/STM32F7xx_HAL_Driver/Src/stm32f7xx_hal_rcc_ex.o
 .debug_abbrev  0x0000000000003336      0x1bc Drivers/STM32F7xx_HAL_Driver/Src/stm32f7xx_hal_rng.o
 .debug_abbrev  0x00000000000034f2      0x228 Drivers/STM32F7xx_HAL_Driver/Src/stm32f7xx_hal_spi.o
 .debug_abbrev  0x000000000000371a      0x230 Drivers/STM32F7xx_HAL_Driver/Src/stm32f7xx_hal_tim.o
 .debug_abbrev  0x000000000000394a      0x21e Drivers/STM32F7xx_HAL_Driver/Src/stm32f7xx_hal_tim_ex.o
 .debug_abbrev  0x0000000000003b68      0x205 Drivers/STM32F7xx_HAL_Driver/Src/stm32f7xx_hal_uart.o

.debug_aranges  0x0000000000000000     0x16c0
 .debug_aranges
                0x0000000000000000       0x20 Common/packets.o
 .debug_aranges
                0x0000000000000020       0xa0 Core/Src/acis.o
 .debug_aranges
                0x00000000000000c0       0x40 Core/Src/config.o
 .debug_aranges
                0x0000000000000100       0x30 Core/Src/crc.o
 .debug_aranges
                0x0000000000000130       0x88 Core/Src/csps.o
 .debug_aranges
                0x00000000000001b8       0x48 Core/Src/delay.o
 .debug_aranges
                0x0000000000000200       0xf0 Core/Src/main.o
 .debug_aranges
                0x00000000000002f0       0x38 Core/Src/map.o
 .debug_aranges
                0x0000000000000328       0xd8 Core/Src/sst25vf032b.o
 .debug_aranges
                0x0000000000000400       0x98 Core/Src/stm32f7xx_hal_msp.o
 .debug_aranges
                0x0000000000000498       0xc0 Core/Src/stm32f7xx_it.o
 .debug_aranges
                0x0000000000000558       0x28 Core/Src/system_stm32f7xx.o
 .debug_aranges
                0x0000000000000580       0xc8 Core/Src/xCommand.o
 .debug_aranges
                0x0000000000000648       0xd0 Core/Src/xProFIFO.o
 .debug_aranges
                0x0000000000000718       0x28 Core/Startup/startup_stm32f722retx.o
 .debug_aranges
                0x0000000000000740      0x100 Drivers/STM32F7xx_HAL_Driver/Src/stm32f7xx_hal.o
 .debug_aranges
                0x0000000000000840       0xe8 Drivers/STM32F7xx_HAL_Driver/Src/stm32f7xx_hal_adc.o
 .debug_aranges
                0x0000000000000928      0x118 Drivers/STM32F7xx_HAL_Driver/Src/stm32f7xx_hal_cortex.o
 .debug_aranges
                0x0000000000000a40       0x60 Drivers/STM32F7xx_HAL_Driver/Src/stm32f7xx_hal_crc.o
 .debug_aranges
                0x0000000000000aa0       0x30 Drivers/STM32F7xx_HAL_Driver/Src/stm32f7xx_hal_crc_ex.o
 .debug_aranges
                0x0000000000000ad0       0x90 Drivers/STM32F7xx_HAL_Driver/Src/stm32f7xx_hal_dma.o
 .debug_aranges
                0x0000000000000b60       0x58 Drivers/STM32F7xx_HAL_Driver/Src/stm32f7xx_hal_gpio.o
 .debug_aranges
                0x0000000000000bb8       0x28 Drivers/STM32F7xx_HAL_Driver/Src/stm32f7xx_hal_iwdg.o
 .debug_aranges
                0x0000000000000be0       0x80 Drivers/STM32F7xx_HAL_Driver/Src/stm32f7xx_hal_pwr_ex.o
 .debug_aranges
                0x0000000000000c60       0x88 Drivers/STM32F7xx_HAL_Driver/Src/stm32f7xx_hal_rcc.o
 .debug_aranges
                0x0000000000000ce8       0x50 Drivers/STM32F7xx_HAL_Driver/Src/stm32f7xx_hal_rcc_ex.o
 .debug_aranges
                0x0000000000000d38       0x88 Drivers/STM32F7xx_HAL_Driver/Src/stm32f7xx_hal_rng.o
 .debug_aranges
                0x0000000000000dc0      0x1d8 Drivers/STM32F7xx_HAL_Driver/Src/stm32f7xx_hal_spi.o
 .debug_aranges
                0x0000000000000f98      0x3b8 Drivers/STM32F7xx_HAL_Driver/Src/stm32f7xx_hal_tim.o
 .debug_aranges
                0x0000000000001350      0x160 Drivers/STM32F7xx_HAL_Driver/Src/stm32f7xx_hal_tim_ex.o
 .debug_aranges
                0x00000000000014b0      0x210 Drivers/STM32F7xx_HAL_Driver/Src/stm32f7xx_hal_uart.o

.debug_ranges   0x0000000000000000     0x1508
 .debug_ranges  0x0000000000000000       0x10 Common/packets.o
 .debug_ranges  0x0000000000000010       0xa8 Core/Src/acis.o
 .debug_ranges  0x00000000000000b8       0x30 Core/Src/config.o
 .debug_ranges  0x00000000000000e8       0x20 Core/Src/crc.o
 .debug_ranges  0x0000000000000108       0x78 Core/Src/csps.o
 .debug_ranges  0x0000000000000180       0x38 Core/Src/delay.o
 .debug_ranges  0x00000000000001b8       0xe0 Core/Src/main.o
 .debug_ranges  0x0000000000000298       0x28 Core/Src/map.o
 .debug_ranges  0x00000000000002c0       0xc8 Core/Src/sst25vf032b.o
 .debug_ranges  0x0000000000000388       0x88 Core/Src/stm32f7xx_hal_msp.o
 .debug_ranges  0x0000000000000410       0xb0 Core/Src/stm32f7xx_it.o
 .debug_ranges  0x00000000000004c0       0x18 Core/Src/system_stm32f7xx.o
 .debug_ranges  0x00000000000004d8       0xd0 Core/Src/xCommand.o
 .debug_ranges  0x00000000000005a8       0xc0 Core/Src/xProFIFO.o
 .debug_ranges  0x0000000000000668       0x20 Core/Startup/startup_stm32f722retx.o
 .debug_ranges  0x0000000000000688       0xf0 Drivers/STM32F7xx_HAL_Driver/Src/stm32f7xx_hal.o
 .debug_ranges  0x0000000000000778       0xd8 Drivers/STM32F7xx_HAL_Driver/Src/stm32f7xx_hal_adc.o
 .debug_ranges  0x0000000000000850      0x108 Drivers/STM32F7xx_HAL_Driver/Src/stm32f7xx_hal_cortex.o
 .debug_ranges  0x0000000000000958       0x50 Drivers/STM32F7xx_HAL_Driver/Src/stm32f7xx_hal_crc.o
 .debug_ranges  0x00000000000009a8       0x20 Drivers/STM32F7xx_HAL_Driver/Src/stm32f7xx_hal_crc_ex.o
 .debug_ranges  0x00000000000009c8       0x80 Drivers/STM32F7xx_HAL_Driver/Src/stm32f7xx_hal_dma.o
 .debug_ranges  0x0000000000000a48       0x48 Drivers/STM32F7xx_HAL_Driver/Src/stm32f7xx_hal_gpio.o
 .debug_ranges  0x0000000000000a90       0x18 Drivers/STM32F7xx_HAL_Driver/Src/stm32f7xx_hal_iwdg.o
 .debug_ranges  0x0000000000000aa8       0x70 Drivers/STM32F7xx_HAL_Driver/Src/stm32f7xx_hal_pwr_ex.o
 .debug_ranges  0x0000000000000b18       0x78 Drivers/STM32F7xx_HAL_Driver/Src/stm32f7xx_hal_rcc.o
 .debug_ranges  0x0000000000000b90       0x40 Drivers/STM32F7xx_HAL_Driver/Src/stm32f7xx_hal_rcc_ex.o
 .debug_ranges  0x0000000000000bd0       0x78 Drivers/STM32F7xx_HAL_Driver/Src/stm32f7xx_hal_rng.o
 .debug_ranges  0x0000000000000c48      0x1c8 Drivers/STM32F7xx_HAL_Driver/Src/stm32f7xx_hal_spi.o
 .debug_ranges  0x0000000000000e10      0x3a8 Drivers/STM32F7xx_HAL_Driver/Src/stm32f7xx_hal_tim.o