Archive member included to satisfy reference by file (symbol)

c:/st/stm32cubeide_1.3.0/stm32cubeide/plugins/com.st.stm32cube.ide.mcu.externaltools.gnu-tools-for-stm32.7-2018-q2-update.win32_1.5.0.202011040924/tools/bin/../lib/gcc/arm-none-eabi/7.3.1/../../../../arm-none-eabi/lib/thumb/v7e-m/fpv4-sp/hard\libc_nano.a(lib_a-errno.o)
                              Core/Src/syscalls.o (__errno)
c:/st/stm32cubeide_1.3.0/stm32cubeide/plugins/com.st.stm32cube.ide.mcu.externaltools.gnu-tools-for-stm32.7-2018-q2-update.win32_1.5.0.202011040924/tools/bin/../lib/gcc/arm-none-eabi/7.3.1/../../../../arm-none-eabi/lib/thumb/v7e-m/fpv4-sp/hard\libc_nano.a(lib_a-exit.o)
                              c:/st/stm32cubeide_1.3.0/stm32cubeide/plugins/com.st.stm32cube.ide.mcu.externaltools.gnu-tools-for-stm32.7-2018-q2-update.win32_1.5.0.202011040924/tools/bin/../lib/gcc/arm-none-eabi/7.3.1/../../../../arm-none-eabi/lib/thumb/v7e-m/fpv4-sp/hard/crt0.o (exit)
c:/st/stm32cubeide_1.3.0/stm32cubeide/plugins/com.st.stm32cube.ide.mcu.externaltools.gnu-tools-for-stm32.7-2018-q2-update.win32_1.5.0.202011040924/tools/bin/../lib/gcc/arm-none-eabi/7.3.1/../../../../arm-none-eabi/lib/thumb/v7e-m/fpv4-sp/hard\libc_nano.a(lib_a-impure.o)
                              c:/st/stm32cubeide_1.3.0/stm32cubeide/plugins/com.st.stm32cube.ide.mcu.externaltools.gnu-tools-for-stm32.7-2018-q2-update.win32_1.5.0.202011040924/tools/bin/../lib/gcc/arm-none-eabi/7.3.1/../../../../arm-none-eabi/lib/thumb/v7e-m/fpv4-sp/hard\libc_nano.a(lib_a-exit.o) (_global_impure_ptr)
c:/st/stm32cubeide_1.3.0/stm32cubeide/plugins/com.st.stm32cube.ide.mcu.externaltools.gnu-tools-for-stm32.7-2018-q2-update.win32_1.5.0.202011040924/tools/bin/../lib/gcc/arm-none-eabi/7.3.1/../../../../arm-none-eabi/lib/thumb/v7e-m/fpv4-sp/hard\libc_nano.a(lib_a-init.o)
                              c:/st/stm32cubeide_1.3.0/stm32cubeide/plugins/com.st.stm32cube.ide.mcu.externaltools.gnu-tools-for-stm32.7-2018-q2-update.win32_1.5.0.202011040924/tools/bin/../lib/gcc/arm-none-eabi/7.3.1/../../../../arm-none-eabi/lib/thumb/v7e-m/fpv4-sp/hard/crt0.o (__libc_init_array)
c:/st/stm32cubeide_1.3.0/stm32cubeide/plugins/com.st.stm32cube.ide.mcu.externaltools.gnu-tools-for-stm32.7-2018-q2-update.win32_1.5.0.202011040924/tools/bin/../lib/gcc/arm-none-eabi/7.3.1/../../../../arm-none-eabi/lib/thumb/v7e-m/fpv4-sp/hard\libc_nano.a(lib_a-memcpy-stub.o)
                              Core/Src/xCommand.o (memcpy)
c:/st/stm32cubeide_1.3.0/stm32cubeide/plugins/com.st.stm32cube.ide.mcu.externaltools.gnu-tools-for-stm32.7-2018-q2-update.win32_1.5.0.202011040924/tools/bin/../lib/gcc/arm-none-eabi/7.3.1/../../../../arm-none-eabi/lib/thumb/v7e-m/fpv4-sp/hard\libc_nano.a(lib_a-memset.o)
                              c:/st/stm32cubeide_1.3.0/stm32cubeide/plugins/com.st.stm32cube.ide.mcu.externaltools.gnu-tools-for-stm32.7-2018-q2-update.win32_1.5.0.202011040924/tools/bin/../lib/gcc/arm-none-eabi/7.3.1/../../../../arm-none-eabi/lib/thumb/v7e-m/fpv4-sp/hard/crt0.o (memset)
c:/st/stm32cubeide_1.3.0/stm32cubeide/plugins/com.st.stm32cube.ide.mcu.externaltools.gnu-tools-for-stm32.7-2018-q2-update.win32_1.5.0.202011040924/tools/bin/../lib/gcc/arm-none-eabi/7.3.1/thumb/v7e-m/fpv4-sp/hard\libgcc.a(_arm_addsubdf3.o)
                              Core/Src/acis.o (__aeabi_f2d)
c:/st/stm32cubeide_1.3.0/stm32cubeide/plugins/com.st.stm32cube.ide.mcu.externaltools.gnu-tools-for-stm32.7-2018-q2-update.win32_1.5.0.202011040924/tools/bin/../lib/gcc/arm-none-eabi/7.3.1/thumb/v7e-m/fpv4-sp/hard\libgcc.a(_arm_muldivdf3.o)
                              Core/Src/acis.o (__aeabi_dmul)
c:/st/stm32cubeide_1.3.0/stm32cubeide/plugins/com.st.stm32cube.ide.mcu.externaltools.gnu-tools-for-stm32.7-2018-q2-update.win32_1.5.0.202011040924/tools/bin/../lib/gcc/arm-none-eabi/7.3.1/thumb/v7e-m/fpv4-sp/hard\libgcc.a(_arm_truncdfsf2.o)
                              Core/Src/acis.o (__aeabi_d2f)
c:/st/stm32cubeide_1.3.0/stm32cubeide/plugins/com.st.stm32cube.ide.mcu.externaltools.gnu-tools-for-stm32.7-2018-q2-update.win32_1.5.0.202011040924/tools/bin/../lib/gcc/arm-none-eabi/7.3.1/thumb/v7e-m/fpv4-sp/hard\libgcc.a(_aeabi_uldivmod.o)
                              Drivers/STM32F7xx_HAL_Driver/Src/stm32f7xx_hal_rcc.o (__aeabi_uldivmod)
c:/st/stm32cubeide_1.3.0/stm32cubeide/plugins/com.st.stm32cube.ide.mcu.externaltools.gnu-tools-for-stm32.7-2018-q2-update.win32_1.5.0.202011040924/tools/bin/../lib/gcc/arm-none-eabi/7.3.1/thumb/v7e-m/fpv4-sp/hard\libgcc.a(_udivmoddi4.o)
                              c:/st/stm32cubeide_1.3.0/stm32cubeide/plugins/com.st.stm32cube.ide.mcu.externaltools.gnu-tools-for-stm32.7-2018-q2-update.win32_1.5.0.202011040924/tools/bin/../lib/gcc/arm-none-eabi/7.3.1/thumb/v7e-m/fpv4-sp/hard\libgcc.a(_aeabi_uldivmod.o) (__udivmoddi4)
[...]
Memory Configuration

Name             Origin             Length             Attributes
RAM              0x0000000020010000 0x0000000000030000 xrw
RAM_ITCM         0x0000000020000000 0x0000000000010000 xrw
FLASH            0x0000000008000000 0x0000000000080000 xr
*default*        0x0000000000000000 0xffffffffffffffff

Linker script and memory map

LOAD c:/st/stm32cubeide_1.3.0/stm32cubeide/plugins/com.st.stm32cube.ide.mcu.externaltools.gnu-tools-for-stm32.7-2018-q2-update.win32_1.5.0.202011040924/tools/bin/../lib/gcc/arm-none-eabi/7.3.1/thumb/v7e-m/fpv4-sp/hard/crti.o
LOAD c:/st/stm32cubeide_1.3.0/stm32cubeide/plugins/com.st.stm32cube.ide.mcu.externaltools.gnu-tools-for-stm32.7-2018-q2-update.win32_1.5.0.202011040924/tools/bin/../lib/gcc/arm-none-eabi/7.3.1/thumb/v7e-m/fpv4-sp/hard/crtbegin.o
LOAD c:/st/stm32cubeide_1.3.0/stm32cubeide/plugins/com.st.stm32cube.ide.mcu.externaltools.gnu-tools-for-stm32.7-2018-q2-update.win32_1.5.0.202011040924/tools/bin/../lib/gcc/arm-none-eabi/7.3.1/../../../../arm-none-eabi/lib/thumb/v7e-m/fpv4-sp/hard/crt0.o
LOAD Common/packets.o
LOAD Core/Src/acis.o
LOAD Core/Src/crc.o
LOAD Core/Src/csps.o
LOAD Core/Src/delay.o
LOAD Core/Src/main.o
LOAD Core/Src/map.o
LOAD Core/Src/sst25vf032b.o
LOAD Core/Src/stm32f7xx_hal_msp.o
LOAD Core/Src/stm32f7xx_it.o
LOAD Core/Src/syscalls.o
LOAD Core/Src/sysmem.o
LOAD Core/Src/system_stm32f7xx.o
LOAD Core/Src/xCommand.o
LOAD Core/Src/xProFIFO.o
LOAD Core/Startup/startup_stm32f722retx.o
LOAD Drivers/STM32F7xx_HAL_Driver/Src/stm32f7xx_hal.o
LOAD Drivers/STM32F7xx_HAL_Driver/Src/stm32f7xx_hal_adc.o
LOAD Drivers/STM32F7xx_HAL_Driver/Src/stm32f7xx_hal_adc_ex.o
LOAD Drivers/STM32F7xx_HAL_Driver/Src/stm32f7xx_hal_cortex.o
LOAD Drivers/STM32F7xx_HAL_Driver/Src/stm32f7xx_hal_crc.o
LOAD Drivers/STM32F7xx_HAL_Driver/Src/stm32f7xx_hal_crc_ex.o
LOAD Drivers/STM32F7xx_HAL_Driver/Src/stm32f7xx_hal_dma.o
LOAD Drivers/STM32F7xx_HAL_Driver/Src/stm32f7xx_hal_dma_ex.o
LOAD Drivers/STM32F7xx_HAL_Driver/Src/stm32f7xx_hal_exti.o
LOAD Drivers/STM32F7xx_HAL_Driver/Src/stm32f7xx_hal_flash.o
LOAD Drivers/STM32F7xx_HAL_Driver/Src/stm32f7xx_hal_flash_ex.o
LOAD Drivers/STM32F7xx_HAL_Driver/Src/stm32f7xx_hal_gpio.o
LOAD Drivers/STM32F7xx_HAL_Driver/Src/stm32f7xx_hal_i2c.o
LOAD Drivers/STM32F7xx_HAL_Driver/Src/stm32f7xx_hal_i2c_ex.o
LOAD Drivers/STM32F7xx_HAL_Driver/Src/stm32f7xx_hal_iwdg.o
LOAD Drivers/STM32F7xx_HAL_Driver/Src/stm32f7xx_hal_pwr.o
LOAD Drivers/STM32F7xx_HAL_Driver/Src/stm32f7xx_hal_pwr_ex.o
LOAD Drivers/STM32F7xx_HAL_Driver/Src/stm32f7xx_hal_rcc.o
LOAD Drivers/STM32F7xx_HAL_Driver/Src/stm32f7xx_hal_rcc_ex.o
LOAD Drivers/STM32F7xx_HAL_Driver/Src/stm32f7xx_hal_rng.o
LOAD Drivers/STM32F7xx_HAL_Driver/Src/stm32f7xx_hal_spi.o
LOAD Drivers/STM32F7xx_HAL_Driver/Src/stm32f7xx_hal_spi_ex.o
LOAD Drivers/STM32F7xx_HAL_Driver/Src/stm32f7xx_hal_tim.o
LOAD Drivers/STM32F7xx_HAL_Driver/Src/stm32f7xx_hal_tim_ex.o
LOAD Drivers/STM32F7xx_HAL_Driver/Src/stm32f7xx_hal_uart.o
LOAD Drivers/STM32F7xx_HAL_Driver/Src/stm32f7xx_hal_uart_ex.o
START GROUP
LOAD c:/st/stm32cubeide_1.3.0/stm32cubeide/plugins/com.st.stm32cube.ide.mcu.externaltools.gnu-tools-for-stm32.7-2018-q2-update.win32_1.5.0.202011040924/tools/bin/../lib/gcc/arm-none-eabi/7.3.1/../../../../arm-none-eabi/lib/thumb/v7e-m/fpv4-sp/hard\libc_nano.a
LOAD c:/st/stm32cubeide_1.3.0/stm32cubeide/plugins/com.st.stm32cube.ide.mcu.externaltools.gnu-tools-for-stm32.7-2018-q2-update.win32_1.5.0.202011040924/tools/bin/../lib/gcc/arm-none-eabi/7.3.1/../../../../arm-none-eabi/lib/thumb/v7e-m/fpv4-sp/hard\libm.a
END GROUP
START GROUP
LOAD c:/st/stm32cubeide_1.3.0/stm32cubeide/plugins/com.st.stm32cube.ide.mcu.externaltools.gnu-tools-for-stm32.7-2018-q2-update.win32_1.5.0.202011040924/tools/bin/../lib/gcc/arm-none-eabi/7.3.1/thumb/v7e-m/fpv4-sp/hard\libgcc.a
LOAD c:/st/stm32cubeide_1.3.0/stm32cubeide/plugins/com.st.stm32cube.ide.mcu.externaltools.gnu-tools-for-stm32.7-2018-q2-update.win32_1.5.0.202011040924/tools/bin/../lib/gcc/arm-none-eabi/7.3.1/../../../../arm-none-eabi/lib/thumb/v7e-m/fpv4-sp/hard\libc_nano.a
END GROUP
START GROUP
LOAD c:/st/stm32cubeide_1.3.0/stm32cubeide/plugins/com.st.stm32cube.ide.mcu.externaltools.gnu-tools-for-stm32.7-2018-q2-update.win32_1.5.0.202011040924/tools/bin/../lib/gcc/arm-none-eabi/7.3.1/thumb/v7e-m/fpv4-sp/hard\libgcc.a
LOAD c:/st/stm32cubeide_1.3.0/stm32cubeide/plugins/com.st.stm32cube.ide.mcu.externaltools.gnu-tools-for-stm32.7-2018-q2-update.win32_1.5.0.202011040924/tools/bin/../lib/gcc/arm-none-eabi/7.3.1/../../../../arm-none-eabi/lib/thumb/v7e-m/fpv4-sp/hard\libc_nano.a
LOAD c:/st/stm32cubeide_1.3.0/stm32cubeide/plugins/com.st.stm32cube.ide.mcu.externaltools.gnu-tools-for-stm32.7-2018-q2-update.win32_1.5.0.202011040924/tools/bin/../lib/gcc/arm-none-eabi/7.3.1/../../../../arm-none-eabi/lib/thumb/v7e-m/fpv4-sp/hard\libnosys.a
END GROUP
START GROUP
LOAD c:/st/stm32cubeide_1.3.0/stm32cubeide/plugins/com.st.stm32cube.ide.mcu.externaltools.gnu-tools-for-stm32.7-2018-q2-update.win32_1.5.0.202011040924/tools/bin/../lib/gcc/arm-none-eabi/7.3.1/thumb/v7e-m/fpv4-sp/hard\libgcc.a
LOAD c:/st/stm32cubeide_1.3.0/stm32cubeide/plugins/com.st.stm32cube.ide.mcu.externaltools.gnu-tools-for-stm32.7-2018-q2-update.win32_1.5.0.202011040924/tools/bin/../lib/gcc/arm-none-eabi/7.3.1/../../../../arm-none-eabi/lib/thumb/v7e-m/fpv4-sp/hard\libc_nano.a
LOAD c:/st/stm32cubeide_1.3.0/stm32cubeide/plugins/com.st.stm32cube.ide.mcu.externaltools.gnu-tools-for-stm32.7-2018-q2-update.win32_1.5.0.202011040924/tools/bin/../lib/gcc/arm-none-eabi/7.3.1/../../../../arm-none-eabi/lib/thumb/v7e-m/fpv4-sp/hard\libnosys.a
END GROUP
LOAD c:/st/stm32cubeide_1.3.0/stm32cubeide/plugins/com.st.stm32cube.ide.mcu.externaltools.gnu-tools-for-stm32.7-2018-q2-update.win32_1.5.0.202011040924/tools/bin/../lib/gcc/arm-none-eabi/7.3.1/thumb/v7e-m/fpv4-sp/hard/crtend.o
LOAD c:/st/stm32cubeide_1.3.0/stm32cubeide/plugins/com.st.stm32cube.ide.mcu.externaltools.gnu-tools-for-stm32.7-2018-q2-update.win32_1.5.0.202011040924/tools/bin/../lib/gcc/arm-none-eabi/7.3.1/thumb/v7e-m/fpv4-sp/hard/crtn.o
                0x0000000020040000                _estack = (ORIGIN (RAM) + LENGTH (RAM))
                0x0000000000000200                _Min_Heap_Size = 0x200
                0x0000000000000400                _Min_Stack_Size = 0x400

.isr_vector     0x0000000008000000      0x1e0
                0x0000000008000000                . = ALIGN (0x4)
 *(.isr_vector)
 .isr_vector    0x0000000008000000      0x1e0 Core/Startup/startup_stm32f722retx.o
                0x0000000008000000                g_pfnVectors
                0x00000000080001e0                . = ALIGN (0x4)

.text           0x00000000080001e0     0x9f38
                0x00000000080001e0                . = ALIGN (0x4)
 *(.text)
 .text          0x00000000080001e0       0x40 c:/st/stm32cubeide_1.3.0/stm32cubeide/plugins/com.st.stm32cube.ide.mcu.externaltools.gnu-tools-for-stm32.7-2018-q2-update.win32_1.5.0.202011040924/tools/bin/../lib/gcc/arm-none-eabi/7.3.1/thumb/v7e-m/fpv4-sp/hard/crtbegin.o
 .text          0x0000000008000220      0x378 c:/st/stm32cubeide_1.3.0/stm32cubeide/plugins/com.st.stm32cube.ide.mcu.externaltools.gnu-tools-for-stm32.7-2018-q2-update.win32_1.5.0.202011040924/tools/bin/../lib/gcc/arm-none-eabi/7.3.1/thumb/v7e-m/fpv4-sp/hard\libgcc.a(_arm_addsubdf3.o)
                0x0000000008000220                __aeabi_drsub
                0x0000000008000228                __aeabi_dsub
                0x0000000008000228                __subdf3
                0x000000000800022c                __aeabi_dadd
                0x000000000800022c                __adddf3
                0x00000000080004a4                __floatunsidf
                0x00000000080004a4                __aeabi_ui2d
                0x00000000080004c4                __floatsidf
                0x00000000080004c4                __aeabi_i2d
                0x00000000080004e8                __aeabi_f2d
                0x00000000080004e8                __extendsfdf2
                0x000000000800052c                __floatundidf
                0x000000000800052c                __aeabi_ul2d
                0x000000000800053c                __floatdidf
                0x000000000800053c                __aeabi_l2d
 .text          0x0000000008000598      0x424 c:/st/stm32cubeide_1.3.0/stm32cubeide/plugins/com.st.stm32cube.ide.mcu.externaltools.gnu-tools-for-stm32.7-2018-q2-update.win32_1.5.0.202011040924/tools/bin/../lib/gcc/arm-none-eabi/7.3.1/thumb/v7e-m/fpv4-sp/hard\libgcc.a(_arm_muldivdf3.o)
                0x0000000008000598                __aeabi_dmul
                0x0000000008000598                __muldf3
                0x00000000080007ec                __divdf3
                0x00000000080007ec                __aeabi_ddiv
 .text          0x00000000080009bc       0xa0 c:/st/stm32cubeide_1.3.0/stm32cubeide/plugins/com.st.stm32cube.ide.mcu.externaltools.gnu-tools-for-stm32.7-2018-q2-update.win32_1.5.0.202011040924/tools/bin/../lib/gcc/arm-none-eabi/7.3.1/thumb/v7e-m/fpv4-sp/hard\libgcc.a(_arm_truncdfsf2.o)
                0x00000000080009bc                __truncdfsf2
                0x00000000080009bc                __aeabi_d2f
 .text          0x0000000008000a5c       0x30 c:/st/stm32cubeide_1.3.0/stm32cubeide/plugins/com.st.stm32cube.ide.mcu.externaltools.gnu-tools-for-stm32.7-2018-q2-update.win32_1.5.0.202011040924/tools/bin/../lib/gcc/arm-none-eabi/7.3.1/thumb/v7e-m/fpv4-sp/hard\libgcc.a(_aeabi_uldivmod.o)
                0x0000000008000a5c                __aeabi_uldivmod
 .text          0x0000000008000a8c      0x2cc c:/st/stm32cubeide_1.3.0/stm32cubeide/plugins/com.st.stm32cube.ide.mcu.externaltools.gnu-tools-for-stm32.7-2018-q2-update.win32_1.5.0.202011040924/tools/bin/../lib/gcc/arm-none-eabi/7.3.1/thumb/v7e-m/fpv4-sp/hard\libgcc.a(_udivmoddi4.o)
                0x0000000008000a8c                __udivmoddi4
 .text          0x0000000008000d58        0x4 c:/st/stm32cubeide_1.3.0/stm32cubeide/plugins/com.st.stm32cube.ide.mcu.externaltools.gnu-tools-for-stm32.7-2018-q2-update.win32_1.5.0.202011040924/tools/bin/../lib/gcc/arm-none-eabi/7.3.1/thumb/v7e-m/fpv4-sp/hard\libgcc.a(_dvmd_tls.o)
                0x0000000008000d58                __aeabi_idiv0
                0x0000000008000d58                __aeabi_ldiv0
 *(.text*)
 .text.acis_init
                0x0000000008000d5c       0x28 Core/Src/acis.o
                0x0000000008000d5c                acis_init
 .text.acis_ignite_14
                0x0000000008000d84       0x3c Core/Src/acis.o
 .text.acis_ignite_23
                0x0000000008000dc0       0x3c Core/Src/acis.o
 .text.acis_saturate_14
                0x0000000008000dfc       0x20 Core/Src/acis.o
 .text.acis_saturate_23
                0x0000000008000e1c       0x20 Core/Src/acis.o
 .text.acis_ignite
                0x0000000008000e3c       0x28 Core/Src/acis.o
 .text.acis_saturate
                0x0000000008000e64       0x28 Core/Src/acis.o
 .text.acis_ignition_loop
                0x0000000008000e8c      0x2b4 Core/Src/acis.o
 .text.acis_hall_exti
                0x0000000008001140      0x130 Core/Src/acis.o
                0x0000000008001140                acis_hall_exti
 .text.acis_hall_loop
                0x0000000008001270       0x94 Core/Src/acis.o
 .text.CalculateIgnition
                0x0000000008001304      0x89c Core/Src/acis.o
 .text.acis_loop_irq
                0x0000000008001ba0      0x2e0 Core/Src/acis.o
                0x0000000008001ba0                acis_loop_irq
 .text.acis_loop
                0x0000000008001e80       0xe8 Core/Src/acis.o
                0x0000000008001e80                acis_loop
 .text.acis_parse_command
                0x0000000008001f68       0x88 Core/Src/acis.o
                0x0000000008001f68                acis_parse_command
 .text.acis_send_command
                0x0000000008001ff0       0x24 Core/Src/acis.o
 .text.CRC16_RegisterHardware
                0x0000000008002014       0x20 Core/Src/crc.o
                0x0000000008002014                CRC16_RegisterHardware
 .text.CRC16_Generate
                0x0000000008002034       0x38 Core/Src/crc.o
                0x0000000008002034                CRC16_Generate
 .text.CRC8_Generate
                0x000000000800206c       0x48 Core/Src/crc.o
                0x000000000800206c                CRC8_Generate
 .text.csps_exti
                0x00000000080020b4      0x510 Core/Src/csps.o
                0x00000000080020b4                csps_exti
 .text.csps_getangle14
                0x00000000080025c4      0x170 Core/Src/csps.o
                0x00000000080025c4                csps_getangle14
 .text.csps_getangle23from14
                0x0000000008002734       0x54 Core/Src/csps.o
                0x0000000008002734                csps_getangle23from14
 .text.csps_getrpm
                0x0000000008002788       0x1c Core/Src/csps.o
                0x0000000008002788                csps_getrpm
 .text.csps_getuspa
                0x00000000080027a4       0x1c Core/Src/csps.o
                0x00000000080027a4                csps_getuspa
 .text.csps_getperiod
                0x00000000080027c0       0x1c Core/Src/csps.o
                0x00000000080027c0                csps_getperiod
 .text.csps_isrotates
                0x00000000080027dc       0x18 Core/Src/csps.o
                0x00000000080027dc                csps_isrotates
 .text.csps_isfound
                0x00000000080027f4       0x18 Core/Src/csps.o
                0x00000000080027f4                csps_isfound
 .text.csps_loop
                0x000000000800280c      0x114 Core/Src/csps.o
                0x000000000800280c                csps_loop
 .text.DelayInit
                0x0000000008002920       0x98 Core/Src/delay.o
                0x0000000008002920                DelayInit
 .text.DelayDiff
                0x00000000080029b8       0x2e Core/Src/delay.o
                0x00000000080029b8                DelayDiff
 *fill*         0x00000000080029e6        0x2 
 .text.SCB_EnableICache
                0x00000000080029e8       0x40 Core/Src/main.o
 .text.SCB_EnableDCache
                0x0000000008002a28       0x80 Core/Src/main.o
 .text.HAL_GPIO_EXTI_Callback
                0x0000000008002aa8       0x40 Core/Src/main.o
                0x0000000008002aa8                HAL_GPIO_EXTI_Callback
 .text.HAL_TIM_PeriodElapsedCallback
                0x0000000008002ae8       0x58 Core/Src/main.o
                0x0000000008002ae8                HAL_TIM_PeriodElapsedCallback
 .text.HAL_UART_TxCpltCallback
                0x0000000008002b40       0x16 Core/Src/main.o
                0x0000000008002b40                HAL_UART_TxCpltCallback
 .text.HAL_UART_ErrorCallback
                0x0000000008002b56       0x16 Core/Src/main.o
                0x0000000008002b56                HAL_UART_ErrorCallback
 .text.main     0x0000000008002b6c       0x7c Core/Src/main.o
                0x0000000008002b6c                main
 .text.UpdateIWDG
                0x0000000008002be8       0x44 Core/Src/main.o
 .text.UpdateDebugger
                0x0000000008002c2c       0xb8 Core/Src/main.o
 .text.SystemClock_Config
                0x0000000008002ce4      0x130 Core/Src/main.o
                0x0000000008002ce4                SystemClock_Config
 .text.MX_ADC1_Init
                0x0000000008002e14       0xc4 Core/Src/main.o
 .text.MX_CRC_Init
                0x0000000008002ed8       0x58 Core/Src/main.o
 .text.MX_RNG_Init
                0x0000000008002f30       0x28 Core/Src/main.o
 .text.MX_SPI2_Init
                0x0000000008002f58       0x7c Core/Src/main.o
 .text.MX_TIM3_Init
                0x0000000008002fd4       0xe0 Core/Src/main.o
 .text.MX_TIM4_Init
                0x00000000080030b4       0x84 Core/Src/main.o
 .text.MX_TIM7_Init
                0x0000000008003138       0x90 Core/Src/main.o
 .text.MX_TIM8_Init
                0x00000000080031c8      0x134 Core/Src/main.o
 .text.MX_USART1_UART_Init
                0x00000000080032fc       0x70 Core/Src/main.o
 .text.MX_DMA_Init
                0x000000000800336c       0xa4 Core/Src/main.o
 .text.MX_GPIO_Init
                0x0000000008003410      0x294 Core/Src/main.o
 .text.Error_Handler
                0x00000000080036a4        0x8 Core/Src/main.o
                0x00000000080036a4                Error_Handler
 .text.map_init
                0x00000000080036ac       0x48 Core/Src/map.o
                0x00000000080036ac                map_init
 .text.map_adc_read
                0x00000000080036f4       0xc0 Core/Src/map.o
                0x00000000080036f4                map_adc_read
 .text.map_getpressure
                0x00000000080037b4       0x1c Core/Src/map.o
                0x00000000080037b4                map_getpressure
 .text.HAL_MspInit
                0x00000000080037d0       0x48 Core/Src/stm32f7xx_hal_msp.o
                0x00000000080037d0                HAL_MspInit
 .text.HAL_ADC_MspInit
                0x0000000008003818      0x100 Core/Src/stm32f7xx_hal_msp.o
                0x0000000008003818                HAL_ADC_MspInit
 .text.HAL_CRC_MspInit
                0x0000000008003918       0x40 Core/Src/stm32f7xx_hal_msp.o
                0x0000000008003918                HAL_CRC_MspInit
 .text.HAL_RNG_MspInit
                0x0000000008003958       0x40 Core/Src/stm32f7xx_hal_msp.o
                0x0000000008003958                HAL_RNG_MspInit
 .text.HAL_SPI_MspInit
                0x0000000008003998      0x160 Core/Src/stm32f7xx_hal_msp.o
                0x0000000008003998                HAL_SPI_MspInit
 .text.HAL_TIM_PWM_MspInit
                0x0000000008003af8       0x68 Core/Src/stm32f7xx_hal_msp.o
                0x0000000008003af8                HAL_TIM_PWM_MspInit
 .text.HAL_TIM_Base_MspInit
                0x0000000008003b60       0xe8 Core/Src/stm32f7xx_hal_msp.o
                0x0000000008003b60                HAL_TIM_Base_MspInit
 .text.HAL_TIM_MspPostInit
                0x0000000008003c48       0xbc Core/Src/stm32f7xx_hal_msp.o
                0x0000000008003c48                HAL_TIM_MspPostInit
 .text.HAL_UART_MspInit
                0x0000000008003d04      0x164 Core/Src/stm32f7xx_hal_msp.o
                0x0000000008003d04                HAL_UART_MspInit
 .text.NMI_Handler
                0x0000000008003e68        0x6 Core/Src/stm32f7xx_it.o
                0x0000000008003e68                NMI_Handler
 .text.HardFault_Handler
                0x0000000008003e6e        0x6 Core/Src/stm32f7xx_it.o
                0x0000000008003e6e                HardFault_Handler
 .text.MemManage_Handler
                0x0000000008003e74        0x6 Core/Src/stm32f7xx_it.o
                0x0000000008003e74                MemManage_Handler
 .text.BusFault_Handler
                0x0000000008003e7a        0x6 Core/Src/stm32f7xx_it.o
                0x0000000008003e7a                BusFault_Handler
 .text.UsageFault_Handler
                0x0000000008003e80        0x6 Core/Src/stm32f7xx_it.o
                0x0000000008003e80                UsageFault_Handler
 .text.SVC_Handler
                0x0000000008003e86        0xe Core/Src/stm32f7xx_it.o
                0x0000000008003e86                SVC_Handler
 .text.DebugMon_Handler
                0x0000000008003e94        0xe Core/Src/stm32f7xx_it.o
                0x0000000008003e94                DebugMon_Handler
 .text.PendSV_Handler
                0x0000000008003ea2        0xe Core/Src/stm32f7xx_it.o
                0x0000000008003ea2                PendSV_Handler
 .text.SysTick_Handler
                0x0000000008003eb0        0xc Core/Src/stm32f7xx_it.o
                0x0000000008003eb0                SysTick_Handler
 .text.DMA1_Stream2_IRQHandler
                0x0000000008003ebc       0x14 Core/Src/stm32f7xx_it.o
                0x0000000008003ebc                DMA1_Stream2_IRQHandler
 .text.DMA1_Stream3_IRQHandler
                0x0000000008003ed0       0x14 Core/Src/stm32f7xx_it.o
                0x0000000008003ed0                DMA1_Stream3_IRQHandler
 .text.DMA1_Stream4_IRQHandler
                0x0000000008003ee4       0x14 Core/Src/stm32f7xx_it.o
                0x0000000008003ee4                DMA1_Stream4_IRQHandler
 .text.SPI2_IRQHandler
                0x0000000008003ef8       0x14 Core/Src/stm32f7xx_it.o
                0x0000000008003ef8                SPI2_IRQHandler
 .text.USART1_IRQHandler
                0x0000000008003f0c       0x14 Core/Src/stm32f7xx_it.o
                0x0000000008003f0c                USART1_IRQHandler
 .text.EXTI15_10_IRQHandler
                0x0000000008003f20       0x28 Core/Src/stm32f7xx_it.o
                0x0000000008003f20                EXTI15_10_IRQHandler
 .text.TIM4_IRQHandler
                0x0000000008003f48       0x14 Core/Src/stm32f7xx_it.o
                0x0000000008003f48                TIM4_IRQHandler
 .text.TIM7_IRQHandler
                0x0000000008003f5c       0x14 Core/Src/stm32f7xx_it.o
                0x0000000008003f5c                TIM7_IRQHandler
 .text.DMA2_Stream0_IRQHandler
                0x0000000008003f70       0x14 Core/Src/stm32f7xx_it.o
                0x0000000008003f70                DMA2_Stream0_IRQHandler
 .text.DMA2_Stream2_IRQHandler
                0x0000000008003f84       0x14 Core/Src/stm32f7xx_it.o
                0x0000000008003f84                DMA2_Stream2_IRQHandler
 .text.DMA2_Stream7_IRQHandler
                0x0000000008003f98       0x14 Core/Src/stm32f7xx_it.o
                0x0000000008003f98                DMA2_Stream7_IRQHandler
 .text.SystemInit
                0x0000000008003fac       0x2c Core/Src/system_stm32f7xx.o
                0x0000000008003fac                SystemInit
 .text.SCB_InvalidateDCache_by_Addr
                0x0000000008003fd8       0x54 Core/Src/xCommand.o
 .text.SCB_CleanDCache_by_Addr
                0x000000000800402c       0x54 Core/Src/xCommand.o
 .text.entercritical
                0x0000000008004080        0xe Core/Src/xCommand.o
 .text.exitcritical
                0x000000000800408e        0xe Core/Src/xCommand.o
 .text.Msg_GetSrc
                0x000000000800409c       0x1c Core/Src/xCommand.o
 .text.Msg_GetDest
                0x00000000080040b8       0x20 Core/Src/xCommand.o
 .text.CacheInvalidate
                0x00000000080040d8       0x40 Core/Src/xCommand.o
 .text.CacheClean
                0x0000000008004118       0x40 Core/Src/xCommand.o
 .text.calculatePacketId
                0x0000000008004158       0x74 Core/Src/xCommand.o
 .text.packager
                0x00000000080041cc      0x200 Core/Src/xCommand.o
 .text.acker    0x00000000080043cc       0xfe Core/Src/xCommand.o
 *fill*         0x00000000080044ca        0x2 
 .text.xSender  0x00000000080044cc      0x120 Core/Src/xCommand.o
                0x00000000080044cc                xSender
 .text.parser   0x00000000080045ec      0x2cc Core/Src/xCommand.o
 .text.lookByte
                0x00000000080048b8       0x22 Core/Src/xCommand.o
 .text.countCRC8
                0x00000000080048da       0x5c Core/Src/xCommand.o
 .text.countCRC16
                0x0000000008004936       0x66 Core/Src/xCommand.o
 .text.Getter   0x000000000800499c      0x1de Core/Src/xCommand.o
 *fill*         0x0000000008004b7a        0x2 
 .text.xDmaTxIrqHandler
                0x0000000008004b7c       0xc8 Core/Src/xCommand.o
                0x0000000008004b7c                xDmaTxIrqHandler
 .text.xDmaErIrqHandler
                0x0000000008004c44       0x74 Core/Src/xCommand.o
                0x0000000008004c44                xDmaErIrqHandler
 .text.xFifosInit
                0x0000000008004cb8       0xa0 Core/Src/xCommand.o
                0x0000000008004cb8                xFifosInit
 .text.xGetterInit
                0x0000000008004d58       0x6c Core/Src/xCommand.o
                0x0000000008004d58                xGetterInit
 .text.xGetterLoop
                0x0000000008004dc4      0x268 Core/Src/xCommand.o
                0x0000000008004dc4                xGetterLoop
 .text.infoGetSize
                0x000000000800502c       0x3c Core/Src/xProFIFO.o
 .text.infoGetAvail
                0x0000000008005068       0x1e Core/Src/xProFIFO.o
 .text.infoCorrect
                0x0000000008005086       0x2e Core/Src/xProFIFO.o
 .text.infoMovePar
                0x00000000080050b4       0x24 Core/Src/xProFIFO.o
 .text.infoIsSome
                0x00000000080050d8       0x26 Core/Src/xProFIFO.o
 .text.protMovePar
                0x00000000080050fe       0x1e Core/Src/xProFIFO.o
 .text.protGetSize
                0x000000000800511c       0x20 Core/Src/xProFIFO.o
                0x000000000800511c                protGetSize
 .text.protInit
                0x000000000800513c       0x40 Core/Src/xProFIFO.o
                0x000000000800513c                protInit
 .text.interPut
                0x000000000800517c       0x34 Core/Src/xProFIFO.o
 .text.interGet
                0x00000000080051b0       0x34 Core/Src/xProFIFO.o
 .text.interLook
                0x00000000080051e4       0x36 Core/Src/xProFIFO.o
 .text.interPush
                0x000000000800521a       0x46 Core/Src/xProFIFO.o
 .text.interPull
                0x0000000008005260       0x40 Core/Src/xProFIFO.o
 .text.interPushSequence
                0x00000000080052a0       0x4e Core/Src/xProFIFO.o
 .text.protPushSequence
                0x00000000080052ee       0x22 Core/Src/xProFIFO.o
                0x00000000080052ee                protPushSequence
 .text.protPush
                0x0000000008005310       0x1e Core/Src/xProFIFO.o
                0x0000000008005310                protPush
 .text.protPull
                0x000000000800532e       0x1e Core/Src/xProFIFO.o
                0x000000000800532e                protPull
 .text.protLook
                0x000000000800534c       0x30 Core/Src/xProFIFO.o
                0x000000000800534c                protLook
 .text.protMoveRead
                0x000000000800537c       0x22 Core/Src/xProFIFO.o
                0x000000000800537c                protMoveRead
 .text.protIsSome
                0x000000000800539e       0x26 Core/Src/xProFIFO.o
                0x000000000800539e                protIsSome
 .text.Reset_Handler
                0x00000000080053c4       0x50 Core/Startup/startup_stm32f722retx.o
                0x00000000080053c4                Reset_Handler
 .text.Default_Handler
                0x0000000008005414        0x2 Core/Startup/startup_stm32f722retx.o
                0x0000000008005414                RTC_Alarm_IRQHandler
                0x0000000008005414                EXTI2_IRQHandler
                0x0000000008005414                TIM8_CC_IRQHandler
                0x0000000008005414                UART8_IRQHandler
                0x0000000008005414                SPI4_IRQHandler
                0x0000000008005414                TIM1_CC_IRQHandler
                0x0000000008005414                DMA2_Stream5_IRQHandler
                0x0000000008005414                DMA1_Stream5_IRQHandler
                0x0000000008005414                PVD_IRQHandler
                0x0000000008005414                TAMP_STAMP_IRQHandler
                0x0000000008005414                EXTI3_IRQHandler
                0x0000000008005414                TIM8_TRG_COM_TIM14_IRQHandler
                0x0000000008005414                TIM1_UP_TIM10_IRQHandler
                0x0000000008005414                TIM8_UP_TIM13_IRQHandler
                0x0000000008005414                I2C3_ER_IRQHandler
                0x0000000008005414                EXTI0_IRQHandler
                0x0000000008005414                I2C2_EV_IRQHandler
                0x0000000008005414                CAN1_RX0_IRQHandler
                0x0000000008005414                FPU_IRQHandler
                0x0000000008005414                OTG_HS_WKUP_IRQHandler
                0x0000000008005414                SPI1_IRQHandler
                0x0000000008005414                TIM6_DAC_IRQHandler
                0x0000000008005414                TIM1_BRK_TIM9_IRQHandler
                0x0000000008005414                DMA2_Stream3_IRQHandler
                0x0000000008005414                SAI2_IRQHandler
                0x0000000008005414                USART6_IRQHandler
                0x0000000008005414                USART3_IRQHandler
                0x0000000008005414                CAN1_RX1_IRQHandler
                0x0000000008005414                UART5_IRQHandler
                0x0000000008005414                QUADSPI_IRQHandler
                0x0000000008005414                I2C1_EV_IRQHandler
                0x0000000008005414                DMA1_Stream6_IRQHandler
                0x0000000008005414                DMA1_Stream1_IRQHandler
                0x0000000008005414                UART4_IRQHandler
                0x0000000008005414                TIM3_IRQHandler
                0x0000000008005414                RCC_IRQHandler
                0x0000000008005414                TIM8_BRK_TIM12_IRQHandler
                0x0000000008005414                Default_Handler
                0x0000000008005414                ADC_IRQHandler
                0x0000000008005414                DMA1_Stream7_IRQHandler
                0x0000000008005414                SPI5_IRQHandler
                0x0000000008005414                SDMMC1_IRQHandler
                0x0000000008005414                TIM5_IRQHandler
                0x0000000008005414                I2C3_EV_IRQHandler
                0x0000000008005414                EXTI9_5_IRQHandler
                0x0000000008005414                RTC_WKUP_IRQHandler
                0x0000000008005414                OTG_HS_EP1_IN_IRQHandler
                0x0000000008005414                DMA1_Stream0_IRQHandler
                0x0000000008005414                CAN1_TX_IRQHandler
                0x0000000008005414                EXTI4_IRQHandler
                0x0000000008005414                RNG_IRQHandler
                0x0000000008005414                OTG_HS_EP1_OUT_IRQHandler
                0x0000000008005414                WWDG_IRQHandler
                0x0000000008005414                TIM2_IRQHandler
                0x0000000008005414                OTG_FS_WKUP_IRQHandler
                0x0000000008005414                TIM1_TRG_COM_TIM11_IRQHandler
                0x0000000008005414                OTG_HS_IRQHandler
                0x0000000008005414                EXTI1_IRQHandler
                0x0000000008005414                SDMMC2_IRQHandler
                0x0000000008005414                UART7_IRQHandler
                0x0000000008005414                USART2_IRQHandler
                0x0000000008005414                I2C2_ER_IRQHandler
                0x0000000008005414                DMA2_Stream1_IRQHandler
                0x0000000008005414                CAN1_SCE_IRQHandler
                0x0000000008005414                FLASH_IRQHandler
                0x0000000008005414                DMA2_Stream4_IRQHandler
                0x0000000008005414                OTG_FS_IRQHandler
                0x0000000008005414                SPI3_IRQHandler
                0x0000000008005414                I2C1_ER_IRQHandler
                0x0000000008005414                FMC_IRQHandler
                0x0000000008005414                LPTIM1_IRQHandler
                0x0000000008005414                DMA2_Stream6_IRQHandler
                0x0000000008005414                SAI1_IRQHandler
 *fill*         0x0000000008005416        0x2 
 .text.HAL_Init
                0x0000000008005418       0x2c Drivers/STM32F7xx_HAL_Driver/Src/stm32f7xx_hal.o
                0x0000000008005418                HAL_Init
 .text.HAL_InitTick
                0x0000000008005444       0x60 Drivers/STM32F7xx_HAL_Driver/Src/stm32f7xx_hal.o
                0x0000000008005444                HAL_InitTick
 .text.HAL_IncTick
                0x00000000080054a4       0x28 Drivers/STM32F7xx_HAL_Driver/Src/stm32f7xx_hal.o
                0x00000000080054a4                HAL_IncTick
 .text.HAL_GetTick
                0x00000000080054cc       0x18 Drivers/STM32F7xx_HAL_Driver/Src/stm32f7xx_hal.o
                0x00000000080054cc                HAL_GetTick
 .text.HAL_ADC_Init
                0x00000000080054e4       0x88 Drivers/STM32F7xx_HAL_Driver/Src/stm32f7xx_hal_adc.o
                0x00000000080054e4                HAL_ADC_Init
 .text.HAL_ADC_ConfigChannel
                0x000000000800556c      0x294 Drivers/STM32F7xx_HAL_Driver/Src/stm32f7xx_hal_adc.o
                0x000000000800556c                HAL_ADC_ConfigChannel
 .text.ADC_Init
                0x0000000008005800      0x1f4 Drivers/STM32F7xx_HAL_Driver/Src/stm32f7xx_hal_adc.o
 .text.__NVIC_SetPriorityGrouping
                0x00000000080059f4       0x48 Drivers/STM32F7xx_HAL_Driver/Src/stm32f7xx_hal_cortex.o
 .text.__NVIC_GetPriorityGrouping
                0x0000000008005a3c       0x1c Drivers/STM32F7xx_HAL_Driver/Src/stm32f7xx_hal_cortex.o
 .text.__NVIC_EnableIRQ
                0x0000000008005a58       0x3c Drivers/STM32F7xx_HAL_Driver/Src/stm32f7xx_hal_cortex.o
 .text.__NVIC_SetPriority
                0x0000000008005a94       0x54 Drivers/STM32F7xx_HAL_Driver/Src/stm32f7xx_hal_cortex.o
 .text.NVIC_EncodePriority
                0x0000000008005ae8       0x66 Drivers/STM32F7xx_HAL_Driver/Src/stm32f7xx_hal_cortex.o
 *fill*         0x0000000008005b4e        0x2 
 .text.SysTick_Config
                0x0000000008005b50       0x44 Drivers/STM32F7xx_HAL_Driver/Src/stm32f7xx_hal_cortex.o
 .text.HAL_NVIC_SetPriorityGrouping
                0x0000000008005b94       0x16 Drivers/STM32F7xx_HAL_Driver/Src/stm32f7xx_hal_cortex.o
                0x0000000008005b94                HAL_NVIC_SetPriorityGrouping
 .text.HAL_NVIC_SetPriority
                0x0000000008005baa       0x38 Drivers/STM32F7xx_HAL_Driver/Src/stm32f7xx_hal_cortex.o
                0x0000000008005baa                HAL_NVIC_SetPriority
 .text.HAL_NVIC_EnableIRQ
                0x0000000008005be2       0x1c Drivers/STM32F7xx_HAL_Driver/Src/stm32f7xx_hal_cortex.o
                0x0000000008005be2                HAL_NVIC_EnableIRQ
 .text.HAL_SYSTICK_Config
                0x0000000008005bfe       0x18 Drivers/STM32F7xx_HAL_Driver/Src/stm32f7xx_hal_cortex.o
                0x0000000008005bfe                HAL_SYSTICK_Config
 *fill*         0x0000000008005c16        0x2 
 .text.HAL_CRC_Init
                0x0000000008005c18       0xc8 Drivers/STM32F7xx_HAL_Driver/Src/stm32f7xx_hal_crc.o
                0x0000000008005c18                HAL_CRC_Init
 .text.HAL_CRC_Calculate
                0x0000000008005ce0       0x92 Drivers/STM32F7xx_HAL_Driver/Src/stm32f7xx_hal_crc.o
                0x0000000008005ce0                HAL_CRC_Calculate
 .text.CRC_Handle_8
                0x0000000008005d72      0x11c Drivers/STM32F7xx_HAL_Driver/Src/stm32f7xx_hal_crc.o
 .text.CRC_Handle_16
                0x0000000008005e8e       0x74 Drivers/STM32F7xx_HAL_Driver/Src/stm32f7xx_hal_crc.o
 *fill*         0x0000000008005f02        0x2 
 .text.HAL_CRCEx_Polynomial_Set
                0x0000000008005f04      0x10c Drivers/STM32F7xx_HAL_Driver/Src/stm32f7xx_hal_crc_ex.o
                0x0000000008005f04                HAL_CRCEx_Polynomial_Set
 .text.HAL_DMA_Init
                0x0000000008006010      0x15c Drivers/STM32F7xx_HAL_Driver/Src/stm32f7xx_hal_dma.o
                0x0000000008006010                HAL_DMA_Init
 .text.HAL_DMA_Start_IT
                0x000000000800616c       0xc0 Drivers/STM32F7xx_HAL_Driver/Src/stm32f7xx_hal_dma.o
                0x000000000800616c                HAL_DMA_Start_IT
 .text.HAL_DMA_Abort_IT
                0x000000000800622c       0x44 Drivers/STM32F7xx_HAL_Driver/Src/stm32f7xx_hal_dma.o
                0x000000000800622c                HAL_DMA_Abort_IT
 .text.HAL_DMA_IRQHandler
                0x0000000008006270      0x314 Drivers/STM32F7xx_HAL_Driver/Src/stm32f7xx_hal_dma.o
                0x0000000008006270                HAL_DMA_IRQHandler
 .text.DMA_SetConfig
                0x0000000008006584       0x5c Drivers/STM32F7xx_HAL_Driver/Src/stm32f7xx_hal_dma.o
 .text.DMA_CalcBaseAndBitshift
                0x00000000080065e0       0x6c Drivers/STM32F7xx_HAL_Driver/Src/stm32f7xx_hal_dma.o
 .text.DMA_CheckFifoParam
                0x000000000800664c       0xf4 Drivers/STM32F7xx_HAL_Driver/Src/stm32f7xx_hal_dma.o
 .text.HAL_GPIO_Init
                0x0000000008006740      0x334 Drivers/STM32F7xx_HAL_Driver/Src/stm32f7xx_hal_gpio.o
                0x0000000008006740                HAL_GPIO_Init
 .text.HAL_GPIO_ReadPin
                0x0000000008006a74       0x30 Drivers/STM32F7xx_HAL_Driver/Src/stm32f7xx_hal_gpio.o
                0x0000000008006a74                HAL_GPIO_ReadPin
 .text.HAL_GPIO_WritePin
                0x0000000008006aa4       0x32 Drivers/STM32F7xx_HAL_Driver/Src/stm32f7xx_hal_gpio.o
                0x0000000008006aa4                HAL_GPIO_WritePin
 *fill*         0x0000000008006ad6        0x2 
 .text.HAL_GPIO_EXTI_IRQHandler
                0x0000000008006ad8       0x30 Drivers/STM32F7xx_HAL_Driver/Src/stm32f7xx_hal_gpio.o
                0x0000000008006ad8                HAL_GPIO_EXTI_IRQHandler
 .text.HAL_IWDG_Refresh
                0x0000000008006b08       0x20 Drivers/STM32F7xx_HAL_Driver/Src/stm32f7xx_hal_iwdg.o
                0x0000000008006b08                HAL_IWDG_Refresh
 .text.HAL_PWREx_EnableOverDrive
                0x0000000008006b28       0xa0 Drivers/STM32F7xx_HAL_Driver/Src/stm32f7xx_hal_pwr_ex.o
                0x0000000008006b28                HAL_PWREx_EnableOverDrive
 .text.HAL_RCC_OscConfig
                0x0000000008006bc8      0x548 Drivers/STM32F7xx_HAL_Driver/Src/stm32f7xx_hal_rcc.o
                0x0000000008006bc8                HAL_RCC_OscConfig
 .text.HAL_RCC_ClockConfig
                0x0000000008007110      0x1d8 Drivers/STM32F7xx_HAL_Driver/Src/stm32f7xx_hal_rcc.o
                0x0000000008007110                HAL_RCC_ClockConfig
 .text.HAL_RCC_GetSysClockFreq
                0x00000000080072e8      0x164 Drivers/STM32F7xx_HAL_Driver/Src/stm32f7xx_hal_rcc.o
                0x00000000080072e8                HAL_RCC_GetSysClockFreq
 .text.HAL_RCC_GetHCLKFreq
                0x000000000800744c       0x18 Drivers/STM32F7xx_HAL_Driver/Src/stm32f7xx_hal_rcc.o
                0x000000000800744c                HAL_RCC_GetHCLKFreq
 .text.HAL_RCC_GetPCLK1Freq
                0x0000000008007464       0x28 Drivers/STM32F7xx_HAL_Driver/Src/stm32f7xx_hal_rcc.o
                0x0000000008007464                HAL_RCC_GetPCLK1Freq
 .text.HAL_RCC_GetPCLK2Freq
                0x000000000800748c       0x28 Drivers/STM32F7xx_HAL_Driver/Src/stm32f7xx_hal_rcc.o
                0x000000000800748c                HAL_RCC_GetPCLK2Freq
 .text.HAL_RCCEx_PeriphCLKConfig
                0x00000000080074b4      0x690 Drivers/STM32F7xx_HAL_Driver/Src/stm32f7xx_hal_rcc_ex.o
                0x00000000080074b4                HAL_RCCEx_PeriphCLKConfig
 .text.HAL_RNG_Init
                0x0000000008007b44       0x54 Drivers/STM32F7xx_HAL_Driver/Src/stm32f7xx_hal_rng.o
                0x0000000008007b44                HAL_RNG_Init
 .text.HAL_SPI_Init
                0x0000000008007b98      0x124 Drivers/STM32F7xx_HAL_Driver/Src/stm32f7xx_hal_spi.o
                0x0000000008007b98                HAL_SPI_Init
 .text.HAL_SPI_IRQHandler
                0x0000000008007cbc      0x200 Drivers/STM32F7xx_HAL_Driver/Src/stm32f7xx_hal_spi.o
                0x0000000008007cbc                HAL_SPI_IRQHandler
 .text.HAL_SPI_ErrorCallback
                0x0000000008007ebc       0x14 Drivers/STM32F7xx_HAL_Driver/Src/stm32f7xx_hal_spi.o
                0x0000000008007ebc                HAL_SPI_ErrorCallback
 .text.SPI_DMAAbortOnError
                0x0000000008007ed0       0x2a Drivers/STM32F7xx_HAL_Driver/Src/stm32f7xx_hal_spi.o
 .text.HAL_TIM_Base_Init
                0x0000000008007efa       0x56 Drivers/STM32F7xx_HAL_Driver/Src/stm32f7xx_hal_tim.o
                0x0000000008007efa                HAL_TIM_Base_Init
 .text.HAL_TIM_Base_Start
                0x0000000008007f50       0x54 Drivers/STM32F7xx_HAL_Driver/Src/stm32f7xx_hal_tim.o
                0x0000000008007f50                HAL_TIM_Base_Start
 .text.HAL_TIM_Base_Start_IT
                0x0000000008007fa4       0x54 Drivers/STM32F7xx_HAL_Driver/Src/stm32f7xx_hal_tim.o
                0x0000000008007fa4                HAL_TIM_Base_Start_IT
 .text.HAL_TIM_PWM_Init
                0x0000000008007ff8       0x56 Drivers/STM32F7xx_HAL_Driver/Src/stm32f7xx_hal_tim.o
                0x0000000008007ff8                HAL_TIM_PWM_Init
 .text.HAL_TIM_OnePulse_Init
                0x000000000800804e       0x78 Drivers/STM32F7xx_HAL_Driver/Src/stm32f7xx_hal_tim.o
                0x000000000800804e                HAL_TIM_OnePulse_Init
 .text.HAL_TIM_OnePulse_MspInit
                0x00000000080080c6       0x14 Drivers/STM32F7xx_HAL_Driver/Src/stm32f7xx_hal_tim.o
                0x00000000080080c6                HAL_TIM_OnePulse_MspInit
 .text.HAL_TIM_IRQHandler
                0x00000000080080da      0x23e Drivers/STM32F7xx_HAL_Driver/Src/stm32f7xx_hal_tim.o
                0x00000000080080da                HAL_TIM_IRQHandler
 .text.HAL_TIM_PWM_ConfigChannel
                0x0000000008008318      0x230 Drivers/STM32F7xx_HAL_Driver/Src/stm32f7xx_hal_tim.o
                0x0000000008008318                HAL_TIM_PWM_ConfigChannel
 .text.HAL_TIM_ConfigClockSource
                0x0000000008008548      0x174 Drivers/STM32F7xx_HAL_Driver/Src/stm32f7xx_hal_tim.o
                0x0000000008008548                HAL_TIM_ConfigClockSource
 .text.HAL_TIM_OC_DelayElapsedCallback
                0x00000000080086bc       0x14 Drivers/STM32F7xx_HAL_Driver/Src/stm32f7xx_hal_tim.o
                0x00000000080086bc                HAL_TIM_OC_DelayElapsedCallback
 .text.HAL_TIM_IC_CaptureCallback
                0x00000000080086d0       0x14 Drivers/STM32F7xx_HAL_Driver/Src/stm32f7xx_hal_tim.o
                0x00000000080086d0                HAL_TIM_IC_CaptureCallback
 .text.HAL_TIM_PWM_PulseFinishedCallback
                0x00000000080086e4       0x14 Drivers/STM32F7xx_HAL_Driver/Src/stm32f7xx_hal_tim.o
                0x00000000080086e4                HAL_TIM_PWM_PulseFinishedCallback
 .text.HAL_TIM_TriggerCallback
                0x00000000080086f8       0x14 Drivers/STM32F7xx_HAL_Driver/Src/stm32f7xx_hal_tim.o
                0x00000000080086f8                HAL_TIM_TriggerCallback
 .text.TIM_Base_SetConfig
                0x000000000800870c      0x140 Drivers/STM32F7xx_HAL_Driver/Src/stm32f7xx_hal_tim.o
                0x000000000800870c                TIM_Base_SetConfig
 .text.TIM_OC1_SetConfig
                0x000000000800884c       0xe4 Drivers/STM32F7xx_HAL_Driver/Src/stm32f7xx_hal_tim.o
 .text.TIM_OC2_SetConfig
                0x0000000008008930       0xf0 Drivers/STM32F7xx_HAL_Driver/Src/stm32f7xx_hal_tim.o
                0x0000000008008930                TIM_OC2_SetConfig
 .text.TIM_OC3_SetConfig
                0x0000000008008a20       0xec Drivers/STM32F7xx_HAL_Driver/Src/stm32f7xx_hal_tim.o
 .text.TIM_OC4_SetConfig
                0x0000000008008b0c       0xb0 Drivers/STM32F7xx_HAL_Driver/Src/stm32f7xx_hal_tim.o
 .text.TIM_OC5_SetConfig
                0x0000000008008bbc       0xa4 Drivers/STM32F7xx_HAL_Driver/Src/stm32f7xx_hal_tim.o
 .text.TIM_OC6_SetConfig
                0x0000000008008c60       0xa8 Drivers/STM32F7xx_HAL_Driver/Src/stm32f7xx_hal_tim.o
 .text.TIM_TI1_ConfigInputStage
                0x0000000008008d08       0x5e Drivers/STM32F7xx_HAL_Driver/Src/stm32f7xx_hal_tim.o
 .text.TIM_TI2_ConfigInputStage
                0x0000000008008d66       0x60 Drivers/STM32F7xx_HAL_Driver/Src/stm32f7xx_hal_tim.o
 .text.TIM_ITRx_SetConfig
                0x0000000008008dc6       0x36 Drivers/STM32F7xx_HAL_Driver/Src/stm32f7xx_hal_tim.o
 .text.TIM_ETR_SetConfig
                0x0000000008008dfc       0x40 Drivers/STM32F7xx_HAL_Driver/Src/stm32f7xx_hal_tim.o
                0x0000000008008dfc                TIM_ETR_SetConfig
 .text.HAL_TIMEx_PWMN_Start
                0x0000000008008e3c       0x60 Drivers/STM32F7xx_HAL_Driver/Src/stm32f7xx_hal_tim_ex.o
                0x0000000008008e3c                HAL_TIMEx_PWMN_Start
 .text.HAL_TIMEx_MasterConfigSynchronization
                0x0000000008008e9c      0x11c Drivers/STM32F7xx_HAL_Driver/Src/stm32f7xx_hal_tim_ex.o
                0x0000000008008e9c                HAL_TIMEx_MasterConfigSynchronization
 .text.HAL_TIMEx_ConfigBreakDeadTime
                0x0000000008008fb8       0xfc Drivers/STM32F7xx_HAL_Driver/Src/stm32f7xx_hal_tim_ex.o
                0x0000000008008fb8                HAL_TIMEx_ConfigBreakDeadTime
 .text.HAL_TIMEx_CommutCallback
                0x00000000080090b4       0x14 Drivers/STM32F7xx_HAL_Driver/Src/stm32f7xx_hal_tim_ex.o
                0x00000000080090b4                HAL_TIMEx_CommutCallback
 .text.HAL_TIMEx_BreakCallback
                0x00000000080090c8       0x14 Drivers/STM32F7xx_HAL_Driver/Src/stm32f7xx_hal_tim_ex.o
                0x00000000080090c8                HAL_TIMEx_BreakCallback
 .text.HAL_TIMEx_Break2Callback
                0x00000000080090dc       0x14 Drivers/STM32F7xx_HAL_Driver/Src/stm32f7xx_hal_tim_ex.o
                0x00000000080090dc                HAL_TIMEx_Break2Callback
 .text.TIM_CCxNChannelCmd
                0x00000000080090f0       0x4a Drivers/STM32F7xx_HAL_Driver/Src/stm32f7xx_hal_tim_ex.o
 .text.HAL_UART_Init
                0x000000000800913a       0x9c Drivers/STM32F7xx_HAL_Driver/Src/stm32f7xx_hal_uart.o
                0x000000000800913a                HAL_UART_Init
 *fill*         0x00000000080091d6        0x2 
 .text.HAL_UART_Transmit_DMA
                0x00000000080091d8       0xf8 Drivers/STM32F7xx_HAL_Driver/Src/stm32f7xx_hal_uart.o
                0x00000000080091d8                HAL_UART_Transmit_DMA
 .text.HAL_UART_Receive_DMA
                0x00000000080092d0      0x108 Drivers/STM32F7xx_HAL_Driver/Src/stm32f7xx_hal_uart.o
                0x00000000080092d0                HAL_UART_Receive_DMA
 .text.HAL_UART_IRQHandler
                0x00000000080093d8      0x264 Drivers/STM32F7xx_HAL_Driver/Src/stm32f7xx_hal_uart.o
                0x00000000080093d8                HAL_UART_IRQHandler
 .text.HAL_UART_TxHalfCpltCallback
                0x000000000800963c       0x14 Drivers/STM32F7xx_HAL_Driver/Src/stm32f7xx_hal_uart.o
                0x000000000800963c                HAL_UART_TxHalfCpltCallback
 .text.HAL_UART_RxCpltCallback
                0x0000000008009650       0x14 Drivers/STM32F7xx_HAL_Driver/Src/stm32f7xx_hal_uart.o
                0x0000000008009650                HAL_UART_RxCpltCallback
 .text.HAL_UART_RxHalfCpltCallback
                0x0000000008009664       0x14 Drivers/STM32F7xx_HAL_Driver/Src/stm32f7xx_hal_uart.o
                0x0000000008009664                HAL_UART_RxHalfCpltCallback
 .text.UART_SetConfig
                0x0000000008009678      0x554 Drivers/STM32F7xx_HAL_Driver/Src/stm32f7xx_hal_uart.o
                0x0000000008009678                UART_SetConfig
 .text.UART_AdvFeatureConfig
                0x0000000008009bcc      0x144 Drivers/STM32F7xx_HAL_Driver/Src/stm32f7xx_hal_uart.o
                0x0000000008009bcc                UART_AdvFeatureConfig
 .text.UART_CheckIdleState
                0x0000000008009d10       0x5e Drivers/STM32F7xx_HAL_Driver/Src/stm32f7xx_hal_uart.o
                0x0000000008009d10                UART_CheckIdleState
 .text.UART_WaitOnFlagUntilTimeout
                0x0000000008009d6e       0xf6 Drivers/STM32F7xx_HAL_Driver/Src/stm32f7xx_hal_uart.o
                0x0000000008009d6e                UART_WaitOnFlagUntilTimeout
 .text.UART_EndTxTransfer
                0x0000000008009e64       0x2a Drivers/STM32F7xx_HAL_Driver/Src/stm32f7xx_hal_uart.o
 .text.UART_EndRxTransfer
                0x0000000008009e8e       0x40 Drivers/STM32F7xx_HAL_Driver/Src/stm32f7xx_hal_uart.o
 .text.UART_DMATransmitCplt
                0x0000000008009ece       0x50 Drivers/STM32F7xx_HAL_Driver/Src/stm32f7xx_hal_uart.o
 .text.UART_DMATxHalfCplt
                0x0000000008009f1e       0x1c Drivers/STM32F7xx_HAL_Driver/Src/stm32f7xx_hal_uart.o
 .text.UART_DMAReceiveCplt
                0x0000000008009f3a       0x64 Drivers/STM32F7xx_HAL_Driver/Src/stm32f7xx_hal_uart.o
 .text.UART_DMARxHalfCplt
                0x0000000008009f9e       0x1c Drivers/STM32F7xx_HAL_Driver/Src/stm32f7xx_hal_uart.o
 .text.UART_DMAError
                0x0000000008009fba       0x78 Drivers/STM32F7xx_HAL_Driver/Src/stm32f7xx_hal_uart.o
 .text.UART_DMAAbortOnError
                0x000000000800a032       0x2c Drivers/STM32F7xx_HAL_Driver/Src/stm32f7xx_hal_uart.o
 .text.UART_EndTransmit_IT
                0x000000000800a05e       0x32 Drivers/STM32F7xx_HAL_Driver/Src/stm32f7xx_hal_uart.o
 .text.__libc_init_array
                0x000000000800a090       0x48 c:/st/stm32cubeide_1.3.0/stm32cubeide/plugins/com.st.stm32cube.ide.mcu.externaltools.gnu-tools-for-stm32.7-2018-q2-update.win32_1.5.0.202011040924/tools/bin/../lib/gcc/arm-none-eabi/7.3.1/../../../../arm-none-eabi/lib/thumb/v7e-m/fpv4-sp/hard\libc_nano.a(lib_a-init.o)
                0x000000000800a090                __libc_init_array
 .text.memcpy   0x000000000800a0d8       0x16 c:/st/stm32cubeide_1.3.0/stm32cubeide/plugins/com.st.stm32cube.ide.mcu.externaltools.gnu-tools-for-stm32.7-2018-q2-update.win32_1.5.0.202011040924/tools/bin/../lib/gcc/arm-none-eabi/7.3.1/../../../../arm-none-eabi/lib/thumb/v7e-m/fpv4-sp/hard\libc_nano.a(lib_a-memcpy-stub.o)
                0x000000000800a0d8                memcpy
 .text.memset   0x000000000800a0ee       0x10 c:/st/stm32cubeide_1.3.0/stm32cubeide/plugins/com.st.stm32cube.ide.mcu.externaltools.gnu-tools-for-stm32.7-2018-q2-update.win32_1.5.0.202011040924/tools/bin/../lib/gcc/arm-none-eabi/7.3.1/../../../../arm-none-eabi/lib/thumb/v7e-m/fpv4-sp/hard\libc_nano.a(lib_a-memset.o)
                0x000000000800a0ee                memset
 *(.glue_7)
 .glue_7        0x000000000800a0fe        0x0 linker stubs
 *(.glue_7t)
 .glue_7t       0x000000000800a0fe        0x0 linker stubs
 *(.eh_frame)
 *fill*         0x000000000800a0fe        0x2 
 .eh_frame      0x000000000800a100        0x0 c:/st/stm32cubeide_1.3.0/stm32cubeide/plugins/com.st.stm32cube.ide.mcu.externaltools.gnu-tools-for-stm32.7-2018-q2-update.win32_1.5.0.202011040924/tools/bin/../lib/gcc/arm-none-eabi/7.3.1/thumb/v7e-m/fpv4-sp/hard/crtbegin.o
 *(.init)
 .init          0x000000000800a100        0x4 c:/st/stm32cubeide_1.3.0/stm32cubeide/plugins/com.st.stm32cube.ide.mcu.externaltools.gnu-tools-for-stm32.7-2018-q2-update.win32_1.5.0.202011040924/tools/bin/../lib/gcc/arm-none-eabi/7.3.1/thumb/v7e-m/fpv4-sp/hard/crti.o
                0x000000000800a100                _init
 .init          0x000000000800a104        0x8 c:/st/stm32cubeide_1.3.0/stm32cubeide/plugins/com.st.stm32cube.ide.mcu.externaltools.gnu-tools-for-stm32.7-2018-q2-update.win32_1.5.0.202011040924/tools/bin/../lib/gcc/arm-none-eabi/7.3.1/thumb/v7e-m/fpv4-sp/hard/crtn.o
 *(.fini)
 .fini          0x000000000800a10c        0x4 c:/st/stm32cubeide_1.3.0/stm32cubeide/plugins/com.st.stm32cube.ide.mcu.externaltools.gnu-tools-for-stm32.7-2018-q2-update.win32_1.5.0.202011040924/tools/bin/../lib/gcc/arm-none-eabi/7.3.1/thumb/v7e-m/fpv4-sp/hard/crti.o
                0x000000000800a10c                _fini
 .fini          0x000000000800a110        0x8 c:/st/stm32cubeide_1.3.0/stm32cubeide/plugins/com.st.stm32cube.ide.mcu.externaltools.gnu-tools-for-stm32.7-2018-q2-update.win32_1.5.0.202011040924/tools/bin/../lib/gcc/arm-none-eabi/7.3.1/thumb/v7e-m/fpv4-sp/hard/crtn.o
                0x000000000800a118                . = ALIGN (0x4)
                0x000000000800a118                _etext = .

.vfp11_veneer   0x000000000800a118        0x0
 .vfp11_veneer  0x000000000800a118        0x0 linker stubs

.v4_bx          0x000000000800a118        0x0
 .v4_bx         0x000000000800a118        0x0 linker stubs

.iplt           0x000000000800a118        0x0
 .iplt          0x000000000800a118        0x0 c:/st/stm32cubeide_1.3.0/stm32cubeide/plugins/com.st.stm32cube.ide.mcu.externaltools.gnu-tools-for-stm32.7-2018-q2-update.win32_1.5.0.202011040924/tools/bin/../lib/gcc/arm-none-eabi/7.3.1/thumb/v7e-m/fpv4-sp/hard/crtbegin.o

.rodata         0x000000000800a118       0x20
                0x000000000800a118                . = ALIGN (0x4)
 *(.rodata)
 *(.rodata*)
 .rodata.AHBPrescTable
                0x000000000800a118       0x10 Core/Src/system_stm32f7xx.o
                0x000000000800a118                AHBPrescTable
 .rodata.APBPrescTable
                0x000000000800a128        0x8 Core/Src/system_stm32f7xx.o
                0x000000000800a128                APBPrescTable
 .rodata.flagBitshiftOffset.8967
                0x000000000800a130        0x8 Drivers/STM32F7xx_HAL_Driver/Src/stm32f7xx_hal_dma.o
                0x000000000800a138                . = ALIGN (0x4)

.ARM.extab      0x000000000800a138        0x0
                0x000000000800a138                . = ALIGN (0x4)
 *(.ARM.extab* .gnu.linkonce.armextab.*)
                0x000000000800a138                . = ALIGN (0x4)

.ARM            0x000000000800a138        0x8
                0x000000000800a138                . = ALIGN (0x4)
                0x000000000800a138                __exidx_start = .
 *(.ARM.exidx*)
 .ARM.exidx     0x000000000800a138        0x8 c:/st/stm32cubeide_1.3.0/stm32cubeide/plugins/com.st.stm32cube.ide.mcu.externaltools.gnu-tools-for-stm32.7-2018-q2-update.win32_1.5.0.202011040924/tools/bin/../lib/gcc/arm-none-eabi/7.3.1/thumb/v7e-m/fpv4-sp/hard\libgcc.a(_udivmoddi4.o)
                0x000000000800a140                __exidx_end = .
                0x000000000800a140                . = ALIGN (0x4)

.rel.dyn        0x000000000800a140        0x0
 .rel.iplt      0x000000000800a140        0x0 c:/st/stm32cubeide_1.3.0/stm32cubeide/plugins/com.st.stm32cube.ide.mcu.externaltools.gnu-tools-for-stm32.7-2018-q2-update.win32_1.5.0.202011040924/tools/bin/../lib/gcc/arm-none-eabi/7.3.1/thumb/v7e-m/fpv4-sp/hard/crtbegin.o

.preinit_array  0x000000000800a140        0x0
                0x000000000800a140                . = ALIGN (0x4)
                0x000000000800a140                PROVIDE (__preinit_array_start = .)
 *(.preinit_array*)
                0x000000000800a140                PROVIDE (__preinit_array_end = .)
                0x000000000800a140                . = ALIGN (0x4)

.init_array     0x000000000800a140        0x4
                0x000000000800a140                . = ALIGN (0x4)
                0x000000000800a140                PROVIDE (__init_array_start = .)
 *(SORT_BY_NAME(.init_array.*))
 *(.init_array*)
 .init_array    0x000000000800a140        0x4 c:/st/stm32cubeide_1.3.0/stm32cubeide/plugins/com.st.stm32cube.ide.mcu.externaltools.gnu-tools-for-stm32.7-2018-q2-update.win32_1.5.0.202011040924/tools/bin/../lib/gcc/arm-none-eabi/7.3.1/thumb/v7e-m/fpv4-sp/hard/crtbegin.o
                0x000000000800a144                PROVIDE (__init_array_end = .)
                0x000000000800a144                . = ALIGN (0x4)

.fini_array     0x000000000800a144        0x4
                0x000000000800a144                . = ALIGN (0x4)
                [!provide]                        PROVIDE (__fini_array_start = .)
 *(SORT_BY_NAME(.fini_array.*))
 *(.fini_array*)
 .fini_array    0x000000000800a144        0x4 c:/st/stm32cubeide_1.3.0/stm32cubeide/plugins/com.st.stm32cube.ide.mcu.externaltools.gnu-tools-for-stm32.7-2018-q2-update.win32_1.5.0.202011040924/tools/bin/../lib/gcc/arm-none-eabi/7.3.1/thumb/v7e-m/fpv4-sp/hard/crtbegin.o
                [!provide]                        PROVIDE (__fini_array_end = .)
                0x000000000800a148                . = ALIGN (0x4)
                0x000000000800a148                _sidata = LOADADDR (.data)

.data           0x0000000020010000     0x1428 load address 0x000000000800a148
                0x0000000020010000                . = ALIGN (0x4)
                0x0000000020010000                _sdata = .
 *(.data)
 *(.data*)
 .data.PK_GeneralStatusResponse
                0x0000000020010000       0x14 Common/packets.o
                0x0000000020010000                PK_GeneralStatusResponse
 .data.ign_ftime
                0x0000000020010014        0x1 Core/Src/acis.o
 .data.isInitial.9815
                0x0000000020010015        0x1 Core/Src/acis.o
 *fill*         0x0000000020010016        0x2 
 .data.lastRotated.9814
                0x0000000020010018        0x4 Core/Src/acis.o
 .data.saturated.9863
                0x000000002001001c        0x2 Core/Src/acis.o
 *fill*         0x000000002001001e        0x2 
 .data.ignited.9864
                0x0000000020010020        0x2 Core/Src/acis.o
 *fill*         0x0000000020010022        0x2 
 .data.CspsDataPtr
                0x0000000020010024        0x4 Core/Src/csps.o
 .data.map_data
                0x0000000020010028        0x4 Core/Src/map.o
 .data.SystemCoreClock
                0x000000002001002c        0x4 Core/Src/system_stm32f7xx.o
                0x000000002001002c                SystemCoreClock
 .data.ReceivedAckPacket
                0x0000000020010030        0x2 Core/Src/xCommand.o
 *fill*         0x0000000020010032        0xe 
 .data.xHandles
                0x0000000020010040     0x13e0 Core/Src/xCommand.o
 .data.uwTickPrio
                0x0000000020011420        0x4 Drivers/STM32F7xx_HAL_Driver/Src/stm32f7xx_hal.o
                0x0000000020011420                uwTickPrio
 .data.uwTickFreq
                0x0000000020011424        0x1 Drivers/STM32F7xx_HAL_Driver/Src/stm32f7xx_hal.o
                0x0000000020011424                uwTickFreq
                0x0000000020011428                . = ALIGN (0x4)
 *fill*         0x0000000020011425        0x3 
                0x0000000020011428                _edata = .

.igot.plt       0x0000000020011428        0x0 load address 0x000000000800b570
 .igot.plt      0x0000000020011428        0x0 c:/st/stm32cubeide_1.3.0/stm32cubeide/plugins/com.st.stm32cube.ide.mcu.externaltools.gnu-tools-for-stm32.7-2018-q2-update.win32_1.5.0.202011040924/tools/bin/../lib/gcc/arm-none-eabi/7.3.1/thumb/v7e-m/fpv4-sp/hard/crtbegin.o
                0x0000000020011428                . = ALIGN (0x4)

.bss            0x0000000020011428     0x6d74 load address 0x000000000800b570
                0x0000000020011428                _sbss = .
                0x0000000020011428                __bss_start__ = _sbss
 *(.bss)
 .bss           0x0000000020011428       0x1c c:/st/stm32cubeide_1.3.0/stm32cubeide/plugins/com.st.stm32cube.ide.mcu.externaltools.gnu-tools-for-stm32.7-2018-q2-update.win32_1.5.0.202011040924/tools/bin/../lib/gcc/arm-none-eabi/7.3.1/thumb/v7e-m/fpv4-sp/hard/crtbegin.o
 *(.bss*)
 .bss.ign14_time
                0x0000000020011444        0x4 Core/Src/acis.o
 .bss.ign23_time
                0x0000000020011448        0x4 Core/Src/acis.o
 .bss.ign14_prev
                0x000000002001144c        0x4 Core/Src/acis.o
 .bss.ign23_prev
                0x0000000020011450        0x4 Core/Src/acis.o
 .bss.hall_prev
                0x0000000020011454        0x4 Core/Src/acis.o
 .bss.hall_angle
                0x0000000020011458        0x4 Core/Src/acis.o
 .bss.hall_error
                0x000000002001145c        0x4 Core/Src/acis.o
 .bss.hall_rotates
                0x0000000020011460        0x1 Core/Src/acis.o
 *fill*         0x0000000020011461        0x3 
 .bss.angle_ignite
                0x0000000020011464        0x4 Core/Src/acis.o
 .bss.angle_saturate
                0x0000000020011468        0x4 Core/Src/acis.o
 .bss.table_current
                0x000000002001146c        0x1 Core/Src/acis.o
 *fill*         0x000000002001146d        0x3 
 .bss.oldanglesbeforeignite.9862
                0x0000000020011470        0x8 Core/Src/acis.o
 .bss.last_error_null.9804
                0x0000000020011478        0x4 Core/Src/acis.o
 .bss.sending.9880
                0x000000002001147c        0x1 Core/Src/acis.o
 .bss.size.9882
                0x000000002001147d        0x1 Core/Src/acis.o
 .bss.destination.9881
                0x000000002001147e        0x1 Core/Src/acis.o
 *fill*         0x000000002001147f        0x1 
 .bss.handle_crc
                0x0000000020011480        0x4 Core/Src/crc.o
 .bss.cspc_irq_data
                0x0000000020011484       0x20 Core/Src/csps.o
                0x0000000020011484                cspc_irq_data
 .bss.csps_found
                0x00000000200114a4        0x1 Core/Src/csps.o
                0x00000000200114a4                csps_found
 .bss.csps_rotates
                0x00000000200114a5        0x1 Core/Src/csps.o
                0x00000000200114a5                csps_rotates
 *fill*         0x00000000200114a6        0x2 
 .bss.csps_pulse_last
                0x00000000200114a8        0x4 Core/Src/csps.o
                0x00000000200114a8                csps_pulse_last
 .bss.csps_last
                0x00000000200114ac        0x4 Core/Src/csps.o
                0x00000000200114ac                csps_last
 .bss.csps_errors
                0x00000000200114b0        0x4 Core/Src/csps.o
                0x00000000200114b0                csps_errors
 .bss.csps_rpm  0x00000000200114b4        0x4 Core/Src/csps.o
                0x00000000200114b4                csps_rpm
 .bss.csps_uspa
                0x00000000200114b8        0x4 Core/Src/csps.o
                0x00000000200114b8                csps_uspa
 .bss.csps_period
                0x00000000200114bc        0x4 Core/Src/csps.o
                0x00000000200114bc                csps_period
 .bss.avg       0x00000000200114c0        0x4 Core/Src/csps.o
                0x00000000200114c0                avg
 .bss.CspsData  0x00000000200114c4      0x200 Core/Src/csps.o
 .bss.t1.9818   0x00000000200116c4        0x4 Core/Src/csps.o
 .bss.average_prev.9816
                0x00000000200116c8        0x4 Core/Src/csps.o
 .bss.t2.9819   0x00000000200116cc        0x4 Core/Src/csps.o
 .bss.csps_angle14.9812
                0x00000000200116d0        0x4 Core/Src/csps.o
 .bss.csps_angle23.9813
                0x00000000200116d4        0x4 Core/Src/csps.o
 .bss.cs14_p.9814
                0x00000000200116d8        0x4 Core/Src/csps.o
 .bss.cs23_p.9815
                0x00000000200116dc        0x4 Core/Src/csps.o
 .bss.dataindex.9817
                0x00000000200116e0        0x1 Core/Src/csps.o
 *fill*         0x00000000200116e1        0x3 
 .bss.angle_prev.9848
                0x00000000200116e4        0x4 Core/Src/csps.o
 .bss.last_error_null.9897
                0x00000000200116e8        0x4 Core/Src/csps.o
 .bss.htim_delay
                0x00000000200116ec       0x40 Core/Src/delay.o
 .bss.ms_tim.8999
                0x000000002001172c        0x2 Core/Src/main.o
 *fill*         0x000000002001172e        0x2 
 .bss.delay_old.9013
                0x0000000020011730        0x4 Core/Src/main.o
 .bss.was_attached.9018
                0x0000000020011734        0x1 Core/Src/main.o
 .bss.map_error
                0x0000000020011735        0x1 Core/Src/map.o
 .bss.RetriesPacket
                0x0000000020011736        0x2 Core/Src/xCommand.o
 .bss.NeedAckPacket
                0x0000000020011738        0x2 Core/Src/xCommand.o
 .bss.NeededAckPacketId
                0x000000002001173a        0x2 Core/Src/xCommand.o
 .bss.LastNotAckedTime
                0x000000002001173c        0x4 Core/Src/xCommand.o
 .bss.counter.9387
                0x0000000020011740        0x2 Core/Src/xCommand.o
 *(COMMON)
 *fill*         0x0000000020011742        0x2 
 COMMON         0x0000000020011744     0x65a4 Core/Src/acis.o
                0x0000000020011744                fifoSendingQueue
                0x0000000020011758                buffSendingBuffer
                0x0000000020011858                buffSendingQueue
                0x0000000020011c58                acis_config
 COMMON         0x0000000020017ce8      0x4b0 Core/Src/main.o
                0x0000000020017ce8                hspi2
                0x0000000020017d4c                htim8
                0x0000000020017d8c                htim4
                0x0000000020017dcc                hdma_tim7_up
                0x0000000020017e2c                hiwdg
                0x0000000020017e3c                hcrc
                0x0000000020017e60                hdma_spi2_rx
                0x0000000020017ec0                htim3
                0x0000000020017f00                hdma_usart1_tx
                0x0000000020017f60                hadc1
                0x0000000020017fa8                hdma_usart1_rx
                0x0000000020018008                huart1
                0x0000000020018088                hdma_adc1
                0x00000000200180e8                hrng
                0x00000000200180f8                hdma_spi2_tx
                0x0000000020018158                htim7
 COMMON         0x0000000020018198        0x4 Drivers/STM32F7xx_HAL_Driver/Src/stm32f7xx_hal.o
                0x0000000020018198                uwTick
                0x000000002001819c                . = ALIGN (0x4)
                0x000000002001819c                _ebss = .
                0x000000002001819c                __bss_end__ = _ebss

._user_heap_stack
                0x000000002001819c      0x604 load address 0x000000000800b570
                0x00000000200181a0                . = ALIGN (0x8)
 *fill*         0x000000002001819c        0x4 
                [!provide]                        PROVIDE (end = .)
                0x00000000200181a0                PROVIDE (_end = .)
                0x00000000200183a0                . = (. + _Min_Heap_Size)
 *fill*         0x00000000200181a0      0x200 
                0x00000000200187a0                . = (. + _Min_Stack_Size)
 *fill*         0x00000000200183a0      0x400 
                0x00000000200187a0                . = ALIGN (0x8)
                0x00000000200187a0                . = ALIGN (0x4)

.itcmram        0x0000000020000000        0x0
                0x0000000020000000                . = ALIGN (0x4)
 *(.itcmram*)
                0x0000000020000000                . = ALIGN (0x4)

.ItcmRamSection
 *(.ItcmRamSection)

/DISCARD/
 libc.a(*)
 libm.a(*)
 libgcc.a(*)

.ARM.attributes
                0x0000000000000000       0x30
 *(.ARM.attributes)
 .ARM.attributes
                0x0000000000000000       0x22 c:/st/stm32cubeide_1.3.0/stm32cubeide/plugins/com.st.stm32cube.ide.mcu.externaltools.gnu-tools-for-stm32.7-2018-q2-update.win32_1.5.0.202011040924/tools/bin/../lib/gcc/arm-none-eabi/7.3.1/thumb/v7e-m/fpv4-sp/hard/crti.o
 .ARM.attributes
                0x0000000000000022       0x34 c:/st/stm32cubeide_1.3.0/stm32cubeide/plugins/com.st.stm32cube.ide.mcu.externaltools.gnu-tools-for-stm32.7-2018-q2-update.win32_1.5.0.202011040924/tools/bin/../lib/gcc/arm-none-eabi/7.3.1/thumb/v7e-m/fpv4-sp/hard/crtbegin.o
 .ARM.attributes
                0x0000000000000056       0x39 Common/packets.o
 .ARM.attributes
                0x000000000000008f       0x39 Core/Src/acis.o
 .ARM.attributes
                0x00000000000000c8       0x39 Core/Src/crc.o
 .ARM.attributes
                0x0000000000000101       0x39 Core/Src/csps.o
 .ARM.attributes
                0x000000000000013a       0x39 Core/Src/delay.o
 .ARM.attributes
                0x0000000000000173       0x39 Core/Src/main.o
 .ARM.attributes
                0x00000000000001ac       0x39 Core/Src/map.o
 .ARM.attributes
                0x00000000000001e5       0x39 Core/Src/stm32f7xx_hal_msp.o
 .ARM.attributes
                0x000000000000021e       0x39 Core/Src/stm32f7xx_it.o
 .ARM.attributes
                0x0000000000000257       0x39 Core/Src/system_stm32f7xx.o
 .ARM.attributes
                0x0000000000000290       0x39 Core/Src/xCommand.o
 .ARM.attributes
                0x00000000000002c9       0x39 Core/Src/xProFIFO.o
 .ARM.attributes
                0x0000000000000302       0x21 Core/Startup/startup_stm32f722retx.o
 .ARM.attributes
                0x0000000000000323       0x39 Drivers/STM32F7xx_HAL_Driver/Src/stm32f7xx_hal.o
 .ARM.attributes
                0x000000000000035c       0x39 Drivers/STM32F7xx_HAL_Driver/Src/stm32f7xx_hal_adc.o
 .ARM.attributes
                0x0000000000000395       0x39 Drivers/STM32F7xx_HAL_Driver/Src/stm32f7xx_hal_cortex.o
 .ARM.attributes
                0x00000000000003ce       0x39 Drivers/STM32F7xx_HAL_Driver/Src/stm32f7xx_hal_crc.o
 .ARM.attributes
                0x0000000000000407       0x39 Drivers/STM32F7xx_HAL_Driver/Src/stm32f7xx_hal_crc_ex.o
 .ARM.attributes
                0x0000000000000440       0x39 Drivers/STM32F7xx_HAL_Driver/Src/stm32f7xx_hal_dma.o
 .ARM.attributes
                0x0000000000000479       0x39 Drivers/STM32F7xx_HAL_Driver/Src/stm32f7xx_hal_gpio.o
 .ARM.attributes
                0x00000000000004b2       0x39 Drivers/STM32F7xx_HAL_Driver/Src/stm32f7xx_hal_iwdg.o
 .ARM.attributes
                0x00000000000004eb       0x39 Drivers/STM32F7xx_HAL_Driver/Src/stm32f7xx_hal_pwr_ex.o
 .ARM.attributes
                0x0000000000000524       0x39 Drivers/STM32F7xx_HAL_Driver/Src/stm32f7xx_hal_rcc.o
 .ARM.attributes
                0x000000000000055d       0x39 Drivers/STM32F7xx_HAL_Driver/Src/stm32f7xx_hal_rcc_ex.o
 .ARM.attributes
                0x0000000000000596       0x39 Drivers/STM32F7xx_HAL_Driver/Src/stm32f7xx_hal_rng.o
 .ARM.attributes
                0x00000000000005cf       0x39 Drivers/STM32F7xx_HAL_Driver/Src/stm32f7xx_hal_spi.o
 .ARM.attributes
                0x0000000000000608       0x39 Drivers/STM32F7xx_HAL_Driver/Src/stm32f7xx_hal_tim.o
 .ARM.attributes
                0x0000000000000641       0x39 Drivers/STM32F7xx_HAL_Driver/Src/stm32f7xx_hal_tim_ex.o
 .ARM.attributes
                0x000000000000067a       0x39 Drivers/STM32F7xx_HAL_Driver/Src/stm32f7xx_hal_uart.o
 .ARM.attributes
                0x00000000000006b3       0x34 c:/st/stm32cubeide_1.3.0/stm32cubeide/plugins/com.st.stm32cube.ide.mcu.externaltools.gnu-tools-for-stm32.7-2018-q2-update.win32_1.5.0.202011040924/tools/bin/../lib/gcc/arm-none-eabi/7.3.1/../../../../arm-none-eabi/lib/thumb/v7e-m/fpv4-sp/hard\libc_nano.a(lib_a-init.o)
 .ARM.attributes
                0x00000000000006e7       0x34 c:/st/stm32cubeide_1.3.0/stm32cubeide/plugins/com.st.stm32cube.ide.mcu.externaltools.gnu-tools-for-stm32.7-2018-q2-update.win32_1.5.0.202011040924/tools/bin/../lib/gcc/arm-none-eabi/7.3.1/../../../../arm-none-eabi/lib/thumb/v7e-m/fpv4-sp/hard\libc_nano.a(lib_a-memcpy-stub.o)
 .ARM.attributes
                0x000000000000071b       0x34 c:/st/stm32cubeide_1.3.0/stm32cubeide/plugins/com.st.stm32cube.ide.mcu.externaltools.gnu-tools-for-stm32.7-2018-q2-update.win32_1.5.0.202011040924/tools/bin/../lib/gcc/arm-none-eabi/7.3.1/../../../../arm-none-eabi/lib/thumb/v7e-m/fpv4-sp/hard\libc_nano.a(lib_a-memset.o)
 .ARM.attributes
                0x000000000000074f       0x22 c:/st/stm32cubeide_1.3.0/stm32cubeide/plugins/com.st.stm32cube.ide.mcu.externaltools.gnu-tools-for-stm32.7-2018-q2-update.win32_1.5.0.202011040924/tools/bin/../lib/gcc/arm-none-eabi/7.3.1/thumb/v7e-m/fpv4-sp/hard\libgcc.a(_arm_addsubdf3.o)
 .ARM.attributes
                0x0000000000000771       0x22 c:/st/stm32cubeide_1.3.0/stm32cubeide/plugins/com.st.stm32cube.ide.mcu.externaltools.gnu-tools-for-stm32.7-2018-q2-update.win32_1.5.0.202011040924/tools/bin/../lib/gcc/arm-none-eabi/7.3.1/thumb/v7e-m/fpv4-sp/hard\libgcc.a(_arm_muldivdf3.o)
 .ARM.attributes
                0x0000000000000793       0x22 c:/st/stm32cubeide_1.3.0/stm32cubeide/plugins/com.st.stm32cube.ide.mcu.externaltools.gnu-tools-for-stm32.7-2018-q2-update.win32_1.5.0.202011040924/tools/bin/../lib/gcc/arm-none-eabi/7.3.1/thumb/v7e-m/fpv4-sp/hard\libgcc.a(_arm_truncdfsf2.o)
 .ARM.attributes
                0x00000000000007b5       0x22 c:/st/stm32cubeide_1.3.0/stm32cubeide/plugins/com.st.stm32cube.ide.mcu.externaltools.gnu-tools-for-stm32.7-2018-q2-update.win32_1.5.0.202011040924/tools/bin/../lib/gcc/arm-none-eabi/7.3.1/thumb/v7e-m/fpv4-sp/hard\libgcc.a(_aeabi_uldivmod.o)
 .ARM.attributes
                0x00000000000007d7       0x34 c:/st/stm32cubeide_1.3.0/stm32cubeide/plugins/com.st.stm32cube.ide.mcu.externaltools.gnu-tools-for-stm32.7-2018-q2-update.win32_1.5.0.202011040924/tools/bin/../lib/gcc/arm-none-eabi/7.3.1/thumb/v7e-m/fpv4-sp/hard\libgcc.a(_udivmoddi4.o)
 .ARM.attributes
                0x000000000000080b       0x22 c:/st/stm32cubeide_1.3.0/stm32cubeide/plugins/com.st.stm32cube.ide.mcu.externaltools.gnu-tools-for-stm32.7-2018-q2-update.win32_1.5.0.202011040924/tools/bin/../lib/gcc/arm-none-eabi/7.3.1/thumb/v7e-m/fpv4-sp/hard\libgcc.a(_dvmd_tls.o)
 .ARM.attributes
                0x000000000000082d       0x22 c:/st/stm32cubeide_1.3.0/stm32cubeide/plugins/com.st.stm32cube.ide.mcu.externaltools.gnu-tools-for-stm32.7-2018-q2-update.win32_1.5.0.202011040924/tools/bin/../lib/gcc/arm-none-eabi/7.3.1/thumb/v7e-m/fpv4-sp/hard/crtn.o
OUTPUT(ACIS.elf elf32-littlearm)

.debug_info     0x0000000000000000    0x1904b
 .debug_info    0x0000000000000000      0x2f0 Common/packets.o
 .debug_info    0x00000000000002f0     0x1bb7 Core/Src/acis.o
 .debug_info    0x0000000000001ea7      0x3ec Core/Src/crc.o
 .debug_info    0x0000000000002293     0x105f Core/Src/csps.o
 .debug_info    0x00000000000032f2      0xa1d Core/Src/delay.o
 .debug_info    0x0000000000003d0f     0x2524 Core/Src/main.o
 .debug_info    0x0000000000006233      0x7f2 Core/Src/map.o
 .debug_info    0x0000000000006a25     0x1a0f Core/Src/stm32f7xx_hal_msp.o
 .debug_info    0x0000000000008434      0xd92 Core/Src/stm32f7xx_it.o
 .debug_info    0x00000000000091c6      0x73d Core/Src/system_stm32f7xx.o
 .debug_info    0x0000000000009903     0x1e83 Core/Src/xCommand.o
 .debug_info    0x000000000000b786      0xf65 Core/Src/xProFIFO.o
 .debug_info    0x000000000000c6eb       0x22 Core/Startup/startup_stm32f722retx.o
 .debug_info    0x000000000000c70d      0xa07 Drivers/STM32F7xx_HAL_Driver/Src/stm32f7xx_hal.o
 .debug_info    0x000000000000d114      0xc9d Drivers/STM32F7xx_HAL_Driver/Src/stm32f7xx_hal_adc.o
 .debug_info    0x000000000000ddb1     0x1002 Drivers/STM32F7xx_HAL_Driver/Src/stm32f7xx_hal_cortex.o
 .debug_info    0x000000000000edb3      0x5dc Drivers/STM32F7xx_HAL_Driver/Src/stm32f7xx_hal_crc.o
 .debug_info    0x000000000000f38f      0x426 Drivers/STM32F7xx_HAL_Driver/Src/stm32f7xx_hal_crc_ex.o
 .debug_info    0x000000000000f7b5      0x968 Drivers/STM32F7xx_HAL_Driver/Src/stm32f7xx_hal_dma.o
 .debug_info    0x000000000001011d      0x7dc Drivers/STM32F7xx_HAL_Driver/Src/stm32f7xx_hal_gpio.o
 .debug_info    0x00000000000108f9      0x2c0 Drivers/STM32F7xx_HAL_Driver/Src/stm32f7xx_hal_iwdg.o
 .debug_info    0x0000000000010bb9      0x96b Drivers/STM32F7xx_HAL_Driver/Src/stm32f7xx_hal_pwr_ex.o
 .debug_info    0x0000000000011524      0x942 Drivers/STM32F7xx_HAL_Driver/Src/stm32f7xx_hal_rcc.o
 .debug_info    0x0000000000011e66      0x79a Drivers/STM32F7xx_HAL_Driver/Src/stm32f7xx_hal_rcc_ex.o
 .debug_info    0x0000000000012600      0x552 Drivers/STM32F7xx_HAL_Driver/Src/stm32f7xx_hal_rng.o
 .debug_info    0x0000000000012b52     0x166a Drivers/STM32F7xx_HAL_Driver/Src/stm32f7xx_hal_spi.o
 .debug_info    0x00000000000141bc     0x25a2 Drivers/STM32F7xx_HAL_Driver/Src/stm32f7xx_hal_tim.o
 .debug_info    0x000000000001675e     0x121c Drivers/STM32F7xx_HAL_Driver/Src/stm32f7xx_hal_tim_ex.o
 .debug_info    0x000000000001797a     0x16d1 Drivers/STM32F7xx_HAL_Driver/Src/stm32f7xx_hal_uart.o

.debug_abbrev   0x0000000000000000     0x37dc
 .debug_abbrev  0x0000000000000000      0x12e Common/packets.o
 .debug_abbrev  0x000000000000012e      0x307 Core/Src/acis.o
 .debug_abbrev  0x0000000000000435      0x145 Core/Src/crc.o
 .debug_abbrev  0x000000000000057a      0x2e5 Core/Src/csps.o
 .debug_abbrev  0x000000000000085f      0x1d7 Core/Src/delay.o
 .debug_abbrev  0x0000000000000a36      0x2a1 Core/Src/main.o
 .debug_abbrev  0x0000000000000cd7      0x185 Core/Src/map.o
 .debug_abbrev  0x0000000000000e5c      0x212 Core/Src/stm32f7xx_hal_msp.o
 .debug_abbrev  0x000000000000106e      0x181 Core/Src/stm32f7xx_it.o
 .debug_abbrev  0x00000000000011ef      0x147 Core/Src/system_stm32f7xx.o
 .debug_abbrev  0x0000000000001336      0x34d Core/Src/xCommand.o
 .debug_abbrev  0x0000000000001683      0x27a Core/Src/xProFIFO.o
 .debug_abbrev  0x00000000000018fd       0x12 Core/Startup/startup_stm32f722retx.o
 .debug_abbrev  0x000000000000190f      0x1c7 Drivers/STM32F7xx_HAL_Driver/Src/stm32f7xx_hal.o
 .debug_abbrev  0x0000000000001ad6      0x205 Drivers/STM32F7xx_HAL_Driver/Src/stm32f7xx_hal_adc.o
 .debug_abbrev  0x0000000000001cdb      0x2fa Drivers/STM32F7xx_HAL_Driver/Src/stm32f7xx_hal_cortex.o
 .debug_abbrev  0x0000000000001fd5      0x1d1 Drivers/STM32F7xx_HAL_Driver/Src/stm32f7xx_hal_crc.o
 .debug_abbrev  0x00000000000021a6      0x165 Drivers/STM32F7xx_HAL_Driver/Src/stm32f7xx_hal_crc_ex.o
 .debug_abbrev  0x000000000000230b      0x229 Drivers/STM32F7xx_HAL_Driver/Src/stm32f7xx_hal_dma.o
 .debug_abbrev  0x0000000000002534      0x1c9 Drivers/STM32F7xx_HAL_Driver/Src/stm32f7xx_hal_gpio.o
 .debug_abbrev  0x00000000000026fd      0x147 Drivers/STM32F7xx_HAL_Driver/Src/stm32f7xx_hal_iwdg.o
 .debug_abbrev  0x0000000000002844      0x1b8 Drivers/STM32F7xx_HAL_Driver/Src/stm32f7xx_hal_pwr_ex.o
 .debug_abbrev  0x00000000000029fc      0x21a Drivers/STM32F7xx_HAL_Driver/Src/stm32f7xx_hal_rcc.o
 .debug_abbrev  0x0000000000002c16      0x18f Drivers/STM32F7xx_HAL_Driver/Src/stm32f7xx_hal_rcc_ex.o
 .debug_abbrev  0x0000000000002da5      0x1bc Drivers/STM32F7xx_HAL_Driver/Src/stm32f7xx_hal_rng.o
 .debug_abbrev  0x0000000000002f61      0x228 Drivers/STM32F7xx_HAL_Driver/Src/stm32f7xx_hal_spi.o
 .debug_abbrev  0x0000000000003189      0x230 Drivers/STM32F7xx_HAL_Driver/Src/stm32f7xx_hal_tim.o
 .debug_abbrev  0x00000000000033b9      0x21e Drivers/STM32F7xx_HAL_Driver/Src/stm32f7xx_hal_tim_ex.o
 .debug_abbrev  0x00000000000035d7      0x205 Drivers/STM32F7xx_HAL_Driver/Src/stm32f7xx_hal_uart.o

.debug_aranges  0x0000000000000000     0x1568
 .debug_aranges
                0x0000000000000000       0x20 Common/packets.o
 .debug_aranges
                0x0000000000000020       0x90 Core/Src/acis.o
 .debug_aranges
                0x00000000000000b0       0x30 Core/Src/crc.o
 .debug_aranges
                0x00000000000000e0       0x80 Core/Src/csps.o
 .debug_aranges
                0x0000000000000160       0x48 Core/Src/delay.o
 .debug_aranges
                0x00000000000001a8       0xd0 Core/Src/main.o
 .debug_aranges
                0x0000000000000278       0x38 Core/Src/map.o
 .debug_aranges
                0x00000000000002b0       0x98 Core/Src/stm32f7xx_hal_msp.o
 .debug_aranges
                0x0000000000000348       0xb8 Core/Src/stm32f7xx_it.o
 .debug_aranges
                0x0000000000000400       0x28 Core/Src/system_stm32f7xx.o
 .debug_aranges
                0x0000000000000428       0xc8 Core/Src/xCommand.o
 .debug_aranges
                0x00000000000004f0       0xd0 Core/Src/xProFIFO.o
 .debug_aranges
                0x00000000000005c0       0x28 Core/Startup/startup_stm32f722retx.o
 .debug_aranges
                0x00000000000005e8      0x100 Drivers/STM32F7xx_HAL_Driver/Src/stm32f7xx_hal.o
 .debug_aranges
                0x00000000000006e8       0xe8 Drivers/STM32F7xx_HAL_Driver/Src/stm32f7xx_hal_adc.o
 .debug_aranges
                0x00000000000007d0      0x118 Drivers/STM32F7xx_HAL_Driver/Src/stm32f7xx_hal_cortex.o
 .debug_aranges
                0x00000000000008e8       0x60 Drivers/STM32F7xx_HAL_Driver/Src/stm32f7xx_hal_crc.o
 .debug_aranges
                0x0000000000000948       0x30 Drivers/STM32F7xx_HAL_Driver/Src/stm32f7xx_hal_crc_ex.o
 .debug_aranges
                0x0000000000000978       0x90 Drivers/STM32F7xx_HAL_Driver/Src/stm32f7xx_hal_dma.o
 .debug_aranges
                0x0000000000000a08       0x58 Drivers/STM32F7xx_HAL_Driver/Src/stm32f7xx_hal_gpio.o
 .debug_aranges
                0x0000000000000a60       0x28 Drivers/STM32F7xx_HAL_Driver/Src/stm32f7xx_hal_iwdg.o
 .debug_aranges
                0x0000000000000a88       0x80 Drivers/STM32F7xx_HAL_Driver/Src/stm32f7xx_hal_pwr_ex.o
 .debug_aranges
                0x0000000000000b08       0x88 Drivers/STM32F7xx_HAL_Driver/Src/stm32f7xx_hal_rcc.o
 .debug_aranges
                0x0000000000000b90       0x50 Drivers/STM32F7xx_HAL_Driver/Src/stm32f7xx_hal_rcc_ex.o
 .debug_aranges
                0x0000000000000be0       0x88 Drivers/STM32F7xx_HAL_Driver/Src/stm32f7xx_hal_rng.o
 .debug_aranges
                0x0000000000000c68      0x1d8 Drivers/STM32F7xx_HAL_Driver/Src/stm32f7xx_hal_spi.o
 .debug_aranges
                0x0000000000000e40      0x3b8 Drivers/STM32F7xx_HAL_Driver/Src/stm32f7xx_hal_tim.o
 .debug_aranges
                0x00000000000011f8      0x160 Drivers/STM32F7xx_HAL_Driver/Src/stm32f7xx_hal_tim_ex.o
 .debug_aranges
                0x0000000000001358      0x210 Drivers/STM32F7xx_HAL_Driver/Src/stm32f7xx_hal_uart.o

.debug_ranges   0x0000000000000000     0x13b8
 .debug_ranges  0x0000000000000000       0x10 Common/packets.o
 .debug_ranges  0x0000000000000010       0x80 Core/Src/acis.o
 .debug_ranges  0x0000000000000090       0x20 Core/Src/crc.o
 .debug_ranges  0x00000000000000b0       0x70 Core/Src/csps.o
 .debug_ranges  0x0000000000000120       0x38 Core/Src/delay.o
 .debug_ranges  0x0000000000000158       0xc0 Core/Src/main.o
 .debug_ranges  0x0000000000000218       0x28 Core/Src/map.o
 .debug_ranges  0x0000000000000240       0x88 Core/Src/stm32f7xx_hal_msp.o
 .debug_ranges  0x00000000000002c8       0xa8 Core/Src/stm32f7xx_it.o
 .debug_ranges  0x0000000000000370       0x18 Core/Src/system_stm32f7xx.o
 .debug_ranges  0x0000000000000388       0xd0 Core/Src/xCommand.o
 .debug_ranges  0x0000000000000458       0xc0 Core/Src/xProFIFO.o
 .debug_ranges  0x0000000000000518       0x20 Core/Startup/startup_stm32f722retx.o
 .debug_ranges  0x0000000000000538       0xf0 Drivers/STM32F7xx_HAL_Driver/Src/stm32f7xx_hal.o
 .debug_ranges  0x0000000000000628       0xd8 Drivers/STM32F7xx_HAL_Driver/Src/stm32f7xx_hal_adc.o
 .debug_ranges  0x0000000000000700      0x108 Drivers/STM32F7xx_HAL_Driver/Src/stm32f7xx_hal_cortex.o
 .debug_ranges  0x0000000000000808       0x50 Drivers/STM32F7xx_HAL_Driver/Src/stm32f7xx_hal_crc.o
 .debug_ranges  0x0000000000000858       0x20 Drivers/STM32F7xx_HAL_Driver/Src/stm32f7xx_hal_crc_ex.o
 .debug_ranges  0x0000000000000878       0x80 Drivers/STM32F7xx_HAL_Driver/Src/stm32f7xx_hal_dma.o
 .debug_ranges  0x00000000000008f8       0x48 Drivers/STM32F7xx_HAL_Driver/Src/stm32f7xx_hal_gpio.o
 .debug_ranges  0x0000000000000940       0x18 Drivers/STM32F7xx_HAL_Driver/Src/stm32f7xx_hal_iwdg.o
 .debug_ranges  0x0000000000000958       0x70 Drivers/STM32F7xx_HAL_Driver/Src/stm32f7xx_hal_pwr_ex.o
 .debug_ranges  0x00000000000009c8       0x78 Drivers/STM32F7xx_HAL_Driver/Src/stm32f7xx_hal_rcc.o
 .debug_ranges  0x0000000000000a40       0x40 Drivers/STM32F7xx_HAL_Driver/Src/stm32f7xx_hal_rcc_ex.o
 .debug_ranges  0x0000000000000a80       0x78 Drivers/STM32F7xx_HAL_Driver/Src/stm32f7xx_hal_rng.o
 .debug_ranges  0x0000000000000af8      0x1c8 Drivers/STM32F7xx_HAL_Driver/Src/stm32f7xx_hal_spi.o
 .debug_ranges  0x0000000000000cc0      0x3a8 Drivers/STM32F7xx_HAL_Driver/Src/stm32f7xx_hal_tim.o
 .debug_ranges  0x0000000000001068      0x150 Drivers/STM32F7xx_HAL_Driver/Src/stm32f7xx_hal_tim_ex.o
 .debug_ranges  0x00000000000011b8      0x200 Drivers/STM32F7xx_HAL_Driver/Src/stm32f7xx_hal_uart.o

.debug_macro    0x0000000000000000    0x25975
 .debug_macro   0x0000000000000000      0x25c Common/packets.o
 .debug_macro   0x000000000000025c      0xa5a Common/packets.o
 .debug_macro   0x0000000000000cb6      0x2b1 Common/packets.o
 .debug_macro   0x0000000000000f67       0x2e Common/packets.o
 .debug_macro   0x0000000000000f95       0x3b Common/packets.o
 .debug_macro   0x0000000000000fd0       0x22 Common/packets.o
 .debug_macro   0x0000000000000ff2       0x8e Common/packets.o
 .debug_macro   0x0000000000001080       0x51 Common/packets.o
 .debug_macro   0x00000000000010d1       0xef Common/packets.o
 .debug_macro   0x00000000000011c0       0x6a Common/packets.o
 .debug_macro   0x000000000000122a      0x1df Common/packets.o
 .debug_macro   0x0000000000001409       0x1c Common/packets.o
 .debug_macro   0x0000000000001425       0x22 Common/packets.o
 .debug_macro   0x0000000000001447       0xdf Common/packets.o
 .debug_macro   0x0000000000001526     0x12cd Common/packets.o
 .debug_macro   0x00000000000027f3      0x11f Common/packets.o
 .debug_macro   0x0000000000002912       0x19 Common/packets.o
 .debug_macro   0x000000000000292b    0x15c60 Common/packets.o
 .debug_macro   0x000000000001858b       0x43 Common/packets.o
 .debug_macro   0x00000000000185ce     0x36b4 Common/packets.o
 .debug_macro   0x000000000001bc82      0x174 Common/packets.o
 .debug_macro   0x000000000001bdf6       0x61 Common/packets.o
 .debug_macro   0x000000000001be57     0x1588 Common/packets.o
 .debug_macro   0x000000000001d3df      0x6c4 Common/packets.o
 .debug_macro   0x000000000001daa3      0x17e Common/packets.o
 .debug_macro   0x000000000001dc21      0x117 Common/packets.o
 .debug_macro   0x000000000001dd38      0x1d8 Common/packets.o
 .debug_macro   0x000000000001df10       0x27 Common/packets.o
 .debug_macro   0x000000000001df37      0x24f Common/packets.o
 .debug_macro   0x000000000001e186       0x71 Common/packets.o
 .debug_macro   0x000000000001e1f7       0x58 Common/packets.o
 .debug_macro   0x000000000001e24f      0x236 Common/packets.o
 .debug_macro   0x000000000001e485      0x416 Common/packets.o
 .debug_macro   0x000000000001e89b      0x153 Common/packets.o
 .debug_macro   0x000000000001e9ee      0x107 Common/packets.o
 .debug_macro   0x000000000001eaf5       0xd5 Common/packets.o
 .debug_macro   0x000000000001ebca       0x4c Common/packets.o
 .debug_macro   0x000000000001ec16      0x154 Common/packets.o
 .debug_macro   0x000000000001ed6a      0x2c4 Common/packets.o
 .debug_macro   0x000000000001f02e       0x12 Common/packets.o
 .debug_macro   0x000000000001f040      0x22c Common/packets.o
 .debug_macro   0x000000000001f26c       0x61 Common/packets.o
 .debug_macro   0x000000000001f2cd       0xa5 Common/packets.o
 .debug_macro   0x000000000001f372       0x85 Common/packets.o
 .debug_macro   0x000000000001f3f7      0x12f Common/packets.o
 .debug_macro   0x000000000001f526      0x108 Common/packets.o
 .debug_macro   0x000000000001f62e       0x35 Common/packets.o
 .debug_macro   0x000000000001f663       0xa4 Common/packets.o
 .debug_macro   0x000000000001f707      0x2fe Common/packets.o
 .debug_macro   0x000000000001fa05      0xa2f Common/packets.o
 .debug_macro   0x0000000000020434       0x59 Common/packets.o
 .debug_macro   0x000000000002048d      0x53c Common/packets.o
 .debug_macro   0x00000000000209c9       0x44 Common/packets.o
 .debug_macro   0x0000000000020a0d      0x14e Common/packets.o
 .debug_macro   0x0000000000020b5b      0x1f3 Common/packets.o
 .debug_macro   0x0000000000020d4e       0x16 Common/packets.o
 .debug_macro   0x0000000000020d64      0x372 Core/Src/acis.o
 .debug_macro   0x00000000000210d6       0x22 Core/Src/acis.o
 .debug_macro   0x00000000000210f8       0x22 Core/Src/acis.o
 .debug_macro   0x000000000002111a       0x46 Core/Src/acis.o
 .debug_macro   0x0000000000021160       0x18 Core/Src/acis.o
 .debug_macro   0x0000000000021178       0x3c Core/Src/acis.o
 .debug_macro   0x00000000000211b4       0x34 Core/Src/acis.o
 .debug_macro   0x00000000000211e8       0x52 Core/Src/acis.o
 .debug_macro   0x000000000002123a       0x1f Core/Src/acis.o
 .debug_macro   0x0000000000021259       0x43 Core/Src/acis.o
 .debug_macro   0x000000000002129c       0x20 Core/Src/acis.o
 .debug_macro   0x00000000000212bc      0x1a3 Core/Src/acis.o
 .debug_macro   0x000000000002145f      0x32a Core/Src/acis.o
 .debug_macro   0x0000000000021789      0x1e1 Core/Src/acis.o
 .debug_macro   0x000000000002196a      0x250 Core/Src/crc.o
 .debug_macro   0x0000000000021bba       0x10 Core/Src/crc.o
 .debug_macro   0x0000000000021bca      0x334 Core/Src/csps.o
 .debug_macro   0x0000000000021efe       0x16 Core/Src/csps.o
 .debug_macro   0x0000000000021f14       0x35 Core/Src/csps.o
 .debug_macro   0x0000000000021f49       0x20 Core/Src/csps.o
 .debug_macro   0x0000000000021f69      0x241 Core/Src/delay.o
 .debug_macro   0x00000000000221aa      0x28e Core/Src/main.o
 .debug_macro   0x0000000000022438      0x269 Core/Src/map.o
 .debug_macro   0x00000000000226a1      0x247 Core/Src/stm32f7xx_hal_msp.o
 .debug_macro   0x00000000000228e8      0x251 Core/Src/stm32f7xx_it.o
 .debug_macro   0x0000000000022b39      0x23e Core/Src/system_stm32f7xx.o
 .debug_macro   0x0000000000022d77      0x359 Core/Src/xCommand.o
 .debug_macro   0x00000000000230d0       0x10 Core/Src/xCommand.o
 .debug_macro   0x00000000000230e0       0xd9 Core/Src/xCommand.o
 .debug_macro   0x00000000000231b9       0x5b Core/Src/xCommand.o
 .debug_macro   0x0000000000023214      0x312 Core/Src/xProFIFO.o
 .debug_macro   0x0000000000023526      0x25c Drivers/STM32F7xx_HAL_Driver/Src/stm32f7xx_hal.o
 .debug_macro   0x0000000000023782      0x239 Drivers/STM32F7xx_HAL_Driver/Src/stm32f7xx_hal_adc.o
 .debug_macro   0x00000000000239bb      0x238 Drivers/STM32F7xx_HAL_Driver/Src/stm32f7xx_hal_cortex.o
 .debug_macro   0x0000000000023bf3      0x238 Drivers/STM32F7xx_HAL_Driver/Src/stm32f7xx_hal_crc.o
 .debug_macro   0x0000000000023e2b      0x238 Drivers/STM32F7xx_HAL_Driver/Src/stm32f7xx_hal_crc_ex.o
 .debug_macro   0x0000000000024063      0x23e Drivers/STM32F7xx_HAL_Driver/Src/stm32f7xx_hal_dma.o
 .debug_macro   0x00000000000242a1      0x26e Drivers/STM32F7xx_HAL_Driver/Src/stm32f7xx_hal_gpio.o
 .debug_macro   0x000000000002450f      0x23e Drivers/STM32F7xx_HAL_Driver/Src/stm32f7xx_hal_iwdg.o
 .debug_macro   0x000000000002474d      0x250 Drivers/STM32F7xx_HAL_Driver/Src/stm32f7xx_hal_pwr_ex.o
 .debug_macro   0x000000000002499d      0x25c Drivers/STM32F7xx_HAL_Driver/Src/stm32f7xx_hal_rcc.o
 .debug_macro   0x0000000000024bf9      0x238 Drivers/STM32F7xx_HAL_Driver/Src/stm32f7xx_hal_rcc_ex.o
 .debug_macro   0x0000000000024e31      0x23e Drivers/STM32F7xx_HAL_Driver/Src/stm32f7xx_hal_rng.o
 .debug_macro   0x000000000002506f      0x240 Drivers/STM32F7xx_HAL_Driver/Src/stm32f7xx_hal_spi.o
 .debug_macro   0x00000000000252af      0x239 Drivers/STM32F7xx_HAL_Driver/Src/stm32f7xx_hal_tim.o
 .debug_macro   0x00000000000254e8      0x238 Drivers/STM32F7xx_HAL_Driver/Src/stm32f7xx_hal_tim_ex.o
 .debug_macro   0x0000000000025720      0x255 Drivers/STM32F7xx_HAL_Driver/Src/stm32f7xx_hal_uart.o

.debug_line     0x0000000000000000    0x138ee
 .debug_line    0x0000000000000000      0x7e1 Common/packets.o
 .debug_line    0x00000000000007e1      0xcaf Core/Src/acis.o
 .debug_line    0x0000000000001490      0x7cf Core/Src/crc.o
 .debug_line    0x0000000000001c5f      0xadf Core/Src/csps.o
 .debug_line    0x000000000000273e      0x814 Core/Src/delay.o
 .debug_line    0x0000000000002f52      0xb7e Core/Src/main.o
 .debug_line    0x0000000000003ad0      0x7ed Core/Src/map.o
 .debug_line    0x00000000000042bd      0x977 Core/Src/stm32f7xx_hal_msp.o
 .debug_line    0x0000000000004c34      0x91f Core/Src/stm32f7xx_it.o
 .debug_line    0x0000000000005553      0x7c7 Core/Src/system_stm32f7xx.o
 .debug_line    0x0000000000005d1a      0xe0a Core/Src/xCommand.o
 .debug_line    0x0000000000006b24      0xaab Core/Src/xProFIFO.o
 .debug_line    0x00000000000075cf       0x85 Core/Startup/startup_stm32f722retx.o
 .debug_line    0x0000000000007654      0x9d7 Drivers/STM32F7xx_HAL_Driver/Src/stm32f7xx_hal.o
 .debug_line    0x000000000000802b      0xbff Drivers/STM32F7xx_HAL_Driver/Src/stm32f7xx_hal_adc.o
 .debug_line    0x0000000000008c2a      0xad7 Drivers/STM32F7xx_HAL_Driver/Src/stm32f7xx_hal_cortex.o
 .debug_line    0x0000000000009701      0x904 Drivers/STM32F7xx_HAL_Driver/Src/stm32f7xx_hal_crc.o
 .debug_line    0x000000000000a005      0x812 Drivers/STM32F7xx_HAL_Driver/Src/stm32f7xx_hal_crc_ex.o
 .debug_line    0x000000000000a817      0xa82 Drivers/STM32F7xx_HAL_Driver/Src/stm32f7xx_hal_dma.o
 .debug_line    0x000000000000b299      0x993 Drivers/STM32F7xx_HAL_Driver/Src/stm32f7xx_hal_gpio.o
 .debug_line    0x000000000000bc2c      0x7e1 Drivers/STM32F7xx_HAL_Driver/Src/stm32f7xx_hal_iwdg.o
 .debug_line    0x000000000000c40d      0x8f7 Drivers/STM32F7xx_HAL_Driver/Src/stm32f7xx_hal_pwr_ex.o
 .debug_line    0x000000000000cd04      0xa4c Drivers/STM32F7xx_HAL_Driver/Src/stm32f7xx_hal_rcc.o
 .debug_line    0x000000000000d750      0x99f Drivers/STM32F7xx_HAL_Driver/Src/stm32f7xx_hal_rcc_ex.o
 .debug_line    0x000000000000e0ef      0x928 Drivers/STM32F7xx_HAL_Driver/Src/stm32f7xx_hal_rng.o
 .debug_line    0x000000000000ea17     0x1229 Drivers/STM32F7xx_HAL_Driver/Src/stm32f7xx_hal_spi.o
 .debug_line    0x000000000000fc40     0x1af3 Drivers/STM32F7xx_HAL_Driver/Src/stm32f7xx_hal_tim.o
 .debug_line    0x0000000000011733      0xe5e Drivers/STM32F7xx_HAL_Driver/Src/stm32f7xx_hal_tim_ex.o
 .debug_line    0x0000000000012591     0x135d Drivers/STM32F7xx_HAL_Driver/Src/stm32f7xx_hal_uart.o

.debug_str      0x0000000000000000    0xe46a5
 .debug_str     0x0000000000000000    0xdaa9b Common/packets.o